C:/Users/zafer/Aviora/Middleware/CycloneTcp/cyclone_tcp/ftp/ftp_client_misc.c:53:6:ftpClientChangeState	8	static
C:/Users/zafer/Aviora/Middleware/CycloneTcp/cyclone_tcp/ftp/ftp_client_misc.c:69:9:ftpClientSendCommand	48	static
C:/Users/zafer/Aviora/Middleware/CycloneTcp/cyclone_tcp/ftp/ftp_client_misc.c:185:9:ftpClientFormatCommand	16	static
C:/Users/zafer/Aviora/Middleware/CycloneTcp/cyclone_tcp/ftp/ftp_client_misc.c:223:9:ftpClientFormatPortCommand	24	static
C:/Users/zafer/Aviora/Middleware/CycloneTcp/cyclone_tcp/ftp/ftp_client_misc.c:300:9:ftpClientFormatPasvCommand	16	static
C:/Users/zafer/Aviora/Middleware/CycloneTcp/cyclone_tcp/ftp/ftp_client_misc.c:357:9:ftpClientParsePasvReply	24	static
C:/Users/zafer/Aviora/Middleware/CycloneTcp/cyclone_tcp/ftp/ftp_client_misc.c:443:9:ftpClientParsePwdReply	24	static
C:/Users/zafer/Aviora/Middleware/CycloneTcp/cyclone_tcp/ftp/ftp_client_misc.c:486:9:ftpClientParseDirEntry	32	static
C:/Users/zafer/Aviora/Middleware/CycloneTcp/cyclone_tcp/ftp/ftp_client_misc.c:723:9:ftpClientInitDataTransfer	32	static
C:/Users/zafer/Aviora/Middleware/CycloneTcp/cyclone_tcp/ftp/ftp_client_misc.c:1079:9:ftpClientTerminateDataTransfer	32	static
C:/Users/zafer/Aviora/Middleware/CycloneTcp/cyclone_tcp/ftp/ftp_client_misc.c:1176:9:ftpClientCheckTimeout	0	static
