C:/Users/zafer/Aviora/Middleware/CycloneTcp/cyclone_tcp/ftp/ftp_server_commands.c:303:6:ftpServerProcessNoop	0	static
C:/Users/zafer/Aviora/Middleware/CycloneTcp/cyclone_tcp/ftp/ftp_server_commands.c:320:6:ftpServerProcessSyst	0	static
C:/Users/zafer/Aviora/Middleware/CycloneTcp/cyclone_tcp/ftp/ftp_server_commands.c:337:6:ftpServerProcessFeat	8	static
C:/Users/zafer/Aviora/Middleware/CycloneTcp/cyclone_tcp/ftp/ftp_server_commands.c:382:6:ftpServerProcessAuth	0	static
C:/Users/zafer/Aviora/Middleware/CycloneTcp/cyclone_tcp/ftp/ftp_server_commands.c:444:6:ftpServerProcessPbsz	0	static
C:/Users/zafer/Aviora/Middleware/CycloneTcp/cyclone_tcp/ftp/ftp_server_commands.c:486:6:ftpServerProcessProt	0	static
C:/Users/zafer/Aviora/Middleware/CycloneTcp/cyclone_tcp/ftp/ftp_server_commands.c:540:6:ftpServerProcessType	16	static
C:/Users/zafer/Aviora/Middleware/CycloneTcp/cyclone_tcp/ftp/ftp_server_commands.c:581:6:ftpServerProcessStru	8	static
C:/Users/zafer/Aviora/Middleware/CycloneTcp/cyclone_tcp/ftp/ftp_server_commands.c:616:6:ftpServerProcessMode	8	static
C:/Users/zafer/Aviora/Middleware/CycloneTcp/cyclone_tcp/ftp/ftp_server_commands.c:651:6:ftpServerProcessUser	24	static
C:/Users/zafer/Aviora/Middleware/CycloneTcp/cyclone_tcp/ftp/ftp_server_commands.c:751:6:ftpServerProcessPass	16	static
C:/Users/zafer/Aviora/Middleware/CycloneTcp/cyclone_tcp/ftp/ftp_server_commands.c:819:6:ftpServerProcessRein	8	static
C:/Users/zafer/Aviora/Middleware/CycloneTcp/cyclone_tcp/ftp/ftp_server_commands.c:854:6:ftpServerProcessQuit	16	static
C:/Users/zafer/Aviora/Middleware/CycloneTcp/cyclone_tcp/ftp/ftp_server_commands.c:909:6:ftpServerProcessPort	24	static
C:/Users/zafer/Aviora/Middleware/CycloneTcp/cyclone_tcp/ftp/ftp_server_commands.c:1030:6:ftpServerProcessEprt	32	static
C:/Users/zafer/Aviora/Middleware/CycloneTcp/cyclone_tcp/ftp/ftp_server_commands.c:1178:6:ftpServerProcessPasv	32	static
C:/Users/zafer/Aviora/Middleware/CycloneTcp/cyclone_tcp/ftp/ftp_server_commands.c:1345:6:ftpServerProcessEpsv	16	static
C:/Users/zafer/Aviora/Middleware/CycloneTcp/cyclone_tcp/ftp/ftp_server_commands.c:1460:6:ftpServerProcessAbor	16	static
C:/Users/zafer/Aviora/Middleware/CycloneTcp/cyclone_tcp/ftp/ftp_server_commands.c:1513:6:ftpServerProcessPwd	8	static
C:/Users/zafer/Aviora/Middleware/CycloneTcp/cyclone_tcp/ftp/ftp_server_commands.c:1540:6:ftpServerProcessCwd	16	static
C:/Users/zafer/Aviora/Middleware/CycloneTcp/cyclone_tcp/ftp/ftp_server_commands.c:1615:6:ftpServerProcessCdup	24	static
C:/Users/zafer/Aviora/Middleware/CycloneTcp/cyclone_tcp/ftp/ftp_server_commands.c:1660:6:ftpServerProcessList	16	static
C:/Users/zafer/Aviora/Middleware/CycloneTcp/cyclone_tcp/ftp/ftp_server_commands.c:1784:6:ftpServerProcessNlst	16	static
C:/Users/zafer/Aviora/Middleware/CycloneTcp/cyclone_tcp/ftp/ftp_server_commands.c:1909:6:ftpServerProcessMkd	16	static
C:/Users/zafer/Aviora/Middleware/CycloneTcp/cyclone_tcp/ftp/ftp_server_commands.c:1985:6:ftpServerProcessRmd	16	static
C:/Users/zafer/Aviora/Middleware/CycloneTcp/cyclone_tcp/ftp/ftp_server_commands.c:2059:6:ftpServerProcessSize	24	static
C:/Users/zafer/Aviora/Middleware/CycloneTcp/cyclone_tcp/ftp/ftp_server_commands.c:2134:6:ftpServerProcessRetr	16	static
C:/Users/zafer/Aviora/Middleware/CycloneTcp/cyclone_tcp/ftp/ftp_server_commands.c:2242:6:ftpServerProcessStor	16	static
C:/Users/zafer/Aviora/Middleware/CycloneTcp/cyclone_tcp/ftp/ftp_server_commands.c:2351:6:ftpServerProcessAppe	24	static
C:/Users/zafer/Aviora/Middleware/CycloneTcp/cyclone_tcp/ftp/ftp_server_commands.c:2475:6:ftpServerProcessRnfr	16	static
C:/Users/zafer/Aviora/Middleware/CycloneTcp/cyclone_tcp/ftp/ftp_server_commands.c:2549:6:ftpServerProcessRnto	272	static
C:/Users/zafer/Aviora/Middleware/CycloneTcp/cyclone_tcp/ftp/ftp_server_commands.c:2648:6:ftpServerProcessDele	16	static
C:/Users/zafer/Aviora/Middleware/CycloneTcp/cyclone_tcp/ftp/ftp_server_commands.c:2719:6:ftpServerProcessUnknownCmd	8	static
C:/Users/zafer/Aviora/Middleware/CycloneTcp/cyclone_tcp/ftp/ftp_server_commands.c:54:6:ftpServerProcessCommand	24	static
