C:/Users/zafer/Aviora/Middleware/CycloneTcp/cyclone_tcp/ftp/ftp_server.c:395:6:ftpServerTask	32	static
C:/Users/zafer/Aviora/Middleware/CycloneTcp/cyclone_tcp/ftp/ftp_server.c:60:6:ftpServerGetDefaultSettings	16	static
C:/Users/zafer/Aviora/Middleware/CycloneTcp/cyclone_tcp/ftp/ftp_server.c:210:9:ftpServerStart	16	static
C:/Users/zafer/Aviora/Middleware/CycloneTcp/cyclone_tcp/ftp/ftp_server.c:319:9:ftpServerStop	16	static
C:/Users/zafer/Aviora/Middleware/CycloneTcp/cyclone_tcp/ftp/ftp_server.c:368:9:ftpServerSetHomeDir	16	static
C:/Users/zafer/Aviora/Middleware/CycloneTcp/cyclone_tcp/ftp/ftp_server.c:539:6:ftpServerDeinit	8	static
C:/Users/zafer/Aviora/Middleware/CycloneTcp/cyclone_tcp/ftp/ftp_server.c:120:9:ftpServerInit	16	static
