C:/Users/zafer/Aviora/Application/AppZMeterGw/Services/Network/Interfaces/Linux/AppLinuxEthMng.c:60:13:linuxEthConnManagerTask	8	static
C:/Users/zafer/Aviora/Application/AppZMeterGw/Services/Network/Interfaces/Linux/AppLinuxEthMng.c:44:13:linuxEthPeriodicInfoCb	56	static
C:/Users/zafer/Aviora/Application/AppZMeterGw/Services/Network/Interfaces/Linux/AppLinuxEthMng.c:107:15:appLinuxEthMngStart	40	static
C:/Users/zafer/Aviora/Application/AppZMeterGw/Services/Network/Interfaces/Linux/AppLinuxEthMng.c:149:15:appLinuxEthMngClose	0	static
C:/Users/zafer/Aviora/Application/AppZMeterGw/Services/Network/Interfaces/Linux/AppLinuxEthMng.c:155:15:appLinuxEthMngReconnect	0	static
C:/Users/zafer/Aviora/Application/AppZMeterGw/Services/Network/Interfaces/Linux/AppLinuxEthMng.c:161:6:appLinuxEthMngIsNetworkReady	0	static
