C:/Users/zafer/Aviora/Middleware/MiddZModem/src/MiddSerialComm.c:170:6:tcb	0	static
C:/Users/zafer/Aviora/Middleware/MiddZModem/src/MiddSerialComm.c:49:6:cbLine	24	static
C:/Users/zafer/Aviora/Middleware/MiddZModem/src/MiddSerialComm.c:101:6:cbLine_2	0	static
C:/Users/zafer/Aviora/Middleware/MiddZModem/src/MiddSerialComm.c:196:21:getLineInstance	0	static
C:/Users/zafer/Aviora/Middleware/MiddZModem/src/MiddSerialComm.c:233:15:middSerialCommInit	0	static
C:/Users/zafer/Aviora/Middleware/MiddZModem/src/MiddSerialComm.c:244:15:middSerialCommListener	32	static
C:/Users/zafer/Aviora/Middleware/MiddZModem/src/MiddSerialComm.c:360:15:middSerialCommSendData	8	static
C:/Users/zafer/Aviora/Middleware/MiddZModem/src/MiddSerialComm.c:404:5:middSerialCommRcvData	40	static
C:/Users/zafer/Aviora/Middleware/MiddZModem/src/MiddSerialComm.c:521:6:middSerialCommClearBuffer	0	static
C:/Users/zafer/Aviora/Middleware/MiddZModem/src/MiddSerialComm.c:528:15:middSerialCommRcvDMA	0	static
C:/Users/zafer/Aviora/Middleware/MiddZModem/src/MiddSerialComm.c:537:15:middSerialCommSendDMA	8	static
