C:/Users/zafer/Aviora/Middleware/MiddZModem/src/MiddDigitalIOControl.c:29:6:cbGpioExtInt	0	static
C:/Users/zafer/Aviora/Middleware/MiddZModem/src/MiddDigitalIOControl.c:59:15:middIOInit	0	static
C:/Users/zafer/Aviora/Middleware/MiddZModem/src/MiddDigitalIOControl.c:87:15:middIOIntListen	0	static
C:/Users/zafer/Aviora/Middleware/MiddZModem/src/MiddDigitalIOControl.c:100:15:middIOIntStopListen	0	static
C:/Users/zafer/Aviora/Middleware/MiddZModem/src/MiddDigitalIOControl.c:121:15:middIOWrite	0	static
C:/Users/zafer/Aviora/Middleware/MiddZModem/src/MiddDigitalIOControl.c:150:6:middIORead	8	static
C:/Users/zafer/Aviora/Middleware/MiddZModem/src/MiddDigitalIOControl.c:171:15:middIOCtrlToggleLed	0	static
