C:/Users/zafer/Aviora/Application/AppZMeterGw/Services/Logger/AppLogRecorder.c:52:13:getCurrentDate_	64	static
C:/Users/zafer/Aviora/Application/AppZMeterGw/Services/Logger/AppLogRecorder.c:60:13:getCurrentTime	64	static
C:/Users/zafer/Aviora/Application/AppZMeterGw/Services/Logger/AppLogRecorder.c:69:22:openNewLogFile	104	static
C:/Users/zafer/Aviora/Application/AppZMeterGw/Services/Logger/AppLogRecorder.c:102:13:loggerWriterTask	384	static
C:/Users/zafer/Aviora/Application/AppZMeterGw/Services/Logger/AppLogRecorder.c:165:15:appLogRecInit	16	static
C:/Users/zafer/Aviora/Application/AppZMeterGw/Services/Logger/AppLogRecorder.c:180:15:appLogRecRegister	48	static
C:/Users/zafer/Aviora/Application/AppZMeterGw/Services/Logger/AppLogRecorder.c:238:15:appLogRecUnregister	24	static
C:/Users/zafer/Aviora/Application/AppZMeterGw/Services/Logger/AppLogRecorder.c:261:15:appLogRec	152	static
C:/Users/zafer/Aviora/Application/AppZMeterGw/Services/Logger/AppLogRecorder.c:286:5:appLogRecRead	40	static
C:/Users/zafer/Aviora/Application/AppZMeterGw/Services/Logger/AppLogRecorder.c:304:5:appLogRecGetLoggerID	24	static
