C:/Users/zafer/Aviora/Middleware/CycloneTcp/cyclone_tcp/mqtt/mqtt_client.c:52:9:mqttClientInit	8	static
C:/Users/zafer/Aviora/Middleware/CycloneTcp/cyclone_tcp/mqtt/mqtt_client.c:102:6:mqttClientInitCallbacks	0	static
C:/Users/zafer/Aviora/Middleware/CycloneTcp/cyclone_tcp/mqtt/mqtt_client.c:116:9:mqttClientRegisterCallbacks	12	static
C:/Users/zafer/Aviora/Middleware/CycloneTcp/cyclone_tcp/mqtt/mqtt_client.c:138:9:mqttClientSetVersion	0	static
C:/Users/zafer/Aviora/Middleware/CycloneTcp/cyclone_tcp/mqtt/mqtt_client.c:160:9:mqttClientSetTransportProtocol	0	static
C:/Users/zafer/Aviora/Middleware/CycloneTcp/cyclone_tcp/mqtt/mqtt_client.c:209:9:mqttClientRegisterPublishCallback	0	static
C:/Users/zafer/Aviora/Middleware/CycloneTcp/cyclone_tcp/mqtt/mqtt_client.c:231:9:mqttClientSetTimeout	0	static
C:/Users/zafer/Aviora/Middleware/CycloneTcp/cyclone_tcp/mqtt/mqtt_client.c:254:9:mqttClientSetKeepAlive	0	static
C:/Users/zafer/Aviora/Middleware/CycloneTcp/cyclone_tcp/mqtt/mqtt_client.c:275:9:mqttClientSetHost	8	static
C:/Users/zafer/Aviora/Middleware/CycloneTcp/cyclone_tcp/mqtt/mqtt_client.c:302:9:mqttClientSetUri	8	static
C:/Users/zafer/Aviora/Middleware/CycloneTcp/cyclone_tcp/mqtt/mqtt_client.c:329:9:mqttClientSetIdentifier	16	static
C:/Users/zafer/Aviora/Middleware/CycloneTcp/cyclone_tcp/mqtt/mqtt_client.c:356:9:mqttClientSetAuthInfo	16	static
C:/Users/zafer/Aviora/Middleware/CycloneTcp/cyclone_tcp/mqtt/mqtt_client.c:392:9:mqttClientSetWillMessage	24	static
C:/Users/zafer/Aviora/Middleware/CycloneTcp/cyclone_tcp/mqtt/mqtt_client.c:445:9:mqttClientBindToInterface	0	static
C:/Users/zafer/Aviora/Middleware/CycloneTcp/cyclone_tcp/mqtt/mqtt_client.c:471:9:mqttClientConnect	32	static
C:/Users/zafer/Aviora/Middleware/CycloneTcp/cyclone_tcp/mqtt/mqtt_client.c:609:9:mqttClientPublish	40	static
C:/Users/zafer/Aviora/Middleware/CycloneTcp/cyclone_tcp/mqtt/mqtt_client.c:737:9:mqttClientSubscribe	24	static
C:/Users/zafer/Aviora/Middleware/CycloneTcp/cyclone_tcp/mqtt/mqtt_client.c:850:9:mqttClientUnsubscribe	16	static
C:/Users/zafer/Aviora/Middleware/CycloneTcp/cyclone_tcp/mqtt/mqtt_client.c:962:9:mqttClientPing	16	static
C:/Users/zafer/Aviora/Middleware/CycloneTcp/cyclone_tcp/mqtt/mqtt_client.c:1076:9:mqttClientTask	8	static
C:/Users/zafer/Aviora/Middleware/CycloneTcp/cyclone_tcp/mqtt/mqtt_client.c:1105:9:mqttClientDisconnect	16	static
C:/Users/zafer/Aviora/Middleware/CycloneTcp/cyclone_tcp/mqtt/mqtt_client.c:1208:9:mqttClientClose	8	static
C:/Users/zafer/Aviora/Middleware/CycloneTcp/cyclone_tcp/mqtt/mqtt_client.c:1229:6:mqttClientDeinit	8	static
