C:/Users/zafer/Aviora/Middleware/MiddComm/Midd_OS/src/Midd_OSPort_FreeRTOS.c:54:6:zosInitKernel	0	static
C:/Users/zafer/Aviora/Middleware/MiddComm/Midd_OS/src/Midd_OSPort_FreeRTOS.c:63:6:zosStartKernel	0	static
C:/Users/zafer/Aviora/Middleware/MiddComm/Midd_OS/src/Midd_OSPort_FreeRTOS.c:79:10:zosCreateTask	40	static
C:/Users/zafer/Aviora/Middleware/MiddComm/Midd_OS/src/Midd_OSPort_FreeRTOS.c:118:6:zosGetTaskInfo	0	static
C:/Users/zafer/Aviora/Middleware/MiddComm/Midd_OS/src/Midd_OSPort_FreeRTOS.c:133:6:zosDeleteTask	0	static
C:/Users/zafer/Aviora/Middleware/MiddComm/Midd_OS/src/Midd_OSPort_FreeRTOS.c:145:6:zosDelayTask	0	static
C:/Users/zafer/Aviora/Middleware/MiddComm/Midd_OS/src/Midd_OSPort_FreeRTOS.c:156:6:zosSwitchTask	0	static,ignoring_inline_asm
C:/Users/zafer/Aviora/Middleware/MiddComm/Midd_OS/src/Midd_OSPort_FreeRTOS.c:167:6:zosSuspendAllTasks	8	static
C:/Users/zafer/Aviora/Middleware/MiddComm/Midd_OS/src/Midd_OSPort_FreeRTOS.c:182:6:zosResumeAllTasks	8	static
C:/Users/zafer/Aviora/Middleware/MiddComm/Midd_OS/src/Midd_OSPort_FreeRTOS.c:200:8:zosCreateEvent	16	static
C:/Users/zafer/Aviora/Middleware/MiddComm/Midd_OS/src/Midd_OSPort_FreeRTOS.c:227:6:zosDeleteEvent	0	static
C:/Users/zafer/Aviora/Middleware/MiddComm/Midd_OS/src/Midd_OSPort_FreeRTOS.c:243:6:zosSetEvent	0	static
C:/Users/zafer/Aviora/Middleware/MiddComm/Midd_OS/src/Midd_OSPort_FreeRTOS.c:255:6:zosResetEvent	0	static
C:/Users/zafer/Aviora/Middleware/MiddComm/Midd_OS/src/Midd_OSPort_FreeRTOS.c:270:8:zosWaitForEvent	0	static
C:/Users/zafer/Aviora/Middleware/MiddComm/Midd_OS/src/Midd_OSPort_FreeRTOS.c:299:8:zosSetEventFromIsr	16	static
C:/Users/zafer/Aviora/Middleware/MiddComm/Midd_OS/src/Midd_OSPort_FreeRTOS.c:320:8:zosCreateSemaphore	8	static
C:/Users/zafer/Aviora/Middleware/MiddComm/Midd_OS/src/Midd_OSPort_FreeRTOS.c:348:6:zosDeleteSemaphore	0	static
C:/Users/zafer/Aviora/Middleware/MiddComm/Midd_OS/src/Midd_OSPort_FreeRTOS.c:367:8:zosWaitForSemaphore	0	static
C:/Users/zafer/Aviora/Middleware/MiddComm/Midd_OS/src/Midd_OSPort_FreeRTOS.c:393:6:zosReleaseSemaphore	0	static
C:/Users/zafer/Aviora/Middleware/MiddComm/Midd_OS/src/Midd_OSPort_FreeRTOS.c:407:8:zosCreateMutex	8	static
C:/Users/zafer/Aviora/Middleware/MiddComm/Midd_OS/src/Midd_OSPort_FreeRTOS.c:434:6:zosDeleteMutex	0	static
C:/Users/zafer/Aviora/Middleware/MiddComm/Midd_OS/src/Midd_OSPort_FreeRTOS.c:450:6:zosAcquireMutex	0	static
C:/Users/zafer/Aviora/Middleware/MiddComm/Midd_OS/src/Midd_OSPort_FreeRTOS.c:462:6:zosReleaseMutex	0	static
C:/Users/zafer/Aviora/Middleware/MiddComm/Midd_OS/src/Midd_OSPort_FreeRTOS.c:474:11:zosGetSystemTime	0	static
C:/Users/zafer/Aviora/Middleware/MiddComm/Midd_OS/src/Midd_OSPort_FreeRTOS.c:493:7:zosAllocMem	0	static
C:/Users/zafer/Aviora/Middleware/MiddComm/Midd_OS/src/Midd_OSPort_FreeRTOS.c:510:6:zosFreeMem	0	static
C:/Users/zafer/Aviora/Middleware/MiddComm/Midd_OS/src/Midd_OSPort_FreeRTOS.c:521:9:zosMsgQueueCreate	0	static
C:/Users/zafer/Aviora/Middleware/MiddComm/Midd_OS/src/Midd_OSPort_FreeRTOS.c:535:5:zosMsgQueueSend	8	static
C:/Users/zafer/Aviora/Middleware/MiddComm/Midd_OS/src/Midd_OSPort_FreeRTOS.c:553:5:zosMsgQueueReceive	8	static
C:/Users/zafer/Aviora/Middleware/MiddComm/Midd_OS/src/Midd_OSPort_FreeRTOS.c:571:5:zosMsgQueueClose	8	static
C:/Users/zafer/Aviora/Middleware/MiddComm/Midd_OS/src/Midd_OSPort_FreeRTOS.c:582:6:zosSuspendTask	0	static
C:/Users/zafer/Aviora/Middleware/MiddComm/Midd_OS/src/Midd_OSPort_FreeRTOS.c:587:6:zosResumeTask	0	static
C:/Users/zafer/Aviora/Middleware/MiddComm/Midd_OS/src/Midd_OSPort_FreeRTOS.c:605:6:vApplicationGetIdleTaskMemory	0	static
