C:/Users/zafer/Aviora/Middleware/CycloneTcp/cyclone_tcp/dhcp/dhcp_client_fsm.c:56:6:dhcpClientStateInit	24	static
C:/Users/zafer/Aviora/Middleware/CycloneTcp/cyclone_tcp/dhcp/dhcp_client_fsm.c:96:6:dhcpClientStateSelecting	24	static
C:/Users/zafer/Aviora/Middleware/CycloneTcp/cyclone_tcp/dhcp/dhcp_client_fsm.c:161:6:dhcpClientStateRequesting	24	static
C:/Users/zafer/Aviora/Middleware/CycloneTcp/cyclone_tcp/dhcp/dhcp_client_fsm.c:241:6:dhcpClientStateInitReboot	24	static
C:/Users/zafer/Aviora/Middleware/CycloneTcp/cyclone_tcp/dhcp/dhcp_client_fsm.c:281:6:dhcpClientStateRebooting	24	static
C:/Users/zafer/Aviora/Middleware/CycloneTcp/cyclone_tcp/dhcp/dhcp_client_fsm.c:363:6:dhcpClientStateProbing	32	static
C:/Users/zafer/Aviora/Middleware/CycloneTcp/cyclone_tcp/dhcp/dhcp_client_fsm.c:430:6:dhcpClientStateAnnouncing	32	static
C:/Users/zafer/Aviora/Middleware/CycloneTcp/cyclone_tcp/dhcp/dhcp_client_fsm.c:489:6:dhcpClientStateBound	24	static
C:/Users/zafer/Aviora/Middleware/CycloneTcp/cyclone_tcp/dhcp/dhcp_client_fsm.c:535:6:dhcpClientStateRenewing	24	static
C:/Users/zafer/Aviora/Middleware/CycloneTcp/cyclone_tcp/dhcp/dhcp_client_fsm.c:606:6:dhcpClientStateRebinding	24	static
