C:/Users/zafer/Aviora/Middleware/CycloneTcp/cyclone_tcp/dhcp/dhcp_client_misc.c:73:6:dhcpClientTick	16	static
C:/Users/zafer/Aviora/Middleware/CycloneTcp/cyclone_tcp/dhcp/dhcp_client_misc.c:167:6:dhcpClientLinkChangeEvent	24	static
C:/Users/zafer/Aviora/Middleware/CycloneTcp/cyclone_tcp/dhcp/dhcp_client_misc.c:221:9:dhcpClientSendDiscover	120	static
C:/Users/zafer/Aviora/Middleware/CycloneTcp/cyclone_tcp/dhcp/dhcp_client_misc.c:335:9:dhcpClientSendRequest	120	static
C:/Users/zafer/Aviora/Middleware/CycloneTcp/cyclone_tcp/dhcp/dhcp_client_misc.c:496:9:dhcpClientSendDecline	120	static
C:/Users/zafer/Aviora/Middleware/CycloneTcp/cyclone_tcp/dhcp/dhcp_client_misc.c:608:9:dhcpClientSendRelease	120	static
C:/Users/zafer/Aviora/Middleware/CycloneTcp/cyclone_tcp/dhcp/dhcp_client_misc.c:727:6:dhcpClientProcessMessage	40	static
C:/Users/zafer/Aviora/Middleware/CycloneTcp/cyclone_tcp/dhcp/dhcp_client_misc.c:815:6:dhcpClientParseOffer	48	static
C:/Users/zafer/Aviora/Middleware/CycloneTcp/cyclone_tcp/dhcp/dhcp_client_misc.c:880:6:dhcpClientParseAck	72	static
C:/Users/zafer/Aviora/Middleware/CycloneTcp/cyclone_tcp/dhcp/dhcp_client_misc.c:1128:6:dhcpClientParseNak	48	static
C:/Users/zafer/Aviora/Middleware/CycloneTcp/cyclone_tcp/dhcp/dhcp_client_misc.c:1204:6:dhcpClientCheckTimeout	24	static
C:/Users/zafer/Aviora/Middleware/CycloneTcp/cyclone_tcp/dhcp/dhcp_client_misc.c:1249:10:dhcpClientComputeElapsedTime	24	static
C:/Users/zafer/Aviora/Middleware/CycloneTcp/cyclone_tcp/dhcp/dhcp_client_misc.c:1272:6:dhcpClientChangeState	40	static
C:/Users/zafer/Aviora/Middleware/CycloneTcp/cyclone_tcp/dhcp/dhcp_client_misc.c:1337:6:dhcpClientResetConfig	32	static
C:/Users/zafer/Aviora/Middleware/CycloneTcp/cyclone_tcp/dhcp/dhcp_client_misc.c:1376:6:dhcpClientDumpConfig	40	static
