C:/Users/zafer/Aviora/Middleware/CycloneTcp/cyclone_tcp/ppp/ppp.c:98:6:pppGetDefaultSettings	16	static
C:/Users/zafer/Aviora/Middleware/CycloneTcp/cyclone_tcp/ppp/ppp.c:124:9:pppInit	32	static
C:/Users/zafer/Aviora/Middleware/CycloneTcp/cyclone_tcp/ppp/ppp.c:199:9:pppSetTimeout	24	static
C:/Users/zafer/Aviora/Middleware/CycloneTcp/cyclone_tcp/ppp/ppp.c:236:9:pppSetAuthInfo	32	static
C:/Users/zafer/Aviora/Middleware/CycloneTcp/cyclone_tcp/ppp/ppp.c:283:8:pppCheckPassword	24	static
C:/Users/zafer/Aviora/Middleware/CycloneTcp/cyclone_tcp/ppp/ppp.c:330:9:pppSendAtCommand	32	static
C:/Users/zafer/Aviora/Middleware/CycloneTcp/cyclone_tcp/ppp/ppp.c:394:9:pppReceiveAtCommand	40	static
C:/Users/zafer/Aviora/Middleware/CycloneTcp/cyclone_tcp/ppp/ppp.c:475:9:pppConnect	32	static
C:/Users/zafer/Aviora/Middleware/CycloneTcp/cyclone_tcp/ppp/ppp.c:744:9:pppClose	32	static
C:/Users/zafer/Aviora/Middleware/CycloneTcp/cyclone_tcp/ppp/ppp.c:864:6:pppTick	24	static
C:/Users/zafer/Aviora/Middleware/CycloneTcp/cyclone_tcp/ppp/ppp.c:909:6:pppProcessFrame	40	static
C:/Users/zafer/Aviora/Middleware/CycloneTcp/cyclone_tcp/ppp/ppp.c:1035:9:pppSendFrame	80	static
C:/Users/zafer/Aviora/Middleware/CycloneTcp/cyclone_tcp/ppp/ppp.c:1148:8:pppParseFrameHeader	32	static
C:/Users/zafer/Aviora/Middleware/CycloneTcp/cyclone_tcp/ppp/ppp.c:1220:10:pppCalcFcs	24	static
C:/Users/zafer/Aviora/Middleware/CycloneTcp/cyclone_tcp/ppp/ppp.c:1248:10:pppCalcFcsEx	40	static
C:/Users/zafer/Aviora/Middleware/CycloneTcp/cyclone_tcp/ppp/ppp.c:1305:12:pppAllocBuffer	24	static
