C:/Users/zafer/Aviora/Middleware/CycloneTcp/cyclone_tcp/ppp/ppp_hdlc.c:77:9:pppHdlcDriverInit	24	static
C:/Users/zafer/Aviora/Middleware/CycloneTcp/cyclone_tcp/ppp/ppp_hdlc.c:116:6:pppHdlcDriverTick	16	static
C:/Users/zafer/Aviora/Middleware/CycloneTcp/cyclone_tcp/ppp/ppp_hdlc.c:126:6:pppHdlcDriverEnableIrq	16	static
C:/Users/zafer/Aviora/Middleware/CycloneTcp/cyclone_tcp/ppp/ppp_hdlc.c:138:6:pppHdlcDriverDisableIrq	16	static
C:/Users/zafer/Aviora/Middleware/CycloneTcp/cyclone_tcp/ppp/ppp_hdlc.c:149:6:pppHdlcDriverEventHandler	24	static
C:/Users/zafer/Aviora/Middleware/CycloneTcp/cyclone_tcp/ppp/ppp_hdlc.c:186:9:pppHdlcDriverSendPacket	56	static
C:/Users/zafer/Aviora/Middleware/CycloneTcp/cyclone_tcp/ppp/ppp_hdlc.c:300:9:pppHdlcDriverReceivePacket	64	static
C:/Users/zafer/Aviora/Middleware/CycloneTcp/cyclone_tcp/ppp/ppp_hdlc.c:394:9:pppHdlcDriverUpdateMacAddrFilter	16	static
C:/Users/zafer/Aviora/Middleware/CycloneTcp/cyclone_tcp/ppp/ppp_hdlc.c:408:9:pppHdlcDriverSendAtCommand	24	static
C:/Users/zafer/Aviora/Middleware/CycloneTcp/cyclone_tcp/ppp/ppp_hdlc.c:445:9:pppHdlcDriverReceiveAtCommand	48	static
C:/Users/zafer/Aviora/Middleware/CycloneTcp/cyclone_tcp/ppp/ppp_hdlc.c:542:9:pppHdlcDriverPurgeTxBuffer	16	static
C:/Users/zafer/Aviora/Middleware/CycloneTcp/cyclone_tcp/ppp/ppp_hdlc.c:566:9:pppHdlcDriverPurgeRxBuffer	16	static
C:/Users/zafer/Aviora/Middleware/CycloneTcp/cyclone_tcp/ppp/ppp_hdlc.c:591:6:pppHdlcDriverWriteTxQueue	16	static
C:/Users/zafer/Aviora/Middleware/CycloneTcp/cyclone_tcp/ppp/ppp_hdlc.c:615:9:pppHdlcDriverReadRxQueue	24	static
C:/Users/zafer/Aviora/Middleware/CycloneTcp/cyclone_tcp/ppp/ppp_hdlc.c:645:8:pppHdlcDriverReadTxQueue	24	static
C:/Users/zafer/Aviora/Middleware/CycloneTcp/cyclone_tcp/ppp/ppp_hdlc.c:696:8:pppHdlcDriverWriteRxQueue	24	static
C:/Users/zafer/Aviora/Middleware/CycloneTcp/cyclone_tcp/ppp/ppp_hdlc.c:740:8:isPPPWatingRxTxData	4	static
