C:/Users/zafer/Aviora/Middleware/CycloneTcp/cyclone_tcp/drivers/loopback/loopback_driver.c:78:9:loopbackDriverInit	16	static
C:/Users/zafer/Aviora/Middleware/CycloneTcp/cyclone_tcp/drivers/loopback/loopback_driver.c:109:6:loopbackDriverTick	16	static
C:/Users/zafer/Aviora/Middleware/CycloneTcp/cyclone_tcp/drivers/loopback/loopback_driver.c:120:6:loopbackDriverEnableIrq	16	static
C:/Users/zafer/Aviora/Middleware/CycloneTcp/cyclone_tcp/drivers/loopback/loopback_driver.c:131:6:loopbackDriverDisableIrq	16	static
C:/Users/zafer/Aviora/Middleware/CycloneTcp/cyclone_tcp/drivers/loopback/loopback_driver.c:142:6:loopbackDriverEventHandler	16	static
C:/Users/zafer/Aviora/Middleware/CycloneTcp/cyclone_tcp/drivers/loopback/loopback_driver.c:177:9:loopbackDriverSendPacket	32	static
C:/Users/zafer/Aviora/Middleware/CycloneTcp/cyclone_tcp/drivers/loopback/loopback_driver.c:237:9:loopbackDriverReceivePacket	48	static
C:/Users/zafer/Aviora/Middleware/CycloneTcp/cyclone_tcp/drivers/loopback/loopback_driver.c:281:9:loopbackDriverUpdateMacAddrFilter	16	static
