C:/Users/zafer/Aviora/Middleware/CycloneTcp/cyclone_tcp/ppp/ipcp.c:690:6:ipcpThisLayerStarted	0	static
C:/Users/zafer/Aviora/Middleware/CycloneTcp/cyclone_tcp/ppp/ipcp.c:715:6:ipcpInitRestartCount	0	static
C:/Users/zafer/Aviora/Middleware/CycloneTcp/cyclone_tcp/ppp/ipcp.c:730:6:ipcpZeroRestartCount	8	static
C:/Users/zafer/Aviora/Middleware/CycloneTcp/cyclone_tcp/ppp/ipcp.c:616:6:ipcpThisLayerUp	8	static
C:/Users/zafer/Aviora/Middleware/CycloneTcp/cyclone_tcp/ppp/ipcp.c:663:6:ipcpThisLayerDown	8	static
C:/Users/zafer/Aviora/Middleware/CycloneTcp/cyclone_tcp/ppp/ipcp.c:751:9:ipcpSendConfigureReq	32	static
C:/Users/zafer/Aviora/Middleware/CycloneTcp/cyclone_tcp/ppp/ipcp.c:839:9:ipcpSendConfigureAck	0	static
C:/Users/zafer/Aviora/Middleware/CycloneTcp/cyclone_tcp/ppp/ipcp.c:858:9:ipcpSendConfigureNak	0	static
C:/Users/zafer/Aviora/Middleware/CycloneTcp/cyclone_tcp/ppp/ipcp.c:877:9:ipcpSendConfigureRej	0	static
C:/Users/zafer/Aviora/Middleware/CycloneTcp/cyclone_tcp/ppp/ipcp.c:895:9:ipcpSendTerminateReq	16	static
C:/Users/zafer/Aviora/Middleware/CycloneTcp/cyclone_tcp/ppp/ipcp.c:927:9:ipcpSendTerminateAck	0	static
C:/Users/zafer/Aviora/Middleware/CycloneTcp/cyclone_tcp/ppp/ipcp.c:961:9:ipcpSendCodeRej	0	static
C:/Users/zafer/Aviora/Middleware/CycloneTcp/cyclone_tcp/ppp/ipcp.c:702:6:ipcpThisLayerFinished	0	static
C:/Users/zafer/Aviora/Middleware/CycloneTcp/cyclone_tcp/ppp/ipcp.c:76:9:ipcpOpen	16	static
C:/Users/zafer/Aviora/Middleware/CycloneTcp/cyclone_tcp/ppp/ipcp.c:97:9:ipcpClose	16	static
C:/Users/zafer/Aviora/Middleware/CycloneTcp/cyclone_tcp/ppp/ipcp.c:121:6:ipcpTick	8	static
C:/Users/zafer/Aviora/Middleware/CycloneTcp/cyclone_tcp/ppp/ipcp.c:321:9:ipcpProcessConfigureAck	8	static
C:/Users/zafer/Aviora/Middleware/CycloneTcp/cyclone_tcp/ppp/ipcp.c:347:9:ipcpProcessConfigureNak	16	static
C:/Users/zafer/Aviora/Middleware/CycloneTcp/cyclone_tcp/ppp/ipcp.c:436:9:ipcpProcessConfigureReject	16	static
C:/Users/zafer/Aviora/Middleware/CycloneTcp/cyclone_tcp/ppp/ipcp.c:504:9:ipcpProcessTerminateReq	8	static
C:/Users/zafer/Aviora/Middleware/CycloneTcp/cyclone_tcp/ppp/ipcp.c:526:9:ipcpProcessTerminateAck	8	static
C:/Users/zafer/Aviora/Middleware/CycloneTcp/cyclone_tcp/ppp/ipcp.c:549:9:ipcpProcessCodeRej	16	static
C:/Users/zafer/Aviora/Middleware/CycloneTcp/cyclone_tcp/ppp/ipcp.c:596:9:ipcpProcessUnknownCode	8	static
C:/Users/zafer/Aviora/Middleware/CycloneTcp/cyclone_tcp/ppp/ipcp.c:1035:9:ipcpParseIpAddressOption	8	static
C:/Users/zafer/Aviora/Middleware/CycloneTcp/cyclone_tcp/ppp/ipcp.c:983:9:ipcpParseOption	16	static
C:/Users/zafer/Aviora/Middleware/CycloneTcp/cyclone_tcp/ppp/ipcp.c:225:9:ipcpProcessConfigureReq	40	static
C:/Users/zafer/Aviora/Middleware/CycloneTcp/cyclone_tcp/ppp/ipcp.c:151:6:ipcpProcessPacket	16	static
