C:/Users/zafer/Aviora/Middleware/CycloneTcp/cyclone_tcp/ppp/lcp.c:963:6:lcpThisLayerStarted	0	static
C:/Users/zafer/Aviora/Middleware/CycloneTcp/cyclone_tcp/ppp/lcp.c:996:6:lcpInitRestartCount	0	static
C:/Users/zafer/Aviora/Middleware/CycloneTcp/cyclone_tcp/ppp/lcp.c:1011:6:lcpZeroRestartCount	8	static
C:/Users/zafer/Aviora/Middleware/CycloneTcp/cyclone_tcp/ppp/lcp.c:929:6:lcpThisLayerDown	8	static
C:/Users/zafer/Aviora/Middleware/CycloneTcp/cyclone_tcp/ppp/lcp.c:975:6:lcpThisLayerFinished	16	static
C:/Users/zafer/Aviora/Middleware/CycloneTcp/cyclone_tcp/ppp/lcp.c:1032:9:lcpSendConfigureReq	32	static
C:/Users/zafer/Aviora/Middleware/CycloneTcp/cyclone_tcp/ppp/lcp.c:1167:9:lcpSendConfigureAck	0	static
C:/Users/zafer/Aviora/Middleware/CycloneTcp/cyclone_tcp/ppp/lcp.c:1186:9:lcpSendConfigureNak	0	static
C:/Users/zafer/Aviora/Middleware/CycloneTcp/cyclone_tcp/ppp/lcp.c:1205:9:lcpSendConfigureRej	0	static
C:/Users/zafer/Aviora/Middleware/CycloneTcp/cyclone_tcp/ppp/lcp.c:1223:9:lcpSendTerminateReq	16	static
C:/Users/zafer/Aviora/Middleware/CycloneTcp/cyclone_tcp/ppp/lcp.c:1255:9:lcpSendTerminateAck	0	static
C:/Users/zafer/Aviora/Middleware/CycloneTcp/cyclone_tcp/ppp/lcp.c:1289:9:lcpSendCodeRej	0	static
C:/Users/zafer/Aviora/Middleware/CycloneTcp/cyclone_tcp/ppp/lcp.c:1309:9:lcpSendEchoRep	0	static
C:/Users/zafer/Aviora/Middleware/CycloneTcp/cyclone_tcp/ppp/lcp.c:858:6:lcpThisLayerUp	8	static
C:/Users/zafer/Aviora/Middleware/CycloneTcp/cyclone_tcp/ppp/lcp.c:79:9:lcpOpen	16	static
C:/Users/zafer/Aviora/Middleware/CycloneTcp/cyclone_tcp/ppp/lcp.c:103:9:lcpClose	8	static
C:/Users/zafer/Aviora/Middleware/CycloneTcp/cyclone_tcp/ppp/lcp.c:125:6:lcpTick	8	static
C:/Users/zafer/Aviora/Middleware/CycloneTcp/cyclone_tcp/ppp/lcp.c:345:9:lcpProcessConfigureAck	8	static
C:/Users/zafer/Aviora/Middleware/CycloneTcp/cyclone_tcp/ppp/lcp.c:371:9:lcpProcessConfigureNak	24	static
C:/Users/zafer/Aviora/Middleware/CycloneTcp/cyclone_tcp/ppp/lcp.c:492:9:lcpProcessConfigureReject	16	static
C:/Users/zafer/Aviora/Middleware/CycloneTcp/cyclone_tcp/ppp/lcp.c:590:9:lcpProcessTerminateReq	8	static
C:/Users/zafer/Aviora/Middleware/CycloneTcp/cyclone_tcp/ppp/lcp.c:612:9:lcpProcessTerminateAck	8	static
C:/Users/zafer/Aviora/Middleware/CycloneTcp/cyclone_tcp/ppp/lcp.c:635:9:lcpProcessCodeRej	16	static
C:/Users/zafer/Aviora/Middleware/CycloneTcp/cyclone_tcp/ppp/lcp.c:682:9:lcpProcessProtocolRej	16	static
C:/Users/zafer/Aviora/Middleware/CycloneTcp/cyclone_tcp/ppp/lcp.c:747:9:lcpProcessEchoReq	8	static
C:/Users/zafer/Aviora/Middleware/CycloneTcp/cyclone_tcp/ppp/lcp.c:770:9:lcpProcessEchoRep	0	static
C:/Users/zafer/Aviora/Middleware/CycloneTcp/cyclone_tcp/ppp/lcp.c:788:9:lcpProcessDiscardReq	0	static
C:/Users/zafer/Aviora/Middleware/CycloneTcp/cyclone_tcp/ppp/lcp.c:806:9:lcpProcessUnknownCode	8	static
C:/Users/zafer/Aviora/Middleware/CycloneTcp/cyclone_tcp/ppp/lcp.c:830:9:lcpProcessUnknownProtocol	24	static
C:/Users/zafer/Aviora/Middleware/CycloneTcp/cyclone_tcp/ppp/lcp.c:1400:9:lcpParseMruOption	24	static
C:/Users/zafer/Aviora/Middleware/CycloneTcp/cyclone_tcp/ppp/lcp.c:1466:9:lcpParseAccmOption	24	static
C:/Users/zafer/Aviora/Middleware/CycloneTcp/cyclone_tcp/ppp/lcp.c:1510:9:lcpParseAuthProtocolOption	24	static
C:/Users/zafer/Aviora/Middleware/CycloneTcp/cyclone_tcp/ppp/lcp.c:1656:9:lcpParseMagicNumberOption	16	static
C:/Users/zafer/Aviora/Middleware/CycloneTcp/cyclone_tcp/ppp/lcp.c:1700:9:lcpParsePfcOption	8	static
C:/Users/zafer/Aviora/Middleware/CycloneTcp/cyclone_tcp/ppp/lcp.c:1743:9:lcpParseAcfcOption	8	static
C:/Users/zafer/Aviora/Middleware/CycloneTcp/cyclone_tcp/ppp/lcp.c:1328:9:lcpParseOption	16	static
C:/Users/zafer/Aviora/Middleware/CycloneTcp/cyclone_tcp/ppp/lcp.c:249:9:lcpProcessConfigureReq	40	static
C:/Users/zafer/Aviora/Middleware/CycloneTcp/cyclone_tcp/ppp/lcp.c:155:6:lcpProcessPacket	16	static
