C:/Users/zafer/Aviora/Middleware/CycloneTcp/cyclone_tcp/ppp/pap.c:87:9:papAbortAuth	0	static
C:/Users/zafer/Aviora/Middleware/CycloneTcp/cyclone_tcp/ppp/pap.c:330:9:papProcessAuthAck	16	static
C:/Users/zafer/Aviora/Middleware/CycloneTcp/cyclone_tcp/ppp/pap.c:387:9:papProcessAuthNak	16	static
C:/Users/zafer/Aviora/Middleware/CycloneTcp/cyclone_tcp/ppp/pap.c:422:9:papSendAuthReq	48	static
C:/Users/zafer/Aviora/Middleware/CycloneTcp/cyclone_tcp/ppp/pap.c:53:9:papStartAuth	8	static
C:/Users/zafer/Aviora/Middleware/CycloneTcp/cyclone_tcp/ppp/pap.c:110:6:papTick	8	static
C:/Users/zafer/Aviora/Middleware/CycloneTcp/cyclone_tcp/ppp/pap.c:500:9:papSendAuthAck	32	static
C:/Users/zafer/Aviora/Middleware/CycloneTcp/cyclone_tcp/ppp/pap.c:551:9:papSendAuthNak	32	static
C:/Users/zafer/Aviora/Middleware/CycloneTcp/cyclone_tcp/ppp/pap.c:214:9:papProcessAuthReq	24	static
C:/Users/zafer/Aviora/Middleware/CycloneTcp/cyclone_tcp/ppp/pap.c:149:6:papProcessPacket	16	static
C:/Users/zafer/Aviora/Middleware/CycloneTcp/cyclone_tcp/ppp/pap.c:602:8:papCheckPassword	16	static
