C:/Users/zafer/Aviora/Middleware/CycloneTcp/cyclone_tcp/ppp/ppp_fsm.c:50:6:pppUpEvent	16	static
C:/Users/zafer/Aviora/Middleware/CycloneTcp/cyclone_tcp/ppp/ppp_fsm.c:84:6:pppDownEvent	4	static
C:/Users/zafer/Aviora/Middleware/CycloneTcp/cyclone_tcp/ppp/ppp_fsm.c:135:6:pppOpenEvent	16	static
C:/Users/zafer/Aviora/Middleware/CycloneTcp/cyclone_tcp/ppp/ppp_fsm.c:189:6:pppCloseEvent	16	static
C:/Users/zafer/Aviora/Middleware/CycloneTcp/cyclone_tcp/ppp/ppp_fsm.c:257:6:pppTimeoutEvent	8	static
C:/Users/zafer/Aviora/Middleware/CycloneTcp/cyclone_tcp/ppp/ppp_fsm.c:335:6:pppRcvConfigureReqEvent	24	static
C:/Users/zafer/Aviora/Middleware/CycloneTcp/cyclone_tcp/ppp/ppp_fsm.c:524:6:pppRcvConfigureAckEvent	16	static
C:/Users/zafer/Aviora/Middleware/CycloneTcp/cyclone_tcp/ppp/ppp_fsm.c:586:6:pppRcvConfigureNakEvent	16	static
C:/Users/zafer/Aviora/Middleware/CycloneTcp/cyclone_tcp/ppp/ppp_fsm.c:648:6:pppRcvTerminateReqEvent	24	static
C:/Users/zafer/Aviora/Middleware/CycloneTcp/cyclone_tcp/ppp/ppp_fsm.c:697:6:pppRcvTerminateAckEvent	16	static
C:/Users/zafer/Aviora/Middleware/CycloneTcp/cyclone_tcp/ppp/ppp_fsm.c:757:6:pppRcvUnknownCodeEvent	0	static
C:/Users/zafer/Aviora/Middleware/CycloneTcp/cyclone_tcp/ppp/ppp_fsm.c:792:6:pppRcvCodeRejEvent	16	static
C:/Users/zafer/Aviora/Middleware/CycloneTcp/cyclone_tcp/ppp/ppp_fsm.c:889:6:pppRcvEchoReqEvent	0	static
C:/Users/zafer/Aviora/Middleware/CycloneTcp/cyclone_tcp/ppp/ppp_fsm.c:924:6:pppChangeState	0	static
