C:/Users/zafer/Aviora/Application/AppZMeterGw/Services/TimeService/src/AppTimeService.c:285:22:parseDateTime	64	static
C:/Users/zafer/Aviora/Application/AppZMeterGw/Services/TimeService/src/AppTimeService.c:55:13:isLeapYear	0	static
C:/Users/zafer/Aviora/Application/AppZMeterGw/Services/TimeService/src/AppTimeService.c:74:13:epochToTm	40	static
C:/Users/zafer/Aviora/Application/AppZMeterGw/Services/TimeService/src/AppTimeService.c:318:15:appTimeServiceSetNtpServer	0	static
C:/Users/zafer/Aviora/Application/AppZMeterGw/Services/TimeService/src/AppTimeService.c:327:15:appTimeServiceInit	8	static
C:/Users/zafer/Aviora/Application/AppZMeterGw/Services/TimeService/src/AppTimeService.c:361:15:appTimeServiceSetTime	16	static
C:/Users/zafer/Aviora/Application/AppZMeterGw/Services/TimeService/src/AppTimeService.c:385:15:appTimeServiceGetTime	8	static
C:/Users/zafer/Aviora/Application/AppZMeterGw/Services/TimeService/src/AppTimeService.c:404:5:appTimeServiceGetEpoch	0	static
C:/Users/zafer/Aviora/Application/AppZMeterGw/Services/TimeService/src/AppTimeService.c:409:15:appTimeServiceEpochToTm	8	static
C:/Users/zafer/Aviora/Application/AppZMeterGw/Services/TimeService/src/AppTimeService.c:420:15:appTimeServiceTmToEpoch	48	static
C:/Users/zafer/Aviora/Application/AppZMeterGw/Services/TimeService/src/AppTimeService.c:436:15:appTimeServiceFormatNow	88	static
C:/Users/zafer/Aviora/Application/AppZMeterGw/Services/TimeService/src/AppTimeService.c:446:15:appTimeServiceStringToTm	0	static
C:/Users/zafer/Aviora/Application/AppZMeterGw/Services/TimeService/src/AppTimeService.c:451:15:appTimeServiceStringToEpoch	48	static
