C:/Users/zafer/Aviora/Application/AppComm/src/ZDJson.c:40:13:appendFormat	20	static
C:/Users/zafer/Aviora/Application/AppComm/src/ZDJson.c:24:13:append	16	static
C:/Users/zafer/Aviora/Application/AppComm/src/ZDJson.c:54:13:addKey	16	static
C:/Users/zafer/Aviora/Application/AppComm/src/ZDJson.c:71:6:ZDJson_Init	0	static
C:/Users/zafer/Aviora/Application/AppComm/src/ZDJson.c:81:6:ZDJson_OpenObject	8	static
C:/Users/zafer/Aviora/Application/AppComm/src/ZDJson.c:94:6:ZDJson_CloseObject	8	static
C:/Users/zafer/Aviora/Application/AppComm/src/ZDJson.c:104:6:ZDJson_AddString	16	static
C:/Users/zafer/Aviora/Application/AppComm/src/ZDJson.c:111:6:ZDJson_AddNumber	16	static
C:/Users/zafer/Aviora/Application/AppComm/src/ZDJson.c:118:6:ZDJson_AddBool	16	static
C:/Users/zafer/Aviora/Application/AppComm/src/ZDJson.c:125:6:ZDJson_AddNull	8	static
C:/Users/zafer/Aviora/Application/AppComm/src/ZDJson.c:132:6:ZDJson_AddObject	16	static
C:/Users/zafer/Aviora/Application/AppComm/src/ZDJson.c:143:6:ZDJson_OpenArray	8	static
C:/Users/zafer/Aviora/Application/AppComm/src/ZDJson.c:157:6:ZDJson_CloseArray	8	static
C:/Users/zafer/Aviora/Application/AppComm/src/ZDJson.c:167:6:ZDJson_AddArrayString	16	static
C:/Users/zafer/Aviora/Application/AppComm/src/ZDJson.c:179:6:ZDJson_AddArrayNumber	16	static
C:/Users/zafer/Aviora/Application/AppComm/src/ZDJson.c:191:6:ZDJson_AddArrayBool	16	static
C:/Users/zafer/Aviora/Application/AppComm/src/ZDJson.c:203:6:ZDJson_AddArrayNull	8	static
C:/Users/zafer/Aviora/Application/AppComm/src/ZDJson.c:215:13:ZDJson_GetString	0	static
C:/Users/zafer/Aviora/Application/AppComm/src/ZDJson.c:223:6:ZDJson_GetStringValue	88	static
C:/Users/zafer/Aviora/Application/AppComm/src/ZDJson.c:260:6:ZDJson_GetNumberValue	80	static
C:/Users/zafer/Aviora/Application/AppComm/src/ZDJson.c:285:6:ZDJson_GetBoolValue	80	static
C:/Users/zafer/Aviora/Application/AppComm/src/ZDJson.c:316:6:ZDJson_GetNullValue	72	static
C:/Users/zafer/Aviora/Application/AppComm/src/ZDJson.c:341:6:ZDJson_GetArrayvalue	88	static
C:/Users/zafer/Aviora/Application/AppComm/src/ZDJson.c:387:6:ZDJson_GetArrayObject	88	static
C:/Users/zafer/Aviora/Application/AppComm/src/ZDJson.c:453:6:ZDJson_GetObjectValueAddress	88	static
C:/Users/zafer/Aviora/Application/AppComm/src/ZDJson.c:532:6:ZDJson_GetArrayObjectAddress	152	static
C:/Users/zafer/Aviora/Application/AppComm/src/ZDJson.c:596:6:ZDJson_GetObjectValue	88	static
C:/Users/zafer/Aviora/Application/AppComm/src/ZDJson.c:644:6:ZDJson_IsKeyAvailable	72	static
C:/Users/zafer/Aviora/Application/AppComm/src/ZDJson.c:657:6:ZDJson_IsValid	12	static
