C:/Users/zafer/Aviora/Middleware/MiddComm/Midd_OS/src/Midd_OSPort_FreeRTOS.c:54:6:zosInitKernel	4	static
C:/Users/zafer/Aviora/Middleware/MiddComm/Midd_OS/src/Midd_OSPort_FreeRTOS.c:63:6:zosStartKernel	8	static
C:/Users/zafer/Aviora/Middleware/MiddComm/Midd_OS/src/Midd_OSPort_FreeRTOS.c:79:10:zosCreateTask	40	static
C:/Users/zafer/Aviora/Middleware/MiddComm/Midd_OS/src/Midd_OSPort_FreeRTOS.c:118:6:zosGetTaskInfo	16	static
C:/Users/zafer/Aviora/Middleware/MiddComm/Midd_OS/src/Midd_OSPort_FreeRTOS.c:133:6:zosDeleteTask	16	static
C:/Users/zafer/Aviora/Middleware/MiddComm/Midd_OS/src/Midd_OSPort_FreeRTOS.c:145:6:zosDelayTask	16	static
C:/Users/zafer/Aviora/Middleware/MiddComm/Midd_OS/src/Midd_OSPort_FreeRTOS.c:156:6:zosSwitchTask	4	static,ignoring_inline_asm
C:/Users/zafer/Aviora/Middleware/MiddComm/Midd_OS/src/Midd_OSPort_FreeRTOS.c:167:6:zosSuspendAllTasks	8	static
C:/Users/zafer/Aviora/Middleware/MiddComm/Midd_OS/src/Midd_OSPort_FreeRTOS.c:182:6:zosResumeAllTasks	8	static
C:/Users/zafer/Aviora/Middleware/MiddComm/Midd_OS/src/Midd_OSPort_FreeRTOS.c:200:8:zosCreateEvent	16	static
C:/Users/zafer/Aviora/Middleware/MiddComm/Midd_OS/src/Midd_OSPort_FreeRTOS.c:227:6:zosDeleteEvent	16	static
C:/Users/zafer/Aviora/Middleware/MiddComm/Midd_OS/src/Midd_OSPort_FreeRTOS.c:243:6:zosSetEvent	16	static
C:/Users/zafer/Aviora/Middleware/MiddComm/Midd_OS/src/Midd_OSPort_FreeRTOS.c:255:6:zosResetEvent	16	static
C:/Users/zafer/Aviora/Middleware/MiddComm/Midd_OS/src/Midd_OSPort_FreeRTOS.c:270:8:zosWaitForEvent	24	static
C:/Users/zafer/Aviora/Middleware/MiddComm/Midd_OS/src/Midd_OSPort_FreeRTOS.c:299:8:zosSetEventFromIsr	24	static
C:/Users/zafer/Aviora/Middleware/MiddComm/Midd_OS/src/Midd_OSPort_FreeRTOS.c:320:8:zosCreateSemaphore	16	static
C:/Users/zafer/Aviora/Middleware/MiddComm/Midd_OS/src/Midd_OSPort_FreeRTOS.c:348:6:zosDeleteSemaphore	16	static
C:/Users/zafer/Aviora/Middleware/MiddComm/Midd_OS/src/Midd_OSPort_FreeRTOS.c:367:8:zosWaitForSemaphore	24	static
C:/Users/zafer/Aviora/Middleware/MiddComm/Midd_OS/src/Midd_OSPort_FreeRTOS.c:393:6:zosReleaseSemaphore	16	static
C:/Users/zafer/Aviora/Middleware/MiddComm/Midd_OS/src/Midd_OSPort_FreeRTOS.c:407:8:zosCreateMutex	16	static
C:/Users/zafer/Aviora/Middleware/MiddComm/Midd_OS/src/Midd_OSPort_FreeRTOS.c:434:6:zosDeleteMutex	16	static
C:/Users/zafer/Aviora/Middleware/MiddComm/Midd_OS/src/Midd_OSPort_FreeRTOS.c:450:6:zosAcquireMutex	16	static
C:/Users/zafer/Aviora/Middleware/MiddComm/Midd_OS/src/Midd_OSPort_FreeRTOS.c:462:6:zosReleaseMutex	16	static
C:/Users/zafer/Aviora/Middleware/MiddComm/Midd_OS/src/Midd_OSPort_FreeRTOS.c:474:11:zosGetSystemTime	16	static
C:/Users/zafer/Aviora/Middleware/MiddComm/Midd_OS/src/Midd_OSPort_FreeRTOS.c:493:7:zosAllocMem	24	static
C:/Users/zafer/Aviora/Middleware/MiddComm/Midd_OS/src/Midd_OSPort_FreeRTOS.c:510:6:zosFreeMem	16	static
C:/Users/zafer/Aviora/Middleware/MiddComm/Midd_OS/src/Midd_OSPort_FreeRTOS.c:521:9:zosMsgQueueCreate	32	static
C:/Users/zafer/Aviora/Middleware/MiddComm/Midd_OS/src/Midd_OSPort_FreeRTOS.c:535:5:zosMsgQueueSend	32	static
C:/Users/zafer/Aviora/Middleware/MiddComm/Midd_OS/src/Midd_OSPort_FreeRTOS.c:553:5:zosMsgQueueReceive	32	static
C:/Users/zafer/Aviora/Middleware/MiddComm/Midd_OS/src/Midd_OSPort_FreeRTOS.c:571:5:zosMsgQueueClose	16	static
C:/Users/zafer/Aviora/Middleware/MiddComm/Midd_OS/src/Midd_OSPort_FreeRTOS.c:582:6:zosSuspendTask	16	static
C:/Users/zafer/Aviora/Middleware/MiddComm/Midd_OS/src/Midd_OSPort_FreeRTOS.c:587:6:zosResumeTask	16	static
