C:/Users/zafer/Aviora/Application/AppZMeterGw/Services/TimeService/src/AppTimeService_Autogen.c:17:22:appTimeServiceAutogenInit	16	static
C:/Users/zafer/Aviora/Application/AppZMeterGw/Services/TimeService/src/AppTimeService_Autogen.c:27:12:appTimeServiceAutogenGetEpochFromPreferredSource	8	static
C:/Users/zafer/Aviora/Application/AppZMeterGw/Services/TimeService/src/AppTimeService_Autogen.c:32:22:appTimeServiceAutogenUpdateRtcsFromEpoch	24	static
C:/Users/zafer/Aviora/Application/AppZMeterGw/Services/TimeService/src/AppTimeService_Autogen.c:39:12:appTimeServiceAutogenGetNtpEpoch	4	static
C:/Users/zafer/Aviora/Application/AppZMeterGw/Services/TimeService/src/AppTimeService_Autogen.c:44:22:appTimeServiceAutogenSetNtpServer	16	static
C:/Users/zafer/Aviora/Application/AppZMeterGw/Services/TimeService/src/AppTimeService.c:49:12:tzOffsetSeconds	4	static
C:/Users/zafer/Aviora/Application/AppZMeterGw/Services/TimeService/src/AppTimeService.c:55:13:isLeapYear	16	static
C:/Users/zafer/Aviora/Application/AppZMeterGw/Services/TimeService/src/AppTimeService.c:63:12:daysInMonth	24	static
C:/Users/zafer/Aviora/Application/AppZMeterGw/Services/TimeService/src/AppTimeService.c:74:13:epochToTm	56	static
C:/Users/zafer/Aviora/Application/AppZMeterGw/Services/TimeService/src/AppTimeService.c:125:22:tmToEpoch	48	static
C:/Users/zafer/Aviora/Application/AppZMeterGw/Services/TimeService/src/AppTimeService.c:161:13:rtcStrFromTm	16	static
C:/Users/zafer/Aviora/Application/AppZMeterGw/Services/TimeService/src/AppTimeService.c:174:22:tmFromRtcStr	16	static
C:/Users/zafer/Aviora/Application/AppZMeterGw/Services/TimeService/src/AppTimeService.c:197:22:appTimeServiceRtcStrToEpoch	72	static
C:/Users/zafer/Aviora/Application/AppZMeterGw/Services/TimeService/src/AppTimeService.c:222:13:appTimeServiceEpochToRtcStr	56	static
C:/Users/zafer/Aviora/Application/AppZMeterGw/Services/TimeService/src/AppTimeService.c:233:13:ntpTimerCb	16	static
C:/Users/zafer/Aviora/Application/AppZMeterGw/Services/TimeService/src/AppTimeService.c:260:22:formatTm	64	static
C:/Users/zafer/Aviora/Application/AppZMeterGw/Services/TimeService/src/AppTimeService.c:285:22:parseDateTime	64	static
C:/Users/zafer/Aviora/Application/AppZMeterGw/Services/TimeService/src/AppTimeService.c:318:15:appTimeServiceSetNtpServer	16	static
C:/Users/zafer/Aviora/Application/AppZMeterGw/Services/TimeService/src/AppTimeService.c:327:15:appTimeServiceInit	24	static
C:/Users/zafer/Aviora/Application/AppZMeterGw/Services/TimeService/src/AppTimeService.c:361:15:appTimeServiceSetTime	24	static
C:/Users/zafer/Aviora/Application/AppZMeterGw/Services/TimeService/src/AppTimeService.c:385:15:appTimeServiceGetTime	24	static
C:/Users/zafer/Aviora/Application/AppZMeterGw/Services/TimeService/src/AppTimeService.c:404:5:appTimeServiceGetEpoch	8	static
C:/Users/zafer/Aviora/Application/AppZMeterGw/Services/TimeService/src/AppTimeService.c:409:15:appTimeServiceEpochToTm	24	static
C:/Users/zafer/Aviora/Application/AppZMeterGw/Services/TimeService/src/AppTimeService.c:420:15:appTimeServiceTmToEpoch	40	static
C:/Users/zafer/Aviora/Application/AppZMeterGw/Services/TimeService/src/AppTimeService.c:436:15:appTimeServiceFormatNow	64	static
C:/Users/zafer/Aviora/Application/AppZMeterGw/Services/TimeService/src/AppTimeService.c:446:15:appTimeServiceStringToTm	24	static
C:/Users/zafer/Aviora/Application/AppZMeterGw/Services/TimeService/src/AppTimeService.c:451:15:appTimeServiceStringToEpoch	64	static
