C:/Users/zafer/Aviora/Middleware/MiddZModem/src/MiddMCUCore.c:31:15:middMCUClockInit	8	static
C:/Users/zafer/Aviora/Middleware/MiddZModem/src/MiddMCUCore.c:45:15:middMCUClockEnterSleepMode	4	static
C:/Users/zafer/Aviora/Middleware/MiddZModem/src/MiddMCUCore.c:55:15:middMCUGpioInit	8	static
C:/Users/zafer/Aviora/Middleware/MiddZModem/src/MiddMCUCore.c:67:15:middMCUI2CInit	4	static
C:/Users/zafer/Aviora/Middleware/MiddZModem/src/MiddMCUCore.c:80:15:middMCUSPIInit	8	static
C:/Users/zafer/Aviora/Middleware/MiddZModem/src/MiddMCUCore.c:92:15:middMCUI2SInit	4	static
C:/Users/zafer/Aviora/Middleware/MiddZModem/src/MiddMCUCore.c:99:15:middMCUDmaInit	4	static
C:/Users/zafer/Aviora/Middleware/MiddZModem/src/MiddMCUCore.c:110:15:middMCUTimers	8	static
C:/Users/zafer/Aviora/Middleware/MiddZModem/src/MiddMCUCore.c:124:15:middMCUUartInit	8	static
C:/Users/zafer/Aviora/Middleware/MiddZModem/src/MiddMCUCore.c:139:15:middMCUCanInit	4	static
C:/Users/zafer/Aviora/Middleware/MiddZModem/src/MiddMCUCore.c:152:15:middMCUADCInit	4	static
C:/Users/zafer/Aviora/Middleware/MiddZModem/src/MiddMCUCore.c:163:15:middMcuRTCInit	4	static
C:/Users/zafer/Aviora/Middleware/MiddZModem/src/MiddMCUCore.c:173:15:middMCUWdtInit	16	static
C:/Users/zafer/Aviora/Middleware/MiddZModem/src/MiddMCUCore.c:184:15:middMCUWdtStart	4	static
C:/Users/zafer/Aviora/Middleware/MiddZModem/src/MiddMCUCore.c:196:15:middMCUWdtFeed	4	static
