Archive member included to satisfy reference by file (symbol)

C:/ST/STM32CubeIDE_1.19.0/STM32CubeIDE/plugins/com.st.stm32cube.ide.mcu.externaltools.gnu-tools-for-stm32.13.3.rel1.win32_1.0.0.202411081344/tools/bin/../lib/gcc/arm-none-eabi/13.3.1/../../../../arm-none-eabi/lib/thumb/v7e-m+fp/hard\libc_nano.a(libc_a-atoi.o)
                              ./Aviora/Application/AppZMeterGw/Services/Protocol/src/AppProtocolOrionTLV.o (atoi)
C:/ST/STM32CubeIDE_1.19.0/STM32CubeIDE/plugins/com.st.stm32cube.ide.mcu.externaltools.gnu-tools-for-stm32.13.3.rel1.win32_1.0.0.202411081344/tools/bin/../lib/gcc/arm-none-eabi/13.3.1/../../../../arm-none-eabi/lib/thumb/v7e-m+fp/hard\libc_nano.a(libc_a-exit.o)
                              C:/ST/STM32CubeIDE_1.19.0/STM32CubeIDE/plugins/com.st.stm32cube.ide.mcu.externaltools.gnu-tools-for-stm32.13.3.rel1.win32_1.0.0.202411081344/tools/bin/../lib/gcc/arm-none-eabi/13.3.1/../../../../arm-none-eabi/lib/thumb/v7e-m+fp/hard/crt0.o (exit)
C:/ST/STM32CubeIDE_1.19.0/STM32CubeIDE/plugins/com.st.stm32cube.ide.mcu.externaltools.gnu-tools-for-stm32.13.3.rel1.win32_1.0.0.202411081344/tools/bin/../lib/gcc/arm-none-eabi/13.3.1/../../../../arm-none-eabi/lib/thumb/v7e-m+fp/hard\libc_nano.a(libc_a-strtol.o)
                              C:/ST/STM32CubeIDE_1.19.0/STM32CubeIDE/plugins/com.st.stm32cube.ide.mcu.externaltools.gnu-tools-for-stm32.13.3.rel1.win32_1.0.0.202411081344/tools/bin/../lib/gcc/arm-none-eabi/13.3.1/../../../../arm-none-eabi/lib/thumb/v7e-m+fp/hard\libc_nano.a(libc_a-atoi.o) (_strtol_r)
C:/ST/STM32CubeIDE_1.19.0/STM32CubeIDE/plugins/com.st.stm32cube.ide.mcu.externaltools.gnu-tools-for-stm32.13.3.rel1.win32_1.0.0.202411081344/tools/bin/../lib/gcc/arm-none-eabi/13.3.1/../../../../arm-none-eabi/lib/thumb/v7e-m+fp/hard\libc_nano.a(libc_a-strtoul.o)
                              ./Aviora/Middleware/CycloneTcp/cyclone_tcp/core/bsd_socket.o (strtoul)
C:/ST/STM32CubeIDE_1.19.0/STM32CubeIDE/plugins/com.st.stm32cube.ide.mcu.externaltools.gnu-tools-for-stm32.13.3.rel1.win32_1.0.0.202411081344/tools/bin/../lib/gcc/arm-none-eabi/13.3.1/../../../../arm-none-eabi/lib/thumb/v7e-m+fp/hard\libc_nano.a(libc_a-ctype_.o)
                              ./Aviora/Middleware/CycloneTcp/common/path.o (_ctype_)
C:/ST/STM32CubeIDE_1.19.0/STM32CubeIDE/plugins/com.st.stm32cube.ide.mcu.externaltools.gnu-tools-for-stm32.13.3.rel1.win32_1.0.0.202411081344/tools/bin/../lib/gcc/arm-none-eabi/13.3.1/../../../../arm-none-eabi/lib/thumb/v7e-m+fp/hard\libc_nano.a(libc_a-findfp.o)
                              C:/ST/STM32CubeIDE_1.19.0/STM32CubeIDE/plugins/com.st.stm32cube.ide.mcu.externaltools.gnu-tools-for-stm32.13.3.rel1.win32_1.0.0.202411081344/tools/bin/../lib/gcc/arm-none-eabi/13.3.1/../../../../arm-none-eabi/lib/thumb/v7e-m+fp/hard\libc_nano.a(libc_a-exit.o) (__stdio_exit_handler)
C:/ST/STM32CubeIDE_1.19.0/STM32CubeIDE/plugins/com.st.stm32cube.ide.mcu.externaltools.gnu-tools-for-stm32.13.3.rel1.win32_1.0.0.202411081344/tools/bin/../lib/gcc/arm-none-eabi/13.3.1/../../../../arm-none-eabi/lib/thumb/v7e-m+fp/hard\libc_nano.a(libc_a-fprintf.o)
                              ./Aviora/Application/AppComm/src/ZDebug.o (fprintf)
C:/ST/STM32CubeIDE_1.19.0/STM32CubeIDE/plugins/com.st.stm32cube.ide.mcu.externaltools.gnu-tools-for-stm32.13.3.rel1.win32_1.0.0.202411081344/tools/bin/../lib/gcc/arm-none-eabi/13.3.1/../../../../arm-none-eabi/lib/thumb/v7e-m+fp/hard\libc_nano.a(libc_a-fputc.o)
                              ./Aviora/Application/AppComm/src/ZDebug.o (fputc)
C:/ST/STM32CubeIDE_1.19.0/STM32CubeIDE/plugins/com.st.stm32cube.ide.mcu.externaltools.gnu-tools-for-stm32.13.3.rel1.win32_1.0.0.202411081344/tools/bin/../lib/gcc/arm-none-eabi/13.3.1/../../../../arm-none-eabi/lib/thumb/v7e-m+fp/hard\libc_nano.a(libc_a-fputs.o)
                              ./Aviora/Application/AppZMeterGw/Services/Display/AppDisplayManager.o (fputs)
C:/ST/STM32CubeIDE_1.19.0/STM32CubeIDE/plugins/com.st.stm32cube.ide.mcu.externaltools.gnu-tools-for-stm32.13.3.rel1.win32_1.0.0.202411081344/tools/bin/../lib/gcc/arm-none-eabi/13.3.1/../../../../arm-none-eabi/lib/thumb/v7e-m+fp/hard\libc_nano.a(libc_a-fwalk.o)
                              C:/ST/STM32CubeIDE_1.19.0/STM32CubeIDE/plugins/com.st.stm32cube.ide.mcu.externaltools.gnu-tools-for-stm32.13.3.rel1.win32_1.0.0.202411081344/tools/bin/../lib/gcc/arm-none-eabi/13.3.1/../../../../arm-none-eabi/lib/thumb/v7e-m+fp/hard\libc_nano.a(libc_a-findfp.o) (_fwalk_sglue)
C:/ST/STM32CubeIDE_1.19.0/STM32CubeIDE/plugins/com.st.stm32cube.ide.mcu.externaltools.gnu-tools-for-stm32.13.3.rel1.win32_1.0.0.202411081344/tools/bin/../lib/gcc/arm-none-eabi/13.3.1/../../../../arm-none-eabi/lib/thumb/v7e-m+fp/hard\libc_nano.a(libc_a-putc.o)
[...]
Memory Configuration

Name             Origin             Length             Attributes
CCMRAM           0x10000000         0x00010000         xrw
RAM              0x20000000         0x00020000         xrw
FLASH            0x08000000         0x00100000         xr
*default*        0x00000000         0xffffffff

Linker script and memory map

LOAD C:/ST/STM32CubeIDE_1.19.0/STM32CubeIDE/plugins/com.st.stm32cube.ide.mcu.externaltools.gnu-tools-for-stm32.13.3.rel1.win32_1.0.0.202411081344/tools/bin/../lib/gcc/arm-none-eabi/13.3.1/thumb/v7e-m+fp/hard/crti.o
LOAD C:/ST/STM32CubeIDE_1.19.0/STM32CubeIDE/plugins/com.st.stm32cube.ide.mcu.externaltools.gnu-tools-for-stm32.13.3.rel1.win32_1.0.0.202411081344/tools/bin/../lib/gcc/arm-none-eabi/13.3.1/thumb/v7e-m+fp/hard/crtbegin.o
LOAD C:/ST/STM32CubeIDE_1.19.0/STM32CubeIDE/plugins/com.st.stm32cube.ide.mcu.externaltools.gnu-tools-for-stm32.13.3.rel1.win32_1.0.0.202411081344/tools/bin/../lib/gcc/arm-none-eabi/13.3.1/../../../../arm-none-eabi/lib/thumb/v7e-m+fp/hard/crt0.o
LOAD ./Aviora/Application/AppComm/src/ZDJson.o
LOAD ./Aviora/Application/AppComm/src/ZDebug.o
LOAD ./Aviora/Application/AppZMeterGw/Services/Display/AppDisplayManager.o
LOAD ./Aviora/Application/AppZMeterGw/Services/Logger/AppLogRecorder.o
LOAD ./Aviora/Application/AppZMeterGw/Services/Network/Interfaces/CycloneTcp/AppCycloneEthMng.o
LOAD ./Aviora/Application/AppZMeterGw/Services/Network/Interfaces/CycloneTcp/AppCycloneStack.o
LOAD ./Aviora/Application/AppZMeterGw/Services/Network/Interfaces/Linux/AppLinuxEthMng.o
LOAD ./Aviora/Application/AppZMeterGw/Services/Network/Interfaces/Linux/AppLinuxTcpIpStack.o
LOAD ./Aviora/Application/AppZMeterGw/Services/Network/src/AppNetworkService.o
LOAD ./Aviora/Application/AppZMeterGw/Services/Protocol/Test_Server/MeterTcpComm.o
LOAD ./Aviora/Application/AppZMeterGw/Services/Protocol/src/AppMeterOperations.o
LOAD ./Aviora/Application/AppZMeterGw/Services/Protocol/src/AppProtocolOrionTLV.o
LOAD ./Aviora/Application/AppZMeterGw/Services/Protocol/src/AppTcpConnManager.o
LOAD ./Aviora/Application/AppZMeterGw/Services/System/AppDeviceManager.o
LOAD ./Aviora/Application/AppZMeterGw/Services/System/AppTaskManager.o
LOAD ./Aviora/Application/AppZMeterGw/Services/System/AppZMeterGw.o
LOAD ./Aviora/Application/AppZMeterGw/Services/TimeService/src/AppTimeService.o
LOAD ./Aviora/Application/AppZMeterGw/Services/TimeService/src/time_modules/TimeBackend_SoftTick.o
LOAD ./Aviora/Application/AppZMeterGw/Services/TimeService/src/time_modules/TimeSync_Ntp.o
LOAD ./Aviora/Application/AppZMeterGw/Units/DataBus/AppDataBus.o
LOAD ./Aviora/Application/AppZMeterGw/Units/DataBus/AppInternalMsgFrame.o
LOAD ./Aviora/Application/AppZMeterGw/Units/System/src/AppConfigManager.o
LOAD ./Aviora/Application/AppZMeterGw/Units/System/src/AppGlobalVariables.o
LOAD ./Aviora/Application/AppZMeterGw/Units/System/src/main.o
LOAD ./Aviora/Customers/Stm407Eva/Logger/Cus_LoggerService_Conf.o
LOAD ./Aviora/Customers/Stm407Eva/Network/Cus_Network_Config.o
LOAD ./Aviora/Driver/DeviceDrivers/ENC28J60/src/ext_int_driver.o
LOAD ./Aviora/Driver/DeviceDrivers/ENC28J60/src/spi_driver.o
LOAD ./Aviora/Driver/DeviceDrivers/src/DrvM41T11_RTC.o
LOAD ./Aviora/Driver/McuCoreDrivers/src/McuInternalFlashDrv_Stm32f407.o
LOAD ./Aviora/Driver/McuCoreDrivers/src/McuInterruptRegister.o
LOAD ./Aviora/Driver/StmCubeIDE/STM32F4xx_HAL_Driver/Src/stm32f4xx_hal.o
LOAD ./Aviora/Driver/StmCubeIDE/STM32F4xx_HAL_Driver/Src/stm32f4xx_hal_cortex.o
LOAD ./Aviora/Driver/StmCubeIDE/STM32F4xx_HAL_Driver/Src/stm32f4xx_hal_dma.o
LOAD ./Aviora/Driver/StmCubeIDE/STM32F4xx_HAL_Driver/Src/stm32f4xx_hal_dma_ex.o
LOAD ./Aviora/Driver/StmCubeIDE/STM32F4xx_HAL_Driver/Src/stm32f4xx_hal_exti.o
LOAD ./Aviora/Driver/StmCubeIDE/STM32F4xx_HAL_Driver/Src/stm32f4xx_hal_flash.o
LOAD ./Aviora/Driver/StmCubeIDE/STM32F4xx_HAL_Driver/Src/stm32f4xx_hal_flash_ex.o
LOAD ./Aviora/Driver/StmCubeIDE/STM32F4xx_HAL_Driver/Src/stm32f4xx_hal_flash_ramfunc.o
LOAD ./Aviora/Driver/StmCubeIDE/STM32F4xx_HAL_Driver/Src/stm32f4xx_hal_gpio.o
LOAD ./Aviora/Driver/StmCubeIDE/STM32F4xx_HAL_Driver/Src/stm32f4xx_hal_pwr.o
LOAD ./Aviora/Driver/StmCubeIDE/STM32F4xx_HAL_Driver/Src/stm32f4xx_hal_pwr_ex.o
LOAD ./Aviora/Driver/StmCubeIDE/STM32F4xx_HAL_Driver/Src/stm32f4xx_hal_rcc.o
LOAD ./Aviora/Driver/StmCubeIDE/STM32F4xx_HAL_Driver/Src/stm32f4xx_hal_rcc_ex.o
LOAD ./Aviora/Driver/StmCubeIDE/STM32F4xx_HAL_Driver/Src/stm32f4xx_hal_spi.o
LOAD ./Aviora/Driver/StmCubeIDE/STM32F4xx_HAL_Driver/Src/stm32f4xx_hal_tim.o
LOAD ./Aviora/Driver/StmCubeIDE/STM32F4xx_HAL_Driver/Src/stm32f4xx_hal_tim_ex.o
LOAD ./Aviora/Driver/StmCubeIDE/STM32F4xx_HAL_Driver/Src/stm32f4xx_hal_uart.o
LOAD ./Aviora/Driver/StmCubeIDE/Src/freertos.o
LOAD ./Aviora/Driver/StmCubeIDE/Src/gpio.o
LOAD ./Aviora/Driver/StmCubeIDE/Src/main_stm.o
LOAD ./Aviora/Driver/StmCubeIDE/Src/spi.o
LOAD ./Aviora/Driver/StmCubeIDE/Src/stm32f4xx_hal_msp.o
LOAD ./Aviora/Driver/StmCubeIDE/Src/stm32f4xx_it.o
LOAD ./Aviora/Driver/StmCubeIDE/Src/syscalls.o
LOAD ./Aviora/Driver/StmCubeIDE/Src/system_stm32f4xx.o
LOAD ./Aviora/Driver/StmCubeIDE/Src/tim.o
LOAD ./Aviora/Driver/StmCubeIDE/Src/usart.o
LOAD ./Aviora/Middleware/CycloneTcp/common/cpu_endian.o
LOAD ./Aviora/Middleware/CycloneTcp/common/date_time.o
LOAD ./Aviora/Middleware/CycloneTcp/common/debug.o
LOAD ./Aviora/Middleware/CycloneTcp/common/os_port_freertos.o
LOAD ./Aviora/Middleware/CycloneTcp/common/path.o
LOAD ./Aviora/Middleware/CycloneTcp/common/str.o
LOAD ./Aviora/Middleware/CycloneTcp/cyclone_tcp/coap/coap_client.o
LOAD ./Aviora/Middleware/CycloneTcp/cyclone_tcp/coap/coap_client_block.o
LOAD ./Aviora/Middleware/CycloneTcp/cyclone_tcp/coap/coap_client_misc.o
LOAD ./Aviora/Middleware/CycloneTcp/cyclone_tcp/coap/coap_client_observe.o
LOAD ./Aviora/Middleware/CycloneTcp/cyclone_tcp/coap/coap_client_request.o
LOAD ./Aviora/Middleware/CycloneTcp/cyclone_tcp/coap/coap_client_transport.o
LOAD ./Aviora/Middleware/CycloneTcp/cyclone_tcp/coap/coap_debug.o
LOAD ./Aviora/Middleware/CycloneTcp/cyclone_tcp/coap/coap_message.o
LOAD ./Aviora/Middleware/CycloneTcp/cyclone_tcp/coap/coap_option.o
LOAD ./Aviora/Middleware/CycloneTcp/cyclone_tcp/coap/coap_server.o
LOAD ./Aviora/Middleware/CycloneTcp/cyclone_tcp/coap/coap_server_misc.o
LOAD ./Aviora/Middleware/CycloneTcp/cyclone_tcp/coap/coap_server_request.o
LOAD ./Aviora/Middleware/CycloneTcp/cyclone_tcp/coap/coap_server_transport.o
LOAD ./Aviora/Middleware/CycloneTcp/cyclone_tcp/core/bsd_socket.o
LOAD ./Aviora/Middleware/CycloneTcp/cyclone_tcp/core/bsd_socket_misc.o
LOAD ./Aviora/Middleware/CycloneTcp/cyclone_tcp/core/bsd_socket_options.o
LOAD ./Aviora/Middleware/CycloneTcp/cyclone_tcp/core/ethernet.o
LOAD ./Aviora/Middleware/CycloneTcp/cyclone_tcp/core/ethernet_misc.o
LOAD ./Aviora/Middleware/CycloneTcp/cyclone_tcp/core/ip.o
LOAD ./Aviora/Middleware/CycloneTcp/cyclone_tcp/core/net.o
LOAD ./Aviora/Middleware/CycloneTcp/cyclone_tcp/core/net_mem.o
LOAD ./Aviora/Middleware/CycloneTcp/cyclone_tcp/core/net_misc.o
LOAD ./Aviora/Middleware/CycloneTcp/cyclone_tcp/core/nic.o
LOAD ./Aviora/Middleware/CycloneTcp/cyclone_tcp/core/ping.o
LOAD ./Aviora/Middleware/CycloneTcp/cyclone_tcp/core/raw_socket.o
LOAD ./Aviora/Middleware/CycloneTcp/cyclone_tcp/core/socket.o
LOAD ./Aviora/Middleware/CycloneTcp/cyclone_tcp/core/socket_misc.o
LOAD ./Aviora/Middleware/CycloneTcp/cyclone_tcp/core/tcp.o
LOAD ./Aviora/Middleware/CycloneTcp/cyclone_tcp/core/tcp_fsm.o
LOAD ./Aviora/Middleware/CycloneTcp/cyclone_tcp/core/tcp_misc.o
LOAD ./Aviora/Middleware/CycloneTcp/cyclone_tcp/core/tcp_timer.o
LOAD ./Aviora/Middleware/CycloneTcp/cyclone_tcp/core/udp.o
LOAD ./Aviora/Middleware/CycloneTcp/cyclone_tcp/dhcp/dhcp_client.o
LOAD ./Aviora/Middleware/CycloneTcp/cyclone_tcp/dhcp/dhcp_client_fsm.o
LOAD ./Aviora/Middleware/CycloneTcp/cyclone_tcp/dhcp/dhcp_client_misc.o
LOAD ./Aviora/Middleware/CycloneTcp/cyclone_tcp/dhcp/dhcp_common.o
LOAD ./Aviora/Middleware/CycloneTcp/cyclone_tcp/dhcp/dhcp_debug.o
LOAD ./Aviora/Middleware/CycloneTcp/cyclone_tcp/dhcp/dhcp_server.o
LOAD ./Aviora/Middleware/CycloneTcp/cyclone_tcp/dhcp/dhcp_server_misc.o
LOAD ./Aviora/Middleware/CycloneTcp/cyclone_tcp/dhcpv6/dhcpv6_client.o
LOAD ./Aviora/Middleware/CycloneTcp/cyclone_tcp/dhcpv6/dhcpv6_client_fsm.o
LOAD ./Aviora/Middleware/CycloneTcp/cyclone_tcp/dhcpv6/dhcpv6_client_misc.o
LOAD ./Aviora/Middleware/CycloneTcp/cyclone_tcp/dhcpv6/dhcpv6_common.o
LOAD ./Aviora/Middleware/CycloneTcp/cyclone_tcp/dhcpv6/dhcpv6_debug.o
LOAD ./Aviora/Middleware/CycloneTcp/cyclone_tcp/dhcpv6/dhcpv6_relay.o
LOAD ./Aviora/Middleware/CycloneTcp/cyclone_tcp/dns/dns_cache.o
LOAD ./Aviora/Middleware/CycloneTcp/cyclone_tcp/dns/dns_client.o
LOAD ./Aviora/Middleware/CycloneTcp/cyclone_tcp/dns/dns_common.o
LOAD ./Aviora/Middleware/CycloneTcp/cyclone_tcp/dns/dns_debug.o
LOAD ./Aviora/Middleware/CycloneTcp/cyclone_tcp/dns_sd/dns_sd.o
LOAD ./Aviora/Middleware/CycloneTcp/cyclone_tcp/dns_sd/dns_sd_misc.o
LOAD ./Aviora/Middleware/CycloneTcp/cyclone_tcp/drivers/eth/enc28j60_driver.o
LOAD ./Aviora/Middleware/CycloneTcp/cyclone_tcp/drivers/loopback/loopback_driver.o
LOAD ./Aviora/Middleware/CycloneTcp/cyclone_tcp/echo/echo_server.o
LOAD ./Aviora/Middleware/CycloneTcp/cyclone_tcp/echo/echo_server_misc.o
LOAD ./Aviora/Middleware/CycloneTcp/cyclone_tcp/ftp/ftp_client.o
LOAD ./Aviora/Middleware/CycloneTcp/cyclone_tcp/ftp/ftp_client_misc.o
LOAD ./Aviora/Middleware/CycloneTcp/cyclone_tcp/ftp/ftp_client_transport.o
LOAD ./Aviora/Middleware/CycloneTcp/cyclone_tcp/ftp/ftp_server.o
LOAD ./Aviora/Middleware/CycloneTcp/cyclone_tcp/ftp/ftp_server_commands.o
LOAD ./Aviora/Middleware/CycloneTcp/cyclone_tcp/ftp/ftp_server_control.o
LOAD ./Aviora/Middleware/CycloneTcp/cyclone_tcp/ftp/ftp_server_data.o
LOAD ./Aviora/Middleware/CycloneTcp/cyclone_tcp/ftp/ftp_server_misc.o
LOAD ./Aviora/Middleware/CycloneTcp/cyclone_tcp/ftp/ftp_server_transport.o
LOAD ./Aviora/Middleware/CycloneTcp/cyclone_tcp/icecast/icecast_client.o
LOAD ./Aviora/Middleware/CycloneTcp/cyclone_tcp/igmp/igmp_common.o
LOAD ./Aviora/Middleware/CycloneTcp/cyclone_tcp/igmp/igmp_host.o
LOAD ./Aviora/Middleware/CycloneTcp/cyclone_tcp/igmp/igmp_host_misc.o
LOAD ./Aviora/Middleware/CycloneTcp/cyclone_tcp/igmp/igmp_router.o
LOAD ./Aviora/Middleware/CycloneTcp/cyclone_tcp/igmp/igmp_router_misc.o
LOAD ./Aviora/Middleware/CycloneTcp/cyclone_tcp/igmp/igmp_snooping.o
LOAD ./Aviora/Middleware/CycloneTcp/cyclone_tcp/igmp/igmp_snooping_misc.o
LOAD ./Aviora/Middleware/CycloneTcp/cyclone_tcp/ipv4/arp.o
LOAD ./Aviora/Middleware/CycloneTcp/cyclone_tcp/ipv4/arp_cache.o
LOAD ./Aviora/Middleware/CycloneTcp/cyclone_tcp/ipv4/auto_ip.o
LOAD ./Aviora/Middleware/CycloneTcp/cyclone_tcp/ipv4/auto_ip_misc.o
LOAD ./Aviora/Middleware/CycloneTcp/cyclone_tcp/ipv4/icmp.o
LOAD ./Aviora/Middleware/CycloneTcp/cyclone_tcp/ipv4/ipv4.o
LOAD ./Aviora/Middleware/CycloneTcp/cyclone_tcp/ipv4/ipv4_frag.o
LOAD ./Aviora/Middleware/CycloneTcp/cyclone_tcp/ipv4/ipv4_misc.o
LOAD ./Aviora/Middleware/CycloneTcp/cyclone_tcp/ipv6/icmpv6.o
LOAD ./Aviora/Middleware/CycloneTcp/cyclone_tcp/ipv6/ipv6.o
LOAD ./Aviora/Middleware/CycloneTcp/cyclone_tcp/ipv6/ipv6_frag.o
LOAD ./Aviora/Middleware/CycloneTcp/cyclone_tcp/ipv6/ipv6_misc.o
LOAD ./Aviora/Middleware/CycloneTcp/cyclone_tcp/ipv6/ipv6_pmtu.o
LOAD ./Aviora/Middleware/CycloneTcp/cyclone_tcp/ipv6/ipv6_routing.o
LOAD ./Aviora/Middleware/CycloneTcp/cyclone_tcp/ipv6/mld.o
LOAD ./Aviora/Middleware/CycloneTcp/cyclone_tcp/ipv6/ndp.o
LOAD ./Aviora/Middleware/CycloneTcp/cyclone_tcp/ipv6/ndp_cache.o
LOAD ./Aviora/Middleware/CycloneTcp/cyclone_tcp/ipv6/ndp_misc.o
LOAD ./Aviora/Middleware/CycloneTcp/cyclone_tcp/ipv6/ndp_router_adv.o
LOAD ./Aviora/Middleware/CycloneTcp/cyclone_tcp/ipv6/ndp_router_adv_misc.o
LOAD ./Aviora/Middleware/CycloneTcp/cyclone_tcp/ipv6/slaac.o
LOAD ./Aviora/Middleware/CycloneTcp/cyclone_tcp/ipv6/slaac_misc.o
LOAD ./Aviora/Middleware/CycloneTcp/cyclone_tcp/llmnr/llmnr_client.o
LOAD ./Aviora/Middleware/CycloneTcp/cyclone_tcp/llmnr/llmnr_common.o
LOAD ./Aviora/Middleware/CycloneTcp/cyclone_tcp/llmnr/llmnr_responder.o
LOAD ./Aviora/Middleware/CycloneTcp/cyclone_tcp/mqtt/mqtt_client.o
LOAD ./Aviora/Middleware/CycloneTcp/cyclone_tcp/mqtt/mqtt_client_misc.o
LOAD ./Aviora/Middleware/CycloneTcp/cyclone_tcp/mqtt/mqtt_client_packet.o
LOAD ./Aviora/Middleware/CycloneTcp/cyclone_tcp/mqtt/mqtt_client_transport.o
LOAD ./Aviora/Middleware/CycloneTcp/cyclone_tcp/ppp/chap.o
LOAD ./Aviora/Middleware/CycloneTcp/cyclone_tcp/ppp/ipcp.o
LOAD ./Aviora/Middleware/CycloneTcp/cyclone_tcp/ppp/ipv6cp.o
LOAD ./Aviora/Middleware/CycloneTcp/cyclone_tcp/ppp/lcp.o
LOAD ./Aviora/Middleware/CycloneTcp/cyclone_tcp/ppp/pap.o
LOAD ./Aviora/Middleware/CycloneTcp/cyclone_tcp/ppp/ppp.o
LOAD ./Aviora/Middleware/CycloneTcp/cyclone_tcp/ppp/ppp_debug.o
LOAD ./Aviora/Middleware/CycloneTcp/cyclone_tcp/ppp/ppp_fsm.o
LOAD ./Aviora/Middleware/CycloneTcp/cyclone_tcp/ppp/ppp_hdlc.o
LOAD ./Aviora/Middleware/CycloneTcp/cyclone_tcp/ppp/ppp_misc.o
LOAD ./Aviora/Middleware/CycloneTcp/cyclone_tcp/sntp/sntp_client.o
LOAD ./Aviora/Middleware/CycloneTcp/cyclone_tcp/sntp/sntp_client_misc.o
LOAD ./Aviora/Middleware/CycloneTcp/cyclone_tcp/syslog/syslog_client.o
LOAD ./Aviora/Middleware/CycloneTcp/cyclone_tcp/syslog/syslog_client_misc.o
LOAD ./Aviora/Middleware/FreeRTOS/Source/CMSIS_RTOS_V2/cmsis_os2.o
LOAD ./Aviora/Middleware/FreeRTOS/Source/croutine.o
LOAD ./Aviora/Middleware/FreeRTOS/Source/event_groups.o
LOAD ./Aviora/Middleware/FreeRTOS/Source/list.o
LOAD ./Aviora/Middleware/FreeRTOS/Source/queue.o
LOAD ./Aviora/Middleware/FreeRTOS/Source/stream_buffer.o
LOAD ./Aviora/Middleware/FreeRTOS/Source/tasks.o
LOAD ./Aviora/Middleware/FreeRTOS/Source/timers.o
LOAD ./Aviora/Middleware/FreeRTOS/Source/portable/GCC/ARM_CM4F/port.o
LOAD ./Aviora/Middleware/FreeRTOS/Source/portable/MemMang/heap_4.o
LOAD ./Aviora/Middleware/MiddComm/Midd_FS/fs/fs_port_flashLink.o
LOAD ./Aviora/Middleware/MiddComm/Midd_OS/src/Midd_OSPort_FreeRTOS.o
LOAD ./Aviora/Middleware/MiddZModem/src/MiddDigitalIOControl.o
LOAD ./Aviora/Middleware/MiddZModem/src/MiddEventTimer.o
LOAD ./Aviora/Middleware/MiddZModem/src/MiddGsmModule.o
LOAD ./Aviora/Middleware/MiddZModem/src/MiddMCUCore.o
LOAD ./Aviora/Middleware/MiddZModem/src/MiddRTC.o
LOAD ./Aviora/Middleware/MiddZModem/src/MiddSerialComm.o
LOAD ./Aviora/Middleware/MiddZModem/src/MiddStorage.o
LOAD ./Core/Startup/startup_stm32f407vgtx.o
START GROUP
LOAD C:/ST/STM32CubeIDE_1.19.0/STM32CubeIDE/plugins/com.st.stm32cube.ide.mcu.externaltools.gnu-tools-for-stm32.13.3.rel1.win32_1.0.0.202411081344/tools/bin/../lib/gcc/arm-none-eabi/13.3.1/../../../../arm-none-eabi/lib/thumb/v7e-m+fp/hard\libc_nano.a
LOAD C:/ST/STM32CubeIDE_1.19.0/STM32CubeIDE/plugins/com.st.stm32cube.ide.mcu.externaltools.gnu-tools-for-stm32.13.3.rel1.win32_1.0.0.202411081344/tools/bin/../lib/gcc/arm-none-eabi/13.3.1/../../../../arm-none-eabi/lib/thumb/v7e-m+fp/hard\libm.a
END GROUP
START GROUP
LOAD C:/ST/STM32CubeIDE_1.19.0/STM32CubeIDE/plugins/com.st.stm32cube.ide.mcu.externaltools.gnu-tools-for-stm32.13.3.rel1.win32_1.0.0.202411081344/tools/bin/../lib/gcc/arm-none-eabi/13.3.1/thumb/v7e-m+fp/hard\libgcc.a
LOAD C:/ST/STM32CubeIDE_1.19.0/STM32CubeIDE/plugins/com.st.stm32cube.ide.mcu.externaltools.gnu-tools-for-stm32.13.3.rel1.win32_1.0.0.202411081344/tools/bin/../lib/gcc/arm-none-eabi/13.3.1/../../../../arm-none-eabi/lib/thumb/v7e-m+fp/hard\libc_nano.a
END GROUP
START GROUP
LOAD C:/ST/STM32CubeIDE_1.19.0/STM32CubeIDE/plugins/com.st.stm32cube.ide.mcu.externaltools.gnu-tools-for-stm32.13.3.rel1.win32_1.0.0.202411081344/tools/bin/../lib/gcc/arm-none-eabi/13.3.1/thumb/v7e-m+fp/hard\libgcc.a
LOAD C:/ST/STM32CubeIDE_1.19.0/STM32CubeIDE/plugins/com.st.stm32cube.ide.mcu.externaltools.gnu-tools-for-stm32.13.3.rel1.win32_1.0.0.202411081344/tools/bin/../lib/gcc/arm-none-eabi/13.3.1/../../../../arm-none-eabi/lib/thumb/v7e-m+fp/hard\libc_nano.a
LOAD C:/ST/STM32CubeIDE_1.19.0/STM32CubeIDE/plugins/com.st.stm32cube.ide.mcu.externaltools.gnu-tools-for-stm32.13.3.rel1.win32_1.0.0.202411081344/tools/bin/../lib/gcc/arm-none-eabi/13.3.1/../../../../arm-none-eabi/lib/thumb/v7e-m+fp/hard\libnosys.a
END GROUP
START GROUP
LOAD C:/ST/STM32CubeIDE_1.19.0/STM32CubeIDE/plugins/com.st.stm32cube.ide.mcu.externaltools.gnu-tools-for-stm32.13.3.rel1.win32_1.0.0.202411081344/tools/bin/../lib/gcc/arm-none-eabi/13.3.1/thumb/v7e-m+fp/hard\libgcc.a
LOAD C:/ST/STM32CubeIDE_1.19.0/STM32CubeIDE/plugins/com.st.stm32cube.ide.mcu.externaltools.gnu-tools-for-stm32.13.3.rel1.win32_1.0.0.202411081344/tools/bin/../lib/gcc/arm-none-eabi/13.3.1/../../../../arm-none-eabi/lib/thumb/v7e-m+fp/hard\libc_nano.a
LOAD C:/ST/STM32CubeIDE_1.19.0/STM32CubeIDE/plugins/com.st.stm32cube.ide.mcu.externaltools.gnu-tools-for-stm32.13.3.rel1.win32_1.0.0.202411081344/tools/bin/../lib/gcc/arm-none-eabi/13.3.1/../../../../arm-none-eabi/lib/thumb/v7e-m+fp/hard\libnosys.a
END GROUP
LOAD C:/ST/STM32CubeIDE_1.19.0/STM32CubeIDE/plugins/com.st.stm32cube.ide.mcu.externaltools.gnu-tools-for-stm32.13.3.rel1.win32_1.0.0.202411081344/tools/bin/../lib/gcc/arm-none-eabi/13.3.1/thumb/v7e-m+fp/hard/crtend.o
LOAD C:/ST/STM32CubeIDE_1.19.0/STM32CubeIDE/plugins/com.st.stm32cube.ide.mcu.externaltools.gnu-tools-for-stm32.13.3.rel1.win32_1.0.0.202411081344/tools/bin/../lib/gcc/arm-none-eabi/13.3.1/thumb/v7e-m+fp/hard/crtn.o
                0x20020000                        _estack = (ORIGIN (RAM) + LENGTH (RAM))
                0x00000200                        _Min_Heap_Size = 0x200
                0x00000400                        _Min_Stack_Size = 0x400

.isr_vector     0x08000000      0x188
                0x08000000                        . = ALIGN (0x4)
 *(.isr_vector)
 .isr_vector    0x08000000      0x188 ./Core/Startup/startup_stm32f407vgtx.o
                0x08000000                g_pfnVectors
                0x08000188                        . = ALIGN (0x4)

.text           0x08000190    0x176b0
                0x08000190                        . = ALIGN (0x4)
 *(.text)
 .text          0x08000190       0x40 C:/ST/STM32CubeIDE_1.19.0/STM32CubeIDE/plugins/com.st.stm32cube.ide.mcu.externaltools.gnu-tools-for-stm32.13.3.rel1.win32_1.0.0.202411081344/tools/bin/../lib/gcc/arm-none-eabi/13.3.1/thumb/v7e-m+fp/hard/crtbegin.o
 .text          0x080001d0       0x14 C:/ST/STM32CubeIDE_1.19.0/STM32CubeIDE/plugins/com.st.stm32cube.ide.mcu.externaltools.gnu-tools-for-stm32.13.3.rel1.win32_1.0.0.202411081344/tools/bin/../lib/gcc/arm-none-eabi/13.3.1/../../../../arm-none-eabi/lib/thumb/v7e-m+fp/hard\libc_nano.a(libc_a-strcmp.o)
                0x080001d0                strcmp
 *fill*         0x080001e4        0xc 
 .text          0x080001f0       0xa0 C:/ST/STM32CubeIDE_1.19.0/STM32CubeIDE/plugins/com.st.stm32cube.ide.mcu.externaltools.gnu-tools-for-stm32.13.3.rel1.win32_1.0.0.202411081344/tools/bin/../lib/gcc/arm-none-eabi/13.3.1/../../../../arm-none-eabi/lib/thumb/v7e-m+fp/hard\libc_nano.a(libc_a-memchr.o)
                0x080001f0                memchr
 .text          0x08000290       0x10 C:/ST/STM32CubeIDE_1.19.0/STM32CubeIDE/plugins/com.st.stm32cube.ide.mcu.externaltools.gnu-tools-for-stm32.13.3.rel1.win32_1.0.0.202411081344/tools/bin/../lib/gcc/arm-none-eabi/13.3.1/../../../../arm-none-eabi/lib/thumb/v7e-m+fp/hard\libc_nano.a(libc_a-strlen.o)
                0x08000290                strlen
 .text          0x080002a0       0x30 C:/ST/STM32CubeIDE_1.19.0/STM32CubeIDE/plugins/com.st.stm32cube.ide.mcu.externaltools.gnu-tools-for-stm32.13.3.rel1.win32_1.0.0.202411081344/tools/bin/../lib/gcc/arm-none-eabi/13.3.1/thumb/v7e-m+fp/hard\libgcc.a(_aeabi_uldivmod.o)
                0x080002a0                __aeabi_uldivmod
 .text          0x080002d0      0x2f8 C:/ST/STM32CubeIDE_1.19.0/STM32CubeIDE/plugins/com.st.stm32cube.ide.mcu.externaltools.gnu-tools-for-stm32.13.3.rel1.win32_1.0.0.202411081344/tools/bin/../lib/gcc/arm-none-eabi/13.3.1/thumb/v7e-m+fp/hard\libgcc.a(_udivmoddi4.o)
                0x080002d0                __udivmoddi4
 .text          0x080005c8        0x4 C:/ST/STM32CubeIDE_1.19.0/STM32CubeIDE/plugins/com.st.stm32cube.ide.mcu.externaltools.gnu-tools-for-stm32.13.3.rel1.win32_1.0.0.202411081344/tools/bin/../lib/gcc/arm-none-eabi/13.3.1/thumb/v7e-m+fp/hard\libgcc.a(_dvmd_tls.o)
                0x080005c8                __aeabi_idiv0
                0x080005c8                __aeabi_ldiv0
 *(.text*)
 .text.ZDJson_GetStringValue
                0x080005cc       0x60 ./Aviora/Application/AppComm/src/ZDJson.o
                0x080005cc                ZDJson_GetStringValue
 .text.ZDJson_GetObjectValue
                0x0800062c       0x90 ./Aviora/Application/AppComm/src/ZDJson.o
                0x0800062c                ZDJson_GetObjectValue
 .text.ZDJson_IsValid
                0x080006bc       0x62 ./Aviora/Application/AppComm/src/ZDJson.o
                0x080006bc                ZDJson_IsValid
 *fill*         0x0800071e        0x2 
 .text.displayTask
                0x08000720       0x24 ./Aviora/Application/AppZMeterGw/Services/Display/AppDisplayManager.o
 .text.startingWind
                0x08000744      0x184 ./Aviora/Application/AppZMeterGw/Services/Display/AppDisplayManager.o
 .text.clearDisplay
                0x080008c8       0x3e ./Aviora/Application/AppZMeterGw/Services/Display/AppDisplayManager.o
 *fill*         0x08000906        0x2 
 .text.failureWind
                0x08000908       0xf4 ./Aviora/Application/AppZMeterGw/Services/Display/AppDisplayManager.o
 .text.noGsmConnWind
                0x080009fc       0xec ./Aviora/Application/AppZMeterGw/Services/Display/AppDisplayManager.o
 .text.swUpdatingWind
                0x08000ae8       0xf4 ./Aviora/Application/AppZMeterGw/Services/Display/AppDisplayManager.o
 .text.showGsmLevel
                0x08000bdc       0xb6 ./Aviora/Application/AppZMeterGw/Services/Display/AppDisplayManager.o
 *fill*         0x08000c92        0x2 
 .text.mainWind
                0x08000c94      0x118 ./Aviora/Application/AppZMeterGw/Services/Display/AppDisplayManager.o
 .text.AppDisplayInit
                0x08000dac       0x9c ./Aviora/Application/AppZMeterGw/Services/Display/AppDisplayManager.o
                0x08000dac                AppDisplayInit
 .text.AppDisplayStart
                0x08000e48        0xc ./Aviora/Application/AppZMeterGw/Services/Display/AppDisplayManager.o
                0x08000e48                AppDisplayStart
 .text.getCurrentDate_.constprop.0
                0x08000e54       0x34 ./Aviora/Application/AppZMeterGw/Services/Logger/AppLogRecorder.o
 .text.openNewLogFile.isra.0
                0x08000e88       0xb4 ./Aviora/Application/AppZMeterGw/Services/Logger/AppLogRecorder.o
 .text.loggerWriterTask
                0x08000f3c      0x144 ./Aviora/Application/AppZMeterGw/Services/Logger/AppLogRecorder.o
 .text.appLogRecInit
                0x08001080       0x3c ./Aviora/Application/AppZMeterGw/Services/Logger/AppLogRecorder.o
                0x08001080                appLogRecInit
 .text.appLogRecRegister
                0x080010bc      0x13c ./Aviora/Application/AppZMeterGw/Services/Logger/AppLogRecorder.o
                0x080010bc                appLogRecRegister
 .text.appLogRec
                0x080011f8       0x54 ./Aviora/Application/AppZMeterGw/Services/Logger/AppLogRecorder.o
                0x080011f8                appLogRec
 .text.appLogRecRead
                0x0800124c       0x34 ./Aviora/Application/AppZMeterGw/Services/Logger/AppLogRecorder.o
                0x0800124c                appLogRecRead
 .text.cycloneEthPeriodicInfoCb
                0x08001280       0x6c ./Aviora/Application/AppZMeterGw/Services/Network/Interfaces/CycloneTcp/AppCycloneEthMng.o
 .text.cycloneEthLinkChangeCallback
                0x080012ec        0x4 ./Aviora/Application/AppZMeterGw/Services/Network/Interfaces/CycloneTcp/AppCycloneEthMng.o
 .text.cycloneEthManagerTask
                0x080012f0      0x1d0 ./Aviora/Application/AppZMeterGw/Services/Network/Interfaces/CycloneTcp/AppCycloneEthMng.o
 .text.appCycloneEthMngStart
                0x080014c0      0x120 ./Aviora/Application/AppZMeterGw/Services/Network/Interfaces/CycloneTcp/AppCycloneEthMng.o
                0x080014c0                appCycloneEthMngStart
 .text.appCycloneTcpIpStackInit
                0x080015e0       0x54 ./Aviora/Application/AppZMeterGw/Services/Network/Interfaces/CycloneTcp/AppCycloneStack.o
                0x080015e0                appCycloneTcpIpStackInit
 .text.appNetworkServiceStart
                0x08001634       0x1e ./Aviora/Application/AppZMeterGw/Services/Network/src/AppNetworkService.o
                0x08001634                appNetworkServiceStart
 *fill*         0x08001652        0x2 
 .text.meterTcpCommInit
                0x08001654       0xa4 ./Aviora/Application/AppZMeterGw/Services/Protocol/Test_Server/MeterTcpComm.o
                0x08001654                meterTcpCommInit
 .text.meterTcpCommSend
                0x080016f8       0x3c ./Aviora/Application/AppZMeterGw/Services/Protocol/Test_Server/MeterTcpComm.o
                0x080016f8                meterTcpCommSend
 .text.meterTcpCommReceive
                0x08001734       0x44 ./Aviora/Application/AppZMeterGw/Services/Protocol/Test_Server/MeterTcpComm.o
                0x08001734                meterTcpCommReceive
 .text.meterTcpCommSetBaudrate
                0x08001778        0x4 ./Aviora/Application/AppZMeterGw/Services/Protocol/Test_Server/MeterTcpComm.o
                0x08001778                meterTcpCommSetBaudrate
 .text.taskSlotFindLocked
                0x0800177c       0x20 ./Aviora/Application/AppZMeterGw/Services/Protocol/src/AppMeterOperations.o
 .text.lockTask
                0x0800179c        0xc ./Aviora/Application/AppZMeterGw/Services/Protocol/src/AppMeterOperations.o
 .text.lockMeterReg
                0x080017a8        0xc ./Aviora/Application/AppZMeterGw/Services/Protocol/src/AppMeterOperations.o
 .text.lockDirective
                0x080017b4        0xc ./Aviora/Application/AppZMeterGw/Services/Protocol/src/AppMeterOperations.o
 .text.unlockTask
                0x080017c0        0xc ./Aviora/Application/AppZMeterGw/Services/Protocol/src/AppMeterOperations.o
 .text.taskSlotAlloc
                0x080017cc       0x50 ./Aviora/Application/AppZMeterGw/Services/Protocol/src/AppMeterOperations.o
 .text.taskSlotAbort
                0x0800181c       0x2c ./Aviora/Application/AppZMeterGw/Services/Protocol/src/AppMeterOperations.o
 .text.unlockMeterReg
                0x08001848        0xc ./Aviora/Application/AppZMeterGw/Services/Protocol/src/AppMeterOperations.o
 .text.unlockDirective
                0x08001854        0xc ./Aviora/Application/AppZMeterGw/Services/Protocol/src/AppMeterOperations.o
 .text.fsWriteWholeFile
                0x08001860       0x2a ./Aviora/Application/AppZMeterGw/Services/Protocol/src/AppMeterOperations.o
 *fill*         0x0800188a        0x2 
 .text.iecSaveMeterIdFile
                0x0800188c       0x38 ./Aviora/Application/AppZMeterGw/Services/Protocol/src/AppMeterOperations.o
 .text.directiveIndexSave
                0x080018c4       0x5c ./Aviora/Application/AppZMeterGw/Services/Protocol/src/AppMeterOperations.o
 .text.directiveIndexFind
                0x08001920       0x34 ./Aviora/Application/AppZMeterGw/Services/Protocol/src/AppMeterOperations.o
 .text.fsReadWholeText
                0x08001954       0x6c ./Aviora/Application/AppZMeterGw/Services/Protocol/src/AppMeterOperations.o
 .text.meterListContainsSerial
                0x080019c0       0x80 ./Aviora/Application/AppZMeterGw/Services/Protocol/src/AppMeterOperations.o
 .text.getJsonParamString
                0x08001a40       0x44 ./Aviora/Application/AppZMeterGw/Services/Protocol/src/AppMeterOperations.o
 .text.enqueueMeterJob
                0x08001a84       0x38 ./Aviora/Application/AppZMeterGw/Services/Protocol/src/AppMeterOperations.o
 .text.parseProfileWindow
                0x08001abc       0xac ./Aviora/Application/AppZMeterGw/Services/Protocol/src/AppMeterOperations.o
 .text.recvLine.part.0.constprop.0
                0x08001b68       0x6c ./Aviora/Application/AppZMeterGw/Services/Protocol/src/AppMeterOperations.o
 .text.sendAll.constprop.0
                0x08001bd4       0x24 ./Aviora/Application/AppZMeterGw/Services/Protocol/src/AppMeterOperations.o
 .text.meterOpsWorkerTask
                0x08001bf8      0x29c ./Aviora/Application/AppZMeterGw/Services/Protocol/src/AppMeterOperations.o
 .text.appMeterOperationsStart
                0x08001e94      0x1d0 ./Aviora/Application/AppZMeterGw/Services/Protocol/src/AppMeterOperations.o
                0x08001e94                appMeterOperationsStart
 .text.appMeterOperationsAddMeter
                0x08002064      0x100 ./Aviora/Application/AppZMeterGw/Services/Protocol/src/AppMeterOperations.o
                0x08002064                appMeterOperationsAddMeter
 .text.appMeterOperationsGetMeterData
                0x08002164       0x68 ./Aviora/Application/AppZMeterGw/Services/Protocol/src/AppMeterOperations.o
                0x08002164                appMeterOperationsGetMeterData
 .text.appMeterOperationsDeleteMeter
                0x080021cc      0x150 ./Aviora/Application/AppZMeterGw/Services/Protocol/src/AppMeterOperations.o
                0x080021cc                appMeterOperationsDeleteMeter
 .text.appMeterOperationsAddReadoutTask
                0x0800231c       0xd0 ./Aviora/Application/AppZMeterGw/Services/Protocol/src/AppMeterOperations.o
                0x0800231c                appMeterOperationsAddReadoutTask
 .text.appMeterOperationsAddProfileTask
                0x080023ec      0x12c ./Aviora/Application/AppZMeterGw/Services/Protocol/src/AppMeterOperations.o
                0x080023ec                appMeterOperationsAddProfileTask
 .text.appMeterOperationsTaskIDFree
                0x08002518       0x88 ./Aviora/Application/AppZMeterGw/Services/Protocol/src/AppMeterOperations.o
                0x08002518                appMeterOperationsTaskIDFree
 .text.appMeterOperationsAddDirective
                0x080025a0      0x1f8 ./Aviora/Application/AppZMeterGw/Services/Protocol/src/AppMeterOperations.o
                0x080025a0                appMeterOperationsAddDirective
 .text.appMeterOperationsDeleteDirective
                0x08002798      0x15c ./Aviora/Application/AppZMeterGw/Services/Protocol/src/AppMeterOperations.o
                0x08002798                appMeterOperationsDeleteDirective
 .text.appMeterOperationsGetDirective
                0x080028f4       0x60 ./Aviora/Application/AppZMeterGw/Services/Protocol/src/AppMeterOperations.o
                0x080028f4                appMeterOperationsGetDirective
 .text.appMeterOperationsGetDirectiveByIndex
                0x08002954       0x6c ./Aviora/Application/AppZMeterGw/Services/Protocol/src/AppMeterOperations.o
                0x08002954                appMeterOperationsGetDirectiveByIndex
 .text.appMeterOperationsGetDirectiveCount
                0x080029c0       0x18 ./Aviora/Application/AppZMeterGw/Services/Protocol/src/AppMeterOperations.o
                0x080029c0                appMeterOperationsGetDirectiveCount
 .text.mtlxPacketEnd
                0x080029d8       0x22 ./Aviora/Application/AppZMeterGw/Services/Protocol/src/AppProtocolOrionTLV.o
 .text.orionParserNext
                0x080029fa       0x44 ./Aviora/Application/AppZMeterGw/Services/Protocol/src/AppProtocolOrionTLV.o
 .text.findTag  0x08002a3e       0x42 ./Aviora/Application/AppZMeterGw/Services/Protocol/src/AppProtocolOrionTLV.o
 .text.meterTaskCallback
                0x08002a80       0x28 ./Aviora/Application/AppZMeterGw/Services/Protocol/src/AppProtocolOrionTLV.o
 .text.pendingJobAllocSlot
                0x08002aa8       0x30 ./Aviora/Application/AppZMeterGw/Services/Protocol/src/AppProtocolOrionTLV.o
 .text.sessionCreate
                0x08002ad8       0x7c ./Aviora/Application/AppZMeterGw/Services/Protocol/src/AppProtocolOrionTLV.o
 .text.startPushMeterDataSession
                0x08002b54       0x34 ./Aviora/Application/AppZMeterGw/Services/Protocol/src/AppProtocolOrionTLV.o
 .text.registerStateLoad
                0x08002b88       0x44 ./Aviora/Application/AppZMeterGw/Services/Protocol/src/AppProtocolOrionTLV.o
 .text.sessionDelete
                0x08002bcc       0x7c ./Aviora/Application/AppZMeterGw/Services/Protocol/src/AppProtocolOrionTLV.o
 .text.mtlxGetString
                0x08002c48       0x32 ./Aviora/Application/AppZMeterGw/Services/Protocol/src/AppProtocolOrionTLV.o
 *fill*         0x08002c7a        0x2 
 .text.cleanupMeterFiles
                0x08002c7c       0x58 ./Aviora/Application/AppZMeterGw/Services/Protocol/src/AppProtocolOrionTLV.o
 .text.meterOprsOnComplete
                0x08002cd4       0x38 ./Aviora/Application/AppZMeterGw/Services/Protocol/src/AppProtocolOrionTLV.o
 .text.mtlxParserInit
                0x08002d0c       0x54 ./Aviora/Application/AppZMeterGw/Services/Protocol/src/AppProtocolOrionTLV.o
 .text.sessionGetParser
                0x08002d60       0x2a ./Aviora/Application/AppZMeterGw/Services/Protocol/src/AppProtocolOrionTLV.o
 .text.builderAddTLV
                0x08002d8a       0x5a ./Aviora/Application/AppZMeterGw/Services/Protocol/src/AppProtocolOrionTLV.o
 .text.mtlxAddUint16
                0x08002de4       0x16 ./Aviora/Application/AppZMeterGw/Services/Protocol/src/AppProtocolOrionTLV.o
 .text.mtlxAddBool
                0x08002dfa       0x1c ./Aviora/Application/AppZMeterGw/Services/Protocol/src/AppProtocolOrionTLV.o
 .text.mtlxAddString
                0x08002e16       0x24 ./Aviora/Application/AppZMeterGw/Services/Protocol/src/AppProtocolOrionTLV.o
 .text.completeSession.constprop.0
                0x08002e3a        0xc ./Aviora/Application/AppZMeterGw/Services/Protocol/src/AppProtocolOrionTLV.o
 *fill*         0x08002e46        0x2 
 .text.periodicTimerCb
                0x08002e48       0x9c ./Aviora/Application/AppZMeterGw/Services/Protocol/src/AppProtocolOrionTLV.o
 .text.getDeviceDateStr.constprop.0
                0x08002ee4       0x50 ./Aviora/Application/AppZMeterGw/Services/Protocol/src/AppProtocolOrionTLV.o
 .text.mtlxGetUint16.constprop.0
                0x08002f34       0x2a ./Aviora/Application/AppZMeterGw/Services/Protocol/src/AppProtocolOrionTLV.o
 .text.mtlxGetUint8.constprop.0
                0x08002f5e       0x24 ./Aviora/Application/AppZMeterGw/Services/Protocol/src/AppProtocolOrionTLV.o
 *fill*         0x08002f82        0x2 
 .text.addPacketHeader
                0x08002f84       0x40 ./Aviora/Application/AppZMeterGw/Services/Protocol/src/AppProtocolOrionTLV.o
 .text.buildAckNack.constprop.0
                0x08002fc4       0x3c ./Aviora/Application/AppZMeterGw/Services/Protocol/src/AppProtocolOrionTLV.o
 .text.processDirectiveAddSession
                0x08003000       0xc8 ./Aviora/Application/AppZMeterGw/Services/Protocol/src/AppProtocolOrionTLV.o
 .text.processLoadProfileSession
                0x080030c8      0x290 ./Aviora/Application/AppZMeterGw/Services/Protocol/src/AppProtocolOrionTLV.o
 .text.processReadoutSession
                0x08003358      0x224 ./Aviora/Application/AppZMeterGw/Services/Protocol/src/AppProtocolOrionTLV.o
 .text.processFwUpdateSession
                0x0800357c      0x21c ./Aviora/Application/AppZMeterGw/Services/Protocol/src/AppProtocolOrionTLV.o
 .text.sessionSetIncoming.isra.0
                0x08003798       0x3e ./Aviora/Application/AppZMeterGw/Services/Protocol/src/AppProtocolOrionTLV.o
 *fill*         0x080037d6        0x2 
 .text.connConfigSave.isra.0
                0x080037d8       0x50 ./Aviora/Application/AppZMeterGw/Services/Protocol/src/AppProtocolOrionTLV.o
 .text.appProtocolOrionTLVPutIncomingMessage
                0x08003828       0x8c ./Aviora/Application/AppZMeterGw/Services/Protocol/src/AppProtocolOrionTLV.o
                0x08003828                appProtocolOrionTLVPutIncomingMessage
 .text.buildDirectivePacket.constprop.0
                0x080038b4       0x58 ./Aviora/Application/AppZMeterGw/Services/Protocol/src/AppProtocolOrionTLV.o
 .text.processDirectiveListSession
                0x0800390c      0x158 ./Aviora/Application/AppZMeterGw/Services/Protocol/src/AppProtocolOrionTLV.o
 .text.processPushMeterDataSession
                0x08003a64      0x2e4 ./Aviora/Application/AppZMeterGw/Services/Protocol/src/AppProtocolOrionTLV.o
 .text.buildLogPacket.constprop.0
                0x08003d48       0x58 ./Aviora/Application/AppZMeterGw/Services/Protocol/src/AppProtocolOrionTLV.o
 .text.sendLogPackets
                0x08003da0       0xd4 ./Aviora/Application/AppZMeterGw/Services/Protocol/src/AppProtocolOrionTLV.o
 .text.processSessionMessage
                0x08003e74      0x8c4 ./Aviora/Application/AppZMeterGw/Services/Protocol/src/AppProtocolOrionTLV.o
 .text.protocolTaskFunc
                0x08004738      0x354 ./Aviora/Application/AppZMeterGw/Services/Protocol/src/AppProtocolOrionTLV.o
 .text.appProtocolOrionTLVInit
                0x08004a8c      0x144 ./Aviora/Application/AppZMeterGw/Services/Protocol/src/AppProtocolOrionTLV.o
                0x08004a8c                appProtocolOrionTLVInit
 .text.appProtocolOrionTLVStart
                0x08004bd0      0x104 ./Aviora/Application/AppZMeterGw/Services/Protocol/src/AppProtocolOrionTLV.o
                0x08004bd0                appProtocolOrionTLVStart
 .text.closePullSocket
                0x08004cd4       0x90 ./Aviora/Application/AppZMeterGw/Services/Protocol/src/AppTcpConnManager.o
 .text.disconnectPushSocket
                0x08004d64       0x54 ./Aviora/Application/AppZMeterGw/Services/Protocol/src/AppTcpConnManager.o
 .text.tcpConnectionThread
                0x08004db8      0x6c8 ./Aviora/Application/AppZMeterGw/Services/Protocol/src/AppTcpConnManager.o
 .text.appTcpConnManagerStart
                0x08005480       0xf8 ./Aviora/Application/AppZMeterGw/Services/Protocol/src/AppTcpConnManager.o
                0x08005480                appTcpConnManagerStart
 .text.appTcpConnManagerStop
                0x08005578       0x7c ./Aviora/Application/AppZMeterGw/Services/Protocol/src/AppTcpConnManager.o
                0x08005578                appTcpConnManagerStop
 .text.appTcpConnManagerIsConnectedPush
                0x080055f4       0x18 ./Aviora/Application/AppZMeterGw/Services/Protocol/src/AppTcpConnManager.o
                0x080055f4                appTcpConnManagerIsConnectedPush
 .text.appTcpConnManagerRequestPushConnect
                0x0800560c       0x10 ./Aviora/Application/AppZMeterGw/Services/Protocol/src/AppTcpConnManager.o
                0x0800560c                appTcpConnManagerRequestPushConnect
 .text.appTcpConnManagerRequestPushDisconnect
                0x0800561c       0x10 ./Aviora/Application/AppZMeterGw/Services/Protocol/src/AppTcpConnManager.o
                0x0800561c                appTcpConnManagerRequestPushDisconnect
 .text.appTcpConnManagerRequestConnect
                0x0800562c       0x18 ./Aviora/Application/AppZMeterGw/Services/Protocol/src/AppTcpConnManager.o
                0x0800562c                appTcpConnManagerRequestConnect
 .text.appTcpConnManagerSend
                0x08005644      0x118 ./Aviora/Application/AppZMeterGw/Services/Protocol/src/AppTcpConnManager.o
                0x08005644                appTcpConnManagerSend
 .text.appDevMngHwRestart
                0x0800575c        0x8 ./Aviora/Application/AppZMeterGw/Services/System/AppDeviceManager.o
                0x0800575c                appDevMngHwRestart
 .text.appDevMngInitHwUnits
                0x08005764      0x160 ./Aviora/Application/AppZMeterGw/Services/System/AppDeviceManager.o
                0x08005764                appDevMngInitHwUnits
 .text.timerCb  0x080058c4       0xec ./Aviora/Application/AppZMeterGw/Services/System/AppTaskManager.o
 .text.appTskMngInit
                0x080059b0       0x40 ./Aviora/Application/AppZMeterGw/Services/System/AppTaskManager.o
                0x080059b0                appTskMngInit
 .text.appTskMngCreate
                0x080059f0       0x58 ./Aviora/Application/AppZMeterGw/Services/System/AppTaskManager.o
                0x080059f0                appTskMngCreate
 .text.appTskMngDelete
                0x08005a48       0x38 ./Aviora/Application/AppZMeterGw/Services/System/AppTaskManager.o
                0x08005a48                appTskMngDelete
 .text.appTskMngImOK
                0x08005a80       0x2c ./Aviora/Application/AppZMeterGw/Services/System/AppTaskManager.o
                0x08005a80                appTskMngImOK
 .text.inputACIn
                0x08005aac       0x14 ./Aviora/Application/AppZMeterGw/Services/System/AppZMeterGw.o
 .text.inputSCap
                0x08005ac0       0x14 ./Aviora/Application/AppZMeterGw/Services/System/AppZMeterGw.o
 .text.inputEAIn_1
                0x08005ad4       0x10 ./Aviora/Application/AppZMeterGw/Services/System/AppZMeterGw.o
 .text.inputEAIn_2
                0x08005ae4       0x10 ./Aviora/Application/AppZMeterGw/Services/System/AppZMeterGw.o
 .text.inputCover
                0x08005af4       0x10 ./Aviora/Application/AppZMeterGw/Services/System/AppZMeterGw.o
 .text.inputBody
                0x08005b04       0x10 ./Aviora/Application/AppZMeterGw/Services/System/AppZMeterGw.o
 .text.inputDigital_1
                0x08005b14       0x10 ./Aviora/Application/AppZMeterGw/Services/System/AppZMeterGw.o
 .text.inputDigital_2
                0x08005b24       0x10 ./Aviora/Application/AppZMeterGw/Services/System/AppZMeterGw.o
 .text.inputDigital_3
                0x08005b34       0x10 ./Aviora/Application/AppZMeterGw/Services/System/AppZMeterGw.o
 .text.inputDigital_4
                0x08005b44       0x10 ./Aviora/Application/AppZMeterGw/Services/System/AppZMeterGw.o
 .text.inputDigital_5
                0x08005b54       0x10 ./Aviora/Application/AppZMeterGw/Services/System/AppZMeterGw.o
 .text.inputDigital_6
                0x08005b64       0x10 ./Aviora/Application/AppZMeterGw/Services/System/AppZMeterGw.o
 .text.zmgTask  0x08005b74      0x210 ./Aviora/Application/AppZMeterGw/Services/System/AppZMeterGw.o
 .text.appZMGwInit
                0x08005d84      0x45c ./Aviora/Application/AppZMeterGw/Services/System/AppZMeterGw.o
                0x08005d84                appZMGwInit
 .text.appZMGwStart
                0x080061e0       0x14 ./Aviora/Application/AppZMeterGw/Services/System/AppZMeterGw.o
                0x080061e0                appZMGwStart
 .text.isLeapYear
                0x080061f4       0x2c ./Aviora/Application/AppZMeterGw/Services/TimeService/src/AppTimeService.o
 .text.epochToTm
                0x08006220       0xa0 ./Aviora/Application/AppZMeterGw/Services/TimeService/src/AppTimeService.o
 .text.appTimeServiceInit
                0x080062c0       0x6c ./Aviora/Application/AppZMeterGw/Services/TimeService/src/AppTimeService.o
                0x080062c0                appTimeServiceInit
 .text.appTimeServiceGetTime
                0x0800632c       0x22 ./Aviora/Application/AppZMeterGw/Services/TimeService/src/AppTimeService.o
                0x0800632c                appTimeServiceGetTime
 *fill*         0x0800634e        0x2 
 .text.softTickCb
                0x08006350       0x10 ./Aviora/Application/AppZMeterGw/Services/TimeService/src/time_modules/TimeBackend_SoftTick.o
 .text.appTimeSoftTickInit
                0x08006360       0x98 ./Aviora/Application/AppZMeterGw/Services/TimeService/src/time_modules/TimeBackend_SoftTick.o
                0x08006360                appTimeSoftTickInit
 .text.appTimeSoftTickGetEpoch
                0x080063f8        0xc ./Aviora/Application/AppZMeterGw/Services/TimeService/src/time_modules/TimeBackend_SoftTick.o
                0x080063f8                appTimeSoftTickGetEpoch
 .text.appDBusInit
                0x08006404       0x18 ./Aviora/Application/AppZMeterGw/Units/DataBus/AppDataBus.o
                0x08006404                appDBusInit
 .text.appDBusRegister
                0x0800641c       0x48 ./Aviora/Application/AppZMeterGw/Units/DataBus/AppDataBus.o
                0x0800641c                appDBusRegister
 .text.appDBusUnregister
                0x08006464       0x34 ./Aviora/Application/AppZMeterGw/Units/DataBus/AppDataBus.o
                0x08006464                appDBusUnregister
 .text.appDBusPublish
                0x08006498       0x54 ./Aviora/Application/AppZMeterGw/Units/DataBus/AppDataBus.o
                0x08006498                appDBusPublish
 .text.appDBusReceive
                0x080064ec       0x30 ./Aviora/Application/AppZMeterGw/Units/DataBus/AppDataBus.o
                0x080064ec                appDBusReceive
 .text.appIntMsgParseDevMsg
                0x0800651c       0x12 ./Aviora/Application/AppZMeterGw/Units/DataBus/AppInternalMsgFrame.o
                0x0800651c                appIntMsgParseDevMsg
 .text.appIntMsgCreateDevMsg
                0x0800652e       0x12 ./Aviora/Application/AppZMeterGw/Units/DataBus/AppInternalMsgFrame.o
                0x0800652e                appIntMsgCreateDevMsg
 .text.appIntMsgParseGsmMsg
                0x08006540       0x12 ./Aviora/Application/AppZMeterGw/Units/DataBus/AppInternalMsgFrame.o
                0x08006540                appIntMsgParseGsmMsg
 .text.appConfInit
                0x08006552        0x4 ./Aviora/Application/AppZMeterGw/Units/System/src/AppConfigManager.o
                0x08006552                appConfInit
 .text.appGlobalVarInit
                0x08006556        0x4 ./Aviora/Application/AppZMeterGw/Units/System/src/AppGlobalVariables.o
                0x08006556                appGlobalVarInit
 *fill*         0x0800655a        0x2 
 .text.startup.main
                0x0800655c       0x48 ./Aviora/Application/AppZMeterGw/Units/System/src/main.o
                0x0800655c                main
 .text.appLogStartLoggers
                0x080065a4       0x68 ./Aviora/Customers/Stm407Eva/Logger/Cus_LoggerService_Conf.o
                0x080065a4                appLogStartLoggers
 .text.networkServiceInitTCPIPStack
                0x0800660c        0x4 ./Aviora/Customers/Stm407Eva/Network/Cus_Network_Config.o
                0x0800660c                networkServiceInitTCPIPStack
 .text.networkServiceStartInterfaces
                0x08006610        0x4 ./Aviora/Customers/Stm407Eva/Network/Cus_Network_Config.o
                0x08006610                networkServiceStartInterfaces
 .text.extIntInit
                0x08006614        0x4 ./Aviora/Driver/DeviceDrivers/ENC28J60/src/ext_int_driver.o
                0x08006614                extIntInit
 .text.extIntDisableIrq
                0x08006618       0x18 ./Aviora/Driver/DeviceDrivers/ENC28J60/src/ext_int_driver.o
                0x08006618                extIntDisableIrq
 .text.extIntEnableIrq
                0x08006630       0x10 ./Aviora/Driver/DeviceDrivers/ENC28J60/src/ext_int_driver.o
                0x08006630                extIntEnableIrq
 .text.spiInit  0x08006640        0x4 ./Aviora/Driver/DeviceDrivers/ENC28J60/src/spi_driver.o
                0x08006640                spiInit
 .text.spiSetMode
                0x08006644        0x4 ./Aviora/Driver/DeviceDrivers/ENC28J60/src/spi_driver.o
                0x08006644                spiSetMode
 .text.spiAssertCs
                0x08006648       0x24 ./Aviora/Driver/DeviceDrivers/ENC28J60/src/spi_driver.o
                0x08006648                spiAssertCs
 .text.spiDeassertCs
                0x0800666c       0x34 ./Aviora/Driver/DeviceDrivers/ENC28J60/src/spi_driver.o
                0x0800666c                spiDeassertCs
 .text.spiTransfer
                0x080066a0       0x28 ./Aviora/Driver/DeviceDrivers/ENC28J60/src/spi_driver.o
                0x080066a0                spiTransfer
 .text.spiSetBitrate
                0x080066c8        0x4 ./Aviora/Driver/DeviceDrivers/ENC28J60/src/spi_driver.o
                0x080066c8                spiSetBitrate
 .text.internalStm32f407FlashRead
                0x080066cc       0x18 ./Aviora/Driver/McuCoreDrivers/src/McuInternalFlashDrv_Stm32f407.o
                0x080066cc                internalStm32f407FlashRead
 .text.internalStm32f407FlashProg
                0x080066e4       0x4a ./Aviora/Driver/McuCoreDrivers/src/McuInternalFlashDrv_Stm32f407.o
                0x080066e4                internalStm32f407FlashProg
 *fill*         0x0800672e        0x2 
 .text.internalStm32f407FlashErase
                0x08006730       0xb8 ./Aviora/Driver/McuCoreDrivers/src/McuInternalFlashDrv_Stm32f407.o
                0x08006730                internalStm32f407FlashErase
 .text.internalStm32f407FlashSync
                0x080067e8        0x4 ./Aviora/Driver/McuCoreDrivers/src/McuInternalFlashDrv_Stm32f407.o
                0x080067e8                internalStm32f407FlashSync
 .text.HAL_TIM_PeriodElapsedCallback
                0x080067ec       0x3c ./Aviora/Driver/McuCoreDrivers/src/McuInterruptRegister.o
                0x080067ec                HAL_TIM_PeriodElapsedCallback
 .text.drvIntRegister
                0x08006828       0x20 ./Aviora/Driver/McuCoreDrivers/src/McuInterruptRegister.o
                0x08006828                drvIntRegister
 .text.HAL_InitTick
                0x08006848       0x48 ./Aviora/Driver/StmCubeIDE/STM32F4xx_HAL_Driver/Src/stm32f4xx_hal.o
                0x08006848                HAL_InitTick
 .text.HAL_Init
                0x08006890       0x34 ./Aviora/Driver/StmCubeIDE/STM32F4xx_HAL_Driver/Src/stm32f4xx_hal.o
                0x08006890                HAL_Init
 .text.HAL_IncTick
                0x080068c4       0x18 ./Aviora/Driver/StmCubeIDE/STM32F4xx_HAL_Driver/Src/stm32f4xx_hal.o
                0x080068c4                HAL_IncTick
 .text.HAL_GetTick
                0x080068dc        0xc ./Aviora/Driver/StmCubeIDE/STM32F4xx_HAL_Driver/Src/stm32f4xx_hal.o
                0x080068dc                HAL_GetTick
 .text.HAL_NVIC_SetPriorityGrouping
                0x080068e8       0x24 ./Aviora/Driver/StmCubeIDE/STM32F4xx_HAL_Driver/Src/stm32f4xx_hal_cortex.o
                0x080068e8                HAL_NVIC_SetPriorityGrouping
 .text.HAL_NVIC_SetPriority
                0x0800690c       0x64 ./Aviora/Driver/StmCubeIDE/STM32F4xx_HAL_Driver/Src/stm32f4xx_hal_cortex.o
                0x0800690c                HAL_NVIC_SetPriority
 .text.HAL_NVIC_EnableIRQ
                0x08006970       0x1c ./Aviora/Driver/StmCubeIDE/STM32F4xx_HAL_Driver/Src/stm32f4xx_hal_cortex.o
                0x08006970                HAL_NVIC_EnableIRQ
 .text.HAL_SYSTICK_Config
                0x0800698c       0x28 ./Aviora/Driver/StmCubeIDE/STM32F4xx_HAL_Driver/Src/stm32f4xx_hal_cortex.o
                0x0800698c                HAL_SYSTICK_Config
 .text.HAL_DMA_Abort
                0x080069b4       0x7c ./Aviora/Driver/StmCubeIDE/STM32F4xx_HAL_Driver/Src/stm32f4xx_hal_dma.o
                0x080069b4                HAL_DMA_Abort
 .text.HAL_DMA_Abort_IT
                0x08006a30       0x24 ./Aviora/Driver/StmCubeIDE/STM32F4xx_HAL_Driver/Src/stm32f4xx_hal_dma.o
                0x08006a30                HAL_DMA_Abort_IT
 .text.FLASH_Program_DoubleWord
                0x08006a54       0x2c ./Aviora/Driver/StmCubeIDE/STM32F4xx_HAL_Driver/Src/stm32f4xx_hal_flash.o
 .text.FLASH_Program_Word
                0x08006a80       0x24 ./Aviora/Driver/StmCubeIDE/STM32F4xx_HAL_Driver/Src/stm32f4xx_hal_flash.o
 .text.FLASH_Program_HalfWord
                0x08006aa4       0x24 ./Aviora/Driver/StmCubeIDE/STM32F4xx_HAL_Driver/Src/stm32f4xx_hal_flash.o
 .text.FLASH_SetErrorCode
                0x08006ac8       0x74 ./Aviora/Driver/StmCubeIDE/STM32F4xx_HAL_Driver/Src/stm32f4xx_hal_flash.o
 .text.HAL_FLASH_Unlock
                0x08006b3c       0x24 ./Aviora/Driver/StmCubeIDE/STM32F4xx_HAL_Driver/Src/stm32f4xx_hal_flash.o
                0x08006b3c                HAL_FLASH_Unlock
 .text.HAL_FLASH_Lock
                0x08006b60       0x14 ./Aviora/Driver/StmCubeIDE/STM32F4xx_HAL_Driver/Src/stm32f4xx_hal_flash.o
                0x08006b60                HAL_FLASH_Lock
 .text.FLASH_WaitForLastOperation
                0x08006b74       0x50 ./Aviora/Driver/StmCubeIDE/STM32F4xx_HAL_Driver/Src/stm32f4xx_hal_flash.o
                0x08006b74                FLASH_WaitForLastOperation
 .text.HAL_FLASH_Program
                0x08006bc4       0x8c ./Aviora/Driver/StmCubeIDE/STM32F4xx_HAL_Driver/Src/stm32f4xx_hal_flash.o
                0x08006bc4                HAL_FLASH_Program
 .text.FLASH_MassErase.isra.0
                0x08006c50       0x24 ./Aviora/Driver/StmCubeIDE/STM32F4xx_HAL_Driver/Src/stm32f4xx_hal_flash_ex.o
 .text.FLASH_Erase_Sector
                0x08006c74       0x3c ./Aviora/Driver/StmCubeIDE/STM32F4xx_HAL_Driver/Src/stm32f4xx_hal_flash_ex.o
                0x08006c74                FLASH_Erase_Sector
 .text.FLASH_FlushCaches
                0x08006cb0       0x58 ./Aviora/Driver/StmCubeIDE/STM32F4xx_HAL_Driver/Src/stm32f4xx_hal_flash_ex.o
                0x08006cb0                FLASH_FlushCaches
 .text.HAL_FLASHEx_Erase
                0x08006d08       0xa0 ./Aviora/Driver/StmCubeIDE/STM32F4xx_HAL_Driver/Src/stm32f4xx_hal_flash_ex.o
                0x08006d08                HAL_FLASHEx_Erase
 .text.HAL_GPIO_Init
                0x08006da8      0x1b0 ./Aviora/Driver/StmCubeIDE/STM32F4xx_HAL_Driver/Src/stm32f4xx_hal_gpio.o
                0x08006da8                HAL_GPIO_Init
 .text.HAL_GPIO_ReadPin
                0x08006f58        0xc ./Aviora/Driver/StmCubeIDE/STM32F4xx_HAL_Driver/Src/stm32f4xx_hal_gpio.o
                0x08006f58                HAL_GPIO_ReadPin
 .text.HAL_GPIO_WritePin
                0x08006f64        0xa ./Aviora/Driver/StmCubeIDE/STM32F4xx_HAL_Driver/Src/stm32f4xx_hal_gpio.o
                0x08006f64                HAL_GPIO_WritePin
 .text.HAL_GPIO_TogglePin
                0x08006f6e       0x12 ./Aviora/Driver/StmCubeIDE/STM32F4xx_HAL_Driver/Src/stm32f4xx_hal_gpio.o
                0x08006f6e                HAL_GPIO_TogglePin
 .text.HAL_RCC_OscConfig
                0x08006f80      0x35c ./Aviora/Driver/StmCubeIDE/STM32F4xx_HAL_Driver/Src/stm32f4xx_hal_rcc.o
                0x08006f80                HAL_RCC_OscConfig
 .text.HAL_RCC_GetSysClockFreq
                0x080072dc       0x5c ./Aviora/Driver/StmCubeIDE/STM32F4xx_HAL_Driver/Src/stm32f4xx_hal_rcc.o
                0x080072dc                HAL_RCC_GetSysClockFreq
 .text.HAL_RCC_ClockConfig
                0x08007338      0x134 ./Aviora/Driver/StmCubeIDE/STM32F4xx_HAL_Driver/Src/stm32f4xx_hal_rcc.o
                0x08007338                HAL_RCC_ClockConfig
 .text.HAL_RCC_GetPCLK1Freq
                0x0800746c       0x20 ./Aviora/Driver/StmCubeIDE/STM32F4xx_HAL_Driver/Src/stm32f4xx_hal_rcc.o
                0x0800746c                HAL_RCC_GetPCLK1Freq
 .text.HAL_RCC_GetPCLK2Freq
                0x0800748c       0x20 ./Aviora/Driver/StmCubeIDE/STM32F4xx_HAL_Driver/Src/stm32f4xx_hal_rcc.o
                0x0800748c                HAL_RCC_GetPCLK2Freq
 .text.SPI_WaitFlagStateUntilTimeout
                0x080074ac       0xb8 ./Aviora/Driver/StmCubeIDE/STM32F4xx_HAL_Driver/Src/stm32f4xx_hal_spi.o
 .text.SPI_EndRxTxTransaction
                0x08007564       0x78 ./Aviora/Driver/StmCubeIDE/STM32F4xx_HAL_Driver/Src/stm32f4xx_hal_spi.o
 .text.HAL_SPI_Init
                0x080075dc       0xb8 ./Aviora/Driver/StmCubeIDE/STM32F4xx_HAL_Driver/Src/stm32f4xx_hal_spi.o
                0x080075dc                HAL_SPI_Init
 .text.HAL_SPI_TransmitReceive
                0x08007694      0x1f8 ./Aviora/Driver/StmCubeIDE/STM32F4xx_HAL_Driver/Src/stm32f4xx_hal_spi.o
                0x08007694                HAL_SPI_TransmitReceive
 .text.HAL_TIM_OC_DelayElapsedCallback
                0x0800788c        0x2 ./Aviora/Driver/StmCubeIDE/STM32F4xx_HAL_Driver/Src/stm32f4xx_hal_tim.o
                0x0800788c                HAL_TIM_OC_DelayElapsedCallback
 .text.HAL_TIM_IC_CaptureCallback
                0x0800788e        0x2 ./Aviora/Driver/StmCubeIDE/STM32F4xx_HAL_Driver/Src/stm32f4xx_hal_tim.o
                0x0800788e                HAL_TIM_IC_CaptureCallback
 .text.HAL_TIM_PWM_PulseFinishedCallback
                0x08007890        0x2 ./Aviora/Driver/StmCubeIDE/STM32F4xx_HAL_Driver/Src/stm32f4xx_hal_tim.o
                0x08007890                HAL_TIM_PWM_PulseFinishedCallback
 .text.HAL_TIM_TriggerCallback
                0x08007892        0x2 ./Aviora/Driver/StmCubeIDE/STM32F4xx_HAL_Driver/Src/stm32f4xx_hal_tim.o
                0x08007892                HAL_TIM_TriggerCallback
 .text.HAL_TIM_IRQHandler
                0x08007894      0x128 ./Aviora/Driver/StmCubeIDE/STM32F4xx_HAL_Driver/Src/stm32f4xx_hal_tim.o
                0x08007894                HAL_TIM_IRQHandler
 .text.TIM_Base_SetConfig
                0x080079bc       0xa8 ./Aviora/Driver/StmCubeIDE/STM32F4xx_HAL_Driver/Src/stm32f4xx_hal_tim.o
                0x080079bc                TIM_Base_SetConfig
 .text.HAL_TIM_Base_Init
                0x08007a64       0x58 ./Aviora/Driver/StmCubeIDE/STM32F4xx_HAL_Driver/Src/stm32f4xx_hal_tim.o
                0x08007a64                HAL_TIM_Base_Init
 .text.HAL_TIMEx_MasterConfigSynchronization
                0x08007abc       0x7c ./Aviora/Driver/StmCubeIDE/STM32F4xx_HAL_Driver/Src/stm32f4xx_hal_tim_ex.o
                0x08007abc                HAL_TIMEx_MasterConfigSynchronization
 .text.HAL_TIMEx_CommutCallback
                0x08007b38        0x2 ./Aviora/Driver/StmCubeIDE/STM32F4xx_HAL_Driver/Src/stm32f4xx_hal_tim_ex.o
                0x08007b38                HAL_TIMEx_CommutCallback
 .text.HAL_TIMEx_BreakCallback
                0x08007b3a        0x2 ./Aviora/Driver/StmCubeIDE/STM32F4xx_HAL_Driver/Src/stm32f4xx_hal_tim_ex.o
                0x08007b3a                HAL_TIMEx_BreakCallback
 .text.UART_EndRxTransfer
                0x08007b3c       0x5c ./Aviora/Driver/StmCubeIDE/STM32F4xx_HAL_Driver/Src/stm32f4xx_hal_uart.o
 .text.UART_SetConfig
                0x08007b98       0xbc ./Aviora/Driver/StmCubeIDE/STM32F4xx_HAL_Driver/Src/stm32f4xx_hal_uart.o
 .text.UART_WaitOnFlagUntilTimeout.constprop.0
                0x08007c54       0x64 ./Aviora/Driver/StmCubeIDE/STM32F4xx_HAL_Driver/Src/stm32f4xx_hal_uart.o
 .text.HAL_UART_Init
                0x08007cb8       0x5e ./Aviora/Driver/StmCubeIDE/STM32F4xx_HAL_Driver/Src/stm32f4xx_hal_uart.o
                0x08007cb8                HAL_UART_Init
 .text.HAL_UART_Transmit
                0x08007d16       0x9c ./Aviora/Driver/StmCubeIDE/STM32F4xx_HAL_Driver/Src/stm32f4xx_hal_uart.o
                0x08007d16                HAL_UART_Transmit
 .text.HAL_UART_TxCpltCallback
                0x08007db2        0x2 ./Aviora/Driver/StmCubeIDE/STM32F4xx_HAL_Driver/Src/stm32f4xx_hal_uart.o
                0x08007db2                HAL_UART_TxCpltCallback
 .text.HAL_UART_RxCpltCallback
                0x08007db4        0x2 ./Aviora/Driver/StmCubeIDE/STM32F4xx_HAL_Driver/Src/stm32f4xx_hal_uart.o
                0x08007db4                HAL_UART_RxCpltCallback
 .text.HAL_UART_ErrorCallback
                0x08007db6        0x2 ./Aviora/Driver/StmCubeIDE/STM32F4xx_HAL_Driver/Src/stm32f4xx_hal_uart.o
                0x08007db6                HAL_UART_ErrorCallback
 .text.UART_DMAAbortOnError
                0x08007db8        0xe ./Aviora/Driver/StmCubeIDE/STM32F4xx_HAL_Driver/Src/stm32f4xx_hal_uart.o
 .text.HAL_UARTEx_RxEventCallback
                0x08007dc6        0x2 ./Aviora/Driver/StmCubeIDE/STM32F4xx_HAL_Driver/Src/stm32f4xx_hal_uart.o
                0x08007dc6                HAL_UARTEx_RxEventCallback
 .text.UART_Receive_IT.isra.0
                0x08007dc8       0xb6 ./Aviora/Driver/StmCubeIDE/STM32F4xx_HAL_Driver/Src/stm32f4xx_hal_uart.o
 *fill*         0x08007e7e        0x2 
 .text.HAL_UART_IRQHandler
                0x08007e80      0x2a0 ./Aviora/Driver/StmCubeIDE/STM32F4xx_HAL_Driver/Src/stm32f4xx_hal_uart.o
                0x08007e80                HAL_UART_IRQHandler
 .text.MX_GPIO_Init
                0x08008120       0xf4 ./Aviora/Driver/StmCubeIDE/Src/gpio.o
                0x08008120                MX_GPIO_Init
 .text.SystemClock_Config
                0x08008214       0xa0 ./Aviora/Driver/StmCubeIDE/Src/main_stm.o
                0x08008214                SystemClock_Config
 .text.Error_Handler
                0x080082b4        0x4 ./Aviora/Driver/StmCubeIDE/Src/main_stm.o
                0x080082b4                Error_Handler
 .text.MX_SPI1_Init
                0x080082b8       0x44 ./Aviora/Driver/StmCubeIDE/Src/spi.o
                0x080082b8                MX_SPI1_Init
 .text.HAL_SPI_MspInit
                0x080082fc       0x6c ./Aviora/Driver/StmCubeIDE/Src/spi.o
                0x080082fc                HAL_SPI_MspInit
 .text.HAL_MspInit
                0x08008368       0x40 ./Aviora/Driver/StmCubeIDE/Src/stm32f4xx_hal_msp.o
                0x08008368                HAL_MspInit
 .text.NMI_Handler
                0x080083a8        0x2 ./Aviora/Driver/StmCubeIDE/Src/stm32f4xx_it.o
                0x080083a8                NMI_Handler
 .text.HardFault_Handler
                0x080083aa        0x2 ./Aviora/Driver/StmCubeIDE/Src/stm32f4xx_it.o
                0x080083aa                HardFault_Handler
 .text.MemManage_Handler
                0x080083ac        0x2 ./Aviora/Driver/StmCubeIDE/Src/stm32f4xx_it.o
                0x080083ac                MemManage_Handler
 .text.BusFault_Handler
                0x080083ae        0x2 ./Aviora/Driver/StmCubeIDE/Src/stm32f4xx_it.o
                0x080083ae                BusFault_Handler
 .text.UsageFault_Handler
                0x080083b0        0x2 ./Aviora/Driver/StmCubeIDE/Src/stm32f4xx_it.o
                0x080083b0                UsageFault_Handler
 .text.DebugMon_Handler
                0x080083b2        0x2 ./Aviora/Driver/StmCubeIDE/Src/stm32f4xx_it.o
                0x080083b2                DebugMon_Handler
 .text.SysTick_Handler
                0x080083b4       0x18 ./Aviora/Driver/StmCubeIDE/Src/stm32f4xx_it.o
                0x080083b4                SysTick_Handler
 .text.USART2_IRQHandler
                0x080083cc        0xc ./Aviora/Driver/StmCubeIDE/Src/stm32f4xx_it.o
                0x080083cc                USART2_IRQHandler
 .text.TIM7_IRQHandler
                0x080083d8        0xc ./Aviora/Driver/StmCubeIDE/Src/stm32f4xx_it.o
                0x080083d8                TIM7_IRQHandler
 .text.USART6_IRQHandler
                0x080083e4        0xc ./Aviora/Driver/StmCubeIDE/Src/stm32f4xx_it.o
                0x080083e4                USART6_IRQHandler
 .text._exit    0x080083f0        0xc ./Aviora/Driver/StmCubeIDE/Src/syscalls.o
                0x080083f0                _exit
 .text._read    0x080083fc       0x1c ./Aviora/Driver/StmCubeIDE/Src/syscalls.o
                0x080083fc                _read
 .text._close   0x08008418        0x6 ./Aviora/Driver/StmCubeIDE/Src/syscalls.o
                0x08008418                _close
 .text._fstat   0x0800841e        0xa ./Aviora/Driver/StmCubeIDE/Src/syscalls.o
                0x0800841e                _fstat
 .text._isatty  0x08008428        0x4 ./Aviora/Driver/StmCubeIDE/Src/syscalls.o
                0x08008428                _isatty
 .text._lseek   0x0800842c        0x4 ./Aviora/Driver/StmCubeIDE/Src/syscalls.o
                0x0800842c                _lseek
 .text.SystemInit
                0x08008430       0x14 ./Aviora/Driver/StmCubeIDE/Src/system_stm32f4xx.o
                0x08008430                SystemInit
 .text.MX_TIM6_Init
                0x08008444       0x44 ./Aviora/Driver/StmCubeIDE/Src/tim.o
                0x08008444                MX_TIM6_Init
 .text.MX_TIM7_Init
                0x08008488       0x44 ./Aviora/Driver/StmCubeIDE/Src/tim.o
                0x08008488                MX_TIM7_Init
 .text.HAL_TIM_Base_MspInit
                0x080084cc       0x68 ./Aviora/Driver/StmCubeIDE/Src/tim.o
                0x080084cc                HAL_TIM_Base_MspInit
 .text.MX_USART2_UART_Init
                0x08008534       0x38 ./Aviora/Driver/StmCubeIDE/Src/usart.o
                0x08008534                MX_USART2_UART_Init
 .text.MX_USART6_UART_Init
                0x0800856c       0x38 ./Aviora/Driver/StmCubeIDE/Src/usart.o
                0x0800856c                MX_USART6_UART_Init
 .text.HAL_UART_MspInit
                0x080085a4       0xe0 ./Aviora/Driver/StmCubeIDE/Src/usart.o
                0x080085a4                HAL_UART_MspInit
 .text._write   0x08008684       0x18 ./Aviora/Driver/StmCubeIDE/Src/usart.o
                0x08008684                _write
 .text.swapInt16
                0x0800869c        0x6 ./Aviora/Middleware/CycloneTcp/common/cpu_endian.o
                0x0800869c                swapInt16
 .text.swapInt32
                0x080086a2        0x4 ./Aviora/Middleware/CycloneTcp/common/cpu_endian.o
                0x080086a2                swapInt32
 *fill*         0x080086a6        0x2 
 .text.formatSystemTime
                0x080086a8       0x88 ./Aviora/Middleware/CycloneTcp/common/date_time.o
                0x080086a8                formatSystemTime
 .text.osCreateTask
                0x08008730       0x46 ./Aviora/Middleware/CycloneTcp/common/os_port_freertos.o
                0x08008730                osCreateTask
 .text.osSuspendAllTasks
                0x08008776       0x14 ./Aviora/Middleware/CycloneTcp/common/os_port_freertos.o
                0x08008776                osSuspendAllTasks
 .text.osResumeAllTasks
                0x0800878a       0x14 ./Aviora/Middleware/CycloneTcp/common/os_port_freertos.o
                0x0800878a                osResumeAllTasks
 .text.osCreateEvent
                0x0800879e       0x20 ./Aviora/Middleware/CycloneTcp/common/os_port_freertos.o
                0x0800879e                osCreateEvent
 .text.osDeleteEvent
                0x080087be        0xa ./Aviora/Middleware/CycloneTcp/common/os_port_freertos.o
                0x080087be                osDeleteEvent
 .text.osSetEvent
                0x080087c8        0xc ./Aviora/Middleware/CycloneTcp/common/os_port_freertos.o
                0x080087c8                osSetEvent
 .text.osResetEvent
                0x080087d4        0x8 ./Aviora/Middleware/CycloneTcp/common/os_port_freertos.o
                0x080087d4                osResetEvent
 .text.osWaitForEvent
                0x080087dc        0x6 ./Aviora/Middleware/CycloneTcp/common/os_port_freertos.o
                0x080087dc                osWaitForEvent
 .text.osCreateMutex
                0x080087e2       0x16 ./Aviora/Middleware/CycloneTcp/common/os_port_freertos.o
                0x080087e2                osCreateMutex
 .text.osAcquireMutex
                0x080087f8        0xa ./Aviora/Middleware/CycloneTcp/common/os_port_freertos.o
                0x080087f8                osAcquireMutex
 .text.osReleaseMutex
                0x08008802        0xc ./Aviora/Middleware/CycloneTcp/common/os_port_freertos.o
                0x08008802                osReleaseMutex
 .text.osGetSystemTime
                0x0800880e        0x4 ./Aviora/Middleware/CycloneTcp/common/os_port_freertos.o
                0x0800880e                osGetSystemTime
 .text.osAllocMem
                0x08008812        0x4 ./Aviora/Middleware/CycloneTcp/common/os_port_freertos.o
                0x08008812                osAllocMem
 .text.osFreeMem
                0x08008816        0x8 ./Aviora/Middleware/CycloneTcp/common/os_port_freertos.o
                0x08008816                osFreeMem
 .text.c_socket
                0x0800881e       0x30 ./Aviora/Middleware/CycloneTcp/cyclone_tcp/core/bsd_socket.o
                0x0800881e                c_socket
 *fill*         0x0800884e        0x2 
 .text.c_bind   0x08008850       0x58 ./Aviora/Middleware/CycloneTcp/cyclone_tcp/core/bsd_socket.o
                0x08008850                c_bind
 .text.c_connect
                0x080088a8       0x68 ./Aviora/Middleware/CycloneTcp/cyclone_tcp/core/bsd_socket.o
                0x080088a8                c_connect
 .text.c_listen
                0x08008910       0x2c ./Aviora/Middleware/CycloneTcp/cyclone_tcp/core/bsd_socket.o
                0x08008910                c_listen
 .text.c_accept
                0x0800893c       0x70 ./Aviora/Middleware/CycloneTcp/cyclone_tcp/core/bsd_socket.o
                0x0800893c                c_accept
 .text.c_send   0x080089ac       0x50 ./Aviora/Middleware/CycloneTcp/cyclone_tcp/core/bsd_socket.o
                0x080089ac                c_send
 .text.c_recv   0x080089fc       0x58 ./Aviora/Middleware/CycloneTcp/cyclone_tcp/core/bsd_socket.o
                0x080089fc                c_recv
 .text.c_setsockopt
                0x08008a54      0x288 ./Aviora/Middleware/CycloneTcp/cyclone_tcp/core/bsd_socket.o
                0x08008a54                c_setsockopt
 .text.c_getsockopt
                0x08008cdc      0x288 ./Aviora/Middleware/CycloneTcp/cyclone_tcp/core/bsd_socket.o
                0x08008cdc                c_getsockopt
 .text.c_fcntl  0x08008f64       0x6c ./Aviora/Middleware/CycloneTcp/cyclone_tcp/core/bsd_socket.o
                0x08008f64                c_fcntl
 .text.c_closesocket
                0x08008fd0       0x24 ./Aviora/Middleware/CycloneTcp/cyclone_tcp/core/bsd_socket.o
                0x08008fd0                c_closesocket
 .text.c_select
                0x08008ff4      0x158 ./Aviora/Middleware/CycloneTcp/cyclone_tcp/core/bsd_socket.o
                0x08008ff4                c_select
 .text.c_inet_aton
                0x0800914c       0x1a ./Aviora/Middleware/CycloneTcp/cyclone_tcp/core/bsd_socket.o
                0x0800914c                c_inet_aton
 *fill*         0x08009166        0x2 
 .text.c_inet_ntoa
                0x08009168       0x18 ./Aviora/Middleware/CycloneTcp/cyclone_tcp/core/bsd_socket.o
                0x08009168                c_inet_ntoa
 .text.c_inet_pton
                0x08009180       0x28 ./Aviora/Middleware/CycloneTcp/cyclone_tcp/core/bsd_socket.o
                0x08009180                c_inet_pton
 .text.socketFdZero
                0x080091a8        0x6 ./Aviora/Middleware/CycloneTcp/cyclone_tcp/core/bsd_socket_misc.o
                0x080091a8                socketFdZero
 .text.socketFdSet
                0x080091ae       0x28 ./Aviora/Middleware/CycloneTcp/cyclone_tcp/core/bsd_socket_misc.o
                0x080091ae                socketFdSet
 .text.socketFdClr
                0x080091d6       0x30 ./Aviora/Middleware/CycloneTcp/cyclone_tcp/core/bsd_socket_misc.o
                0x080091d6                socketFdClr
 .text.socketFdIsSet
                0x08009206       0x1e ./Aviora/Middleware/CycloneTcp/cyclone_tcp/core/bsd_socket_misc.o
                0x08009206                socketFdIsSet
 .text.socketSetErrnoCode
                0x08009224        0x6 ./Aviora/Middleware/CycloneTcp/cyclone_tcp/core/bsd_socket_misc.o
                0x08009224                socketSetErrnoCode
 .text.socketTranslateErrorCode
                0x0800922a       0x58 ./Aviora/Middleware/CycloneTcp/cyclone_tcp/core/bsd_socket_misc.o
                0x0800922a                socketTranslateErrorCode
 *fill*         0x08009282        0x2 
 .text.socketSetSoReuseAddrOption
                0x08009284       0x3c ./Aviora/Middleware/CycloneTcp/cyclone_tcp/core/bsd_socket_options.o
                0x08009284                socketSetSoReuseAddrOption
 .text.socketSetSoBroadcastOption
                0x080092c0       0x1c ./Aviora/Middleware/CycloneTcp/cyclone_tcp/core/bsd_socket_options.o
                0x080092c0                socketSetSoBroadcastOption
 .text.socketSetSoSndTimeoOption
                0x080092dc       0x3c ./Aviora/Middleware/CycloneTcp/cyclone_tcp/core/bsd_socket_options.o
                0x080092dc                socketSetSoSndTimeoOption
 .text.socketSetSoRcvTimeoOption
                0x08009318        0x4 ./Aviora/Middleware/CycloneTcp/cyclone_tcp/core/bsd_socket_options.o
                0x08009318                socketSetSoRcvTimeoOption
 .text.socketSetSoSndBufOption
                0x0800931c       0x1c ./Aviora/Middleware/CycloneTcp/cyclone_tcp/core/bsd_socket_options.o
                0x0800931c                socketSetSoSndBufOption
 .text.socketSetSoRcvBufOption
                0x08009338       0x1c ./Aviora/Middleware/CycloneTcp/cyclone_tcp/core/bsd_socket_options.o
                0x08009338                socketSetSoRcvBufOption
 .text.socketSetSoKeepAliveOption
                0x08009354        0xe ./Aviora/Middleware/CycloneTcp/cyclone_tcp/core/bsd_socket_options.o
                0x08009354                socketSetSoKeepAliveOption
 .text.socketSetIpTosOption
                0x08009362       0x1c ./Aviora/Middleware/CycloneTcp/cyclone_tcp/core/bsd_socket_options.o
                0x08009362                socketSetIpTosOption
 .text.socketSetIpTtlOption
                0x0800937e       0x1c ./Aviora/Middleware/CycloneTcp/cyclone_tcp/core/bsd_socket_options.o
                0x0800937e                socketSetIpTtlOption
 .text.socketSetIpMulticastIfOption
                0x0800939a       0x16 ./Aviora/Middleware/CycloneTcp/cyclone_tcp/core/bsd_socket_options.o
                0x0800939a                socketSetIpMulticastIfOption
 .text.socketSetIpMulticastTtlOption
                0x080093b0       0x1c ./Aviora/Middleware/CycloneTcp/cyclone_tcp/core/bsd_socket_options.o
                0x080093b0                socketSetIpMulticastTtlOption
 .text.socketSetIpMulticastLoopOption
                0x080093cc       0x3c ./Aviora/Middleware/CycloneTcp/cyclone_tcp/core/bsd_socket_options.o
                0x080093cc                socketSetIpMulticastLoopOption
 .text.socketSetIpAddMembershipOption
                0x08009408       0x2c ./Aviora/Middleware/CycloneTcp/cyclone_tcp/core/bsd_socket_options.o
                0x08009408                socketSetIpAddMembershipOption
 .text.socketSetIpDropMembershipOption
                0x08009434       0x28 ./Aviora/Middleware/CycloneTcp/cyclone_tcp/core/bsd_socket_options.o
                0x08009434                socketSetIpDropMembershipOption
 .text.socketSetIpDontFragOption
                0x0800945c       0x3c ./Aviora/Middleware/CycloneTcp/cyclone_tcp/core/bsd_socket_options.o
                0x0800945c                socketSetIpDontFragOption
 .text.socketSetIpPktInfoOption
                0x08009498       0x3c ./Aviora/Middleware/CycloneTcp/cyclone_tcp/core/bsd_socket_options.o
                0x08009498                socketSetIpPktInfoOption
 .text.socketSetIpRecvTosOption
                0x080094d4       0x3c ./Aviora/Middleware/CycloneTcp/cyclone_tcp/core/bsd_socket_options.o
                0x080094d4                socketSetIpRecvTosOption
 .text.socketSetIpRecvTtlOption
                0x08009510       0x3c ./Aviora/Middleware/CycloneTcp/cyclone_tcp/core/bsd_socket_options.o
                0x08009510                socketSetIpRecvTtlOption
 .text.socketSetIpv6TrafficClassOption
                0x0800954c        0xe ./Aviora/Middleware/CycloneTcp/cyclone_tcp/core/bsd_socket_options.o
                0x0800954c                socketSetIpv6TrafficClassOption
 .text.socketSetIpv6UnicastHopsOption
                0x0800955a        0xe ./Aviora/Middleware/CycloneTcp/cyclone_tcp/core/bsd_socket_options.o
                0x0800955a                socketSetIpv6UnicastHopsOption
 .text.socketSetIpv6MulticastIfOption
                0x08009568        0xe ./Aviora/Middleware/CycloneTcp/cyclone_tcp/core/bsd_socket_options.o
                0x08009568                socketSetIpv6MulticastIfOption
 .text.socketSetIpv6MulticastHopsOption
                0x08009576        0xe ./Aviora/Middleware/CycloneTcp/cyclone_tcp/core/bsd_socket_options.o
                0x08009576                socketSetIpv6MulticastHopsOption
 .text.socketSetIpv6MulticastLoopOption
                0x08009584        0xe ./Aviora/Middleware/CycloneTcp/cyclone_tcp/core/bsd_socket_options.o
                0x08009584                socketSetIpv6MulticastLoopOption
 .text.socketSetIpv6AddMembershipOption
                0x08009592        0xe ./Aviora/Middleware/CycloneTcp/cyclone_tcp/core/bsd_socket_options.o
                0x08009592                socketSetIpv6AddMembershipOption
 .text.socketSetIpv6DropMembershipOption
                0x080095a0        0xe ./Aviora/Middleware/CycloneTcp/cyclone_tcp/core/bsd_socket_options.o
                0x080095a0                socketSetIpv6DropMembershipOption
 .text.socketSetIpv6OnlyOption
                0x080095ae        0xe ./Aviora/Middleware/CycloneTcp/cyclone_tcp/core/bsd_socket_options.o
                0x080095ae                socketSetIpv6OnlyOption
 .text.socketSetIpv6DontFragOption
                0x080095bc        0xe ./Aviora/Middleware/CycloneTcp/cyclone_tcp/core/bsd_socket_options.o
                0x080095bc                socketSetIpv6DontFragOption
 .text.socketSetIpv6PktInfoOption
                0x080095ca        0xe ./Aviora/Middleware/CycloneTcp/cyclone_tcp/core/bsd_socket_options.o
                0x080095ca                socketSetIpv6PktInfoOption
 .text.socketSetIpv6RecvTrafficClassOption
                0x080095d8        0xe ./Aviora/Middleware/CycloneTcp/cyclone_tcp/core/bsd_socket_options.o
                0x080095d8                socketSetIpv6RecvTrafficClassOption
 .text.socketSetIpv6RecvHopLimitOption
                0x080095e6        0xe ./Aviora/Middleware/CycloneTcp/cyclone_tcp/core/bsd_socket_options.o
                0x080095e6                socketSetIpv6RecvHopLimitOption
 .text.socketSetTcpNoDelayOption
                0x080095f4       0x3c ./Aviora/Middleware/CycloneTcp/cyclone_tcp/core/bsd_socket_options.o
                0x080095f4                socketSetTcpNoDelayOption
 .text.socketSetTcpMaxSegOption
                0x08009630       0x1c ./Aviora/Middleware/CycloneTcp/cyclone_tcp/core/bsd_socket_options.o
                0x08009630                socketSetTcpMaxSegOption
 .text.socketSetTcpKeepIdleOption
                0x0800964c        0xe ./Aviora/Middleware/CycloneTcp/cyclone_tcp/core/bsd_socket_options.o
                0x0800964c                socketSetTcpKeepIdleOption
 .text.socketSetTcpKeepIntvlOption
                0x0800965a        0xe ./Aviora/Middleware/CycloneTcp/cyclone_tcp/core/bsd_socket_options.o
                0x0800965a                socketSetTcpKeepIntvlOption
 .text.socketSetTcpKeepCntOption
                0x08009668        0xe ./Aviora/Middleware/CycloneTcp/cyclone_tcp/core/bsd_socket_options.o
                0x08009668                socketSetTcpKeepCntOption
 .text.socketGetSoReuseAddrOption
                0x08009676       0x24 ./Aviora/Middleware/CycloneTcp/cyclone_tcp/core/bsd_socket_options.o
                0x08009676                socketGetSoReuseAddrOption
 .text.socketGetSoBroadcastOption
                0x0800969a       0x24 ./Aviora/Middleware/CycloneTcp/cyclone_tcp/core/bsd_socket_options.o
                0x0800969a                socketGetSoBroadcastOption
 .text.socketGetSoSndTimeoOption
                0x080096be       0x42 ./Aviora/Middleware/CycloneTcp/cyclone_tcp/core/bsd_socket_options.o
                0x080096be                socketGetSoSndTimeoOption
 .text.socketGetSoRcvTimeoOption
                0x08009700        0x4 ./Aviora/Middleware/CycloneTcp/cyclone_tcp/core/bsd_socket_options.o
                0x08009700                socketGetSoRcvTimeoOption
 .text.socketGetSoSndBufOption
                0x08009704       0x22 ./Aviora/Middleware/CycloneTcp/cyclone_tcp/core/bsd_socket_options.o
                0x08009704                socketGetSoSndBufOption
 .text.socketGetSoRcvBufOption
                0x08009726       0x22 ./Aviora/Middleware/CycloneTcp/cyclone_tcp/core/bsd_socket_options.o
                0x08009726                socketGetSoRcvBufOption
 .text.socketGetSoKeepAliveOption
                0x08009748        0xe ./Aviora/Middleware/CycloneTcp/cyclone_tcp/core/bsd_socket_options.o
                0x08009748                socketGetSoKeepAliveOption
 .text.socketGetSoTypeOption
                0x08009756       0x2c ./Aviora/Middleware/CycloneTcp/cyclone_tcp/core/bsd_socket_options.o
                0x08009756                socketGetSoTypeOption
 .text.socketGetSoErrorOption
                0x08009782       0x24 ./Aviora/Middleware/CycloneTcp/cyclone_tcp/core/bsd_socket_options.o
                0x08009782                socketGetSoErrorOption
 .text.socketGetIpTosOption
                0x080097a6       0x22 ./Aviora/Middleware/CycloneTcp/cyclone_tcp/core/bsd_socket_options.o
                0x080097a6                socketGetIpTosOption
 .text.socketGetIpTtlOption
                0x080097c8       0x22 ./Aviora/Middleware/CycloneTcp/cyclone_tcp/core/bsd_socket_options.o
                0x080097c8                socketGetIpTtlOption
 .text.socketGetIpMulticastTtlOption
                0x080097ea       0x22 ./Aviora/Middleware/CycloneTcp/cyclone_tcp/core/bsd_socket_options.o
                0x080097ea                socketGetIpMulticastTtlOption
 .text.socketGetIpMulticastLoopOption
                0x0800980c       0x24 ./Aviora/Middleware/CycloneTcp/cyclone_tcp/core/bsd_socket_options.o
                0x0800980c                socketGetIpMulticastLoopOption
 .text.socketGetIpDontFragOption
                0x08009830       0x24 ./Aviora/Middleware/CycloneTcp/cyclone_tcp/core/bsd_socket_options.o
                0x08009830                socketGetIpDontFragOption
 .text.socketGetIpPktInfoOption
                0x08009854       0x24 ./Aviora/Middleware/CycloneTcp/cyclone_tcp/core/bsd_socket_options.o
                0x08009854                socketGetIpPktInfoOption
 .text.socketGetIpRecvTosOption
                0x08009878       0x24 ./Aviora/Middleware/CycloneTcp/cyclone_tcp/core/bsd_socket_options.o
                0x08009878                socketGetIpRecvTosOption
 .text.socketGetIpRecvTtlOption
                0x0800989c       0x24 ./Aviora/Middleware/CycloneTcp/cyclone_tcp/core/bsd_socket_options.o
                0x0800989c                socketGetIpRecvTtlOption
 .text.socketGetIpv6TrafficClassOption
                0x080098c0        0xe ./Aviora/Middleware/CycloneTcp/cyclone_tcp/core/bsd_socket_options.o
                0x080098c0                socketGetIpv6TrafficClassOption
 .text.socketGetIpv6UnicastHopsOption
                0x080098ce        0xe ./Aviora/Middleware/CycloneTcp/cyclone_tcp/core/bsd_socket_options.o
                0x080098ce                socketGetIpv6UnicastHopsOption
 .text.socketGetIpv6MulticastHopsOption
                0x080098dc        0xe ./Aviora/Middleware/CycloneTcp/cyclone_tcp/core/bsd_socket_options.o
                0x080098dc                socketGetIpv6MulticastHopsOption
 .text.socketGetIpv6MulticastLoopOption
                0x080098ea        0xe ./Aviora/Middleware/CycloneTcp/cyclone_tcp/core/bsd_socket_options.o
                0x080098ea                socketGetIpv6MulticastLoopOption
 .text.socketGetIpv6OnlyOption
                0x080098f8        0xe ./Aviora/Middleware/CycloneTcp/cyclone_tcp/core/bsd_socket_options.o
                0x080098f8                socketGetIpv6OnlyOption
 .text.socketGetIpv6DontFragOption
                0x08009906        0xe ./Aviora/Middleware/CycloneTcp/cyclone_tcp/core/bsd_socket_options.o
                0x08009906                socketGetIpv6DontFragOption
 .text.socketGetIpv6PktInfoOption
                0x08009914        0xe ./Aviora/Middleware/CycloneTcp/cyclone_tcp/core/bsd_socket_options.o
                0x08009914                socketGetIpv6PktInfoOption
 .text.socketGetIpv6RecvTrafficClassOption
                0x08009922        0xe ./Aviora/Middleware/CycloneTcp/cyclone_tcp/core/bsd_socket_options.o
                0x08009922                socketGetIpv6RecvTrafficClassOption
 .text.socketGetIpv6RecvHopLimitOption
                0x08009930        0xe ./Aviora/Middleware/CycloneTcp/cyclone_tcp/core/bsd_socket_options.o
                0x08009930                socketGetIpv6RecvHopLimitOption
 .text.socketGetTcpNoDelayOption
                0x0800993e       0x24 ./Aviora/Middleware/CycloneTcp/cyclone_tcp/core/bsd_socket_options.o
                0x0800993e                socketGetTcpNoDelayOption
 *fill*         0x08009962        0x2 
 .text.socketGetTcpMaxSegOption
                0x08009964       0x40 ./Aviora/Middleware/CycloneTcp/cyclone_tcp/core/bsd_socket_options.o
                0x08009964                socketGetTcpMaxSegOption
 .text.socketGetTcpKeepIdleOption
                0x080099a4        0xe ./Aviora/Middleware/CycloneTcp/cyclone_tcp/core/bsd_socket_options.o
                0x080099a4                socketGetTcpKeepIdleOption
 .text.socketGetTcpKeepIntvlOption
                0x080099b2        0xe ./Aviora/Middleware/CycloneTcp/cyclone_tcp/core/bsd_socket_options.o
                0x080099b2                socketGetTcpKeepIntvlOption
 .text.socketGetTcpKeepCntOption
                0x080099c0        0xe ./Aviora/Middleware/CycloneTcp/cyclone_tcp/core/bsd_socket_options.o
                0x080099c0                socketGetTcpKeepCntOption
 .text.ethInit  0x080099ce       0x10 ./Aviora/Middleware/CycloneTcp/cyclone_tcp/core/ethernet.o
                0x080099ce                ethInit
 *fill*         0x080099de        0x2 
 .text.ethProcessFrame
                0x080099e0       0xcc ./Aviora/Middleware/CycloneTcp/cyclone_tcp/core/ethernet.o
                0x080099e0                ethProcessFrame
 .text.ethSendFrame
                0x08009aac       0xd0 ./Aviora/Middleware/CycloneTcp/cyclone_tcp/core/ethernet.o
                0x08009aac                ethSendFrame
 .text.ethAcceptMacAddr
                0x08009b7c       0x6c ./Aviora/Middleware/CycloneTcp/cyclone_tcp/core/ethernet.o
                0x08009b7c                ethAcceptMacAddr
 .text.ethDropMacAddr
                0x08009be8       0x5a ./Aviora/Middleware/CycloneTcp/cyclone_tcp/core/ethernet.o
                0x08009be8                ethDropMacAddr
 .text.ethAllocBuffer
                0x08009c42       0x12 ./Aviora/Middleware/CycloneTcp/cyclone_tcp/core/ethernet.o
                0x08009c42                ethAllocBuffer
 .text.macStringToAddr
                0x08009c54       0x70 ./Aviora/Middleware/CycloneTcp/cyclone_tcp/core/ethernet.o
                0x08009c54                macStringToAddr
 .text.macAddrToEui64
                0x08009cc4       0x26 ./Aviora/Middleware/CycloneTcp/cyclone_tcp/core/ethernet.o
                0x08009cc4                macAddrToEui64
 *fill*         0x08009cea        0x2 
 .text.ethPadFrame
                0x08009cec       0x28 ./Aviora/Middleware/CycloneTcp/cyclone_tcp/core/ethernet_misc.o
                0x08009cec                ethPadFrame
 .text.ethCheckDestAddr
                0x08009d14       0x50 ./Aviora/Middleware/CycloneTcp/cyclone_tcp/core/ethernet_misc.o
                0x08009d14                ethCheckDestAddr
 .text.ethUpdateInStats
                0x08009d64        0x2 ./Aviora/Middleware/CycloneTcp/cyclone_tcp/core/ethernet_misc.o
                0x08009d64                ethUpdateInStats
 .text.ethUpdateOutStats
                0x08009d66        0x2 ./Aviora/Middleware/CycloneTcp/cyclone_tcp/core/ethernet_misc.o
                0x08009d66                ethUpdateOutStats
 .text.ethUpdateErrorStats
                0x08009d68        0x2 ./Aviora/Middleware/CycloneTcp/cyclone_tcp/core/ethernet_misc.o
                0x08009d68                ethUpdateErrorStats
 *fill*         0x08009d6a        0x2 
 .text.ethCalcCrc
                0x08009d6c       0x30 ./Aviora/Middleware/CycloneTcp/cyclone_tcp/core/ethernet_misc.o
                0x08009d6c                ethCalcCrc
 .text.ethCalcCrcEx
                0x08009d9c       0x5c ./Aviora/Middleware/CycloneTcp/cyclone_tcp/core/ethernet_misc.o
                0x08009d9c                ethCalcCrcEx
 .text.ethCheckCrc
                0x08009df8       0x5c ./Aviora/Middleware/CycloneTcp/cyclone_tcp/core/ethernet_misc.o
                0x08009df8                ethCheckCrc
 .text.ipSendDatagram
                0x08009e54       0x1a ./Aviora/Middleware/CycloneTcp/cyclone_tcp/core/ip.o
                0x08009e54                ipSendDatagram
 .text.ipSelectSourceAddr
                0x08009e6e       0x14 ./Aviora/Middleware/CycloneTcp/cyclone_tcp/core/ip.o
                0x08009e6e                ipSelectSourceAddr
 .text.ipIsUnspecifiedAddr
                0x08009e82       0x12 ./Aviora/Middleware/CycloneTcp/cyclone_tcp/core/ip.o
                0x08009e82                ipIsUnspecifiedAddr
 .text.ipIsLinkLocalAddr
                0x08009e94       0x18 ./Aviora/Middleware/CycloneTcp/cyclone_tcp/core/ip.o
                0x08009e94                ipIsLinkLocalAddr
 .text.ipIsMulticastAddr
                0x08009eac       0x1a ./Aviora/Middleware/CycloneTcp/cyclone_tcp/core/ip.o
                0x08009eac                ipIsMulticastAddr
 .text.ipIsBroadcastAddr
                0x08009ec6       0x14 ./Aviora/Middleware/CycloneTcp/cyclone_tcp/core/ip.o
                0x08009ec6                ipIsBroadcastAddr
 .text.ipCompAddr
                0x08009eda       0x28 ./Aviora/Middleware/CycloneTcp/cyclone_tcp/core/ip.o
                0x08009eda                ipCompAddr
 .text.ipJoinMulticastGroup
                0x08009f02       0x1e ./Aviora/Middleware/CycloneTcp/cyclone_tcp/core/ip.o
                0x08009f02                ipJoinMulticastGroup
 .text.ipLeaveMulticastGroup
                0x08009f20       0x1e ./Aviora/Middleware/CycloneTcp/cyclone_tcp/core/ip.o
                0x08009f20                ipLeaveMulticastGroup
 .text.ipCalcChecksum
                0x08009f3e       0x82 ./Aviora/Middleware/CycloneTcp/cyclone_tcp/core/ip.o
                0x08009f3e                ipCalcChecksum
 .text.ipCalcChecksumEx
                0x08009fc0       0x78 ./Aviora/Middleware/CycloneTcp/cyclone_tcp/core/ip.o
                0x08009fc0                ipCalcChecksumEx
 .text.ipCalcUpperLayerChecksumEx
                0x0800a038       0x2a ./Aviora/Middleware/CycloneTcp/cyclone_tcp/core/ip.o
                0x0800a038                ipCalcUpperLayerChecksumEx
 .text.ipAllocBuffer
                0x0800a062       0x14 ./Aviora/Middleware/CycloneTcp/cyclone_tcp/core/ip.o
                0x0800a062                ipAllocBuffer
 *fill*         0x0800a076        0x2 
 .text.netTaskEx
                0x0800a078      0x120 ./Aviora/Middleware/CycloneTcp/cyclone_tcp/core/net.o
                0x0800a078                netTaskEx
 .text.netGetDefaultSettings
                0x0800a198       0x1c ./Aviora/Middleware/CycloneTcp/cyclone_tcp/core/net.o
                0x0800a198                netGetDefaultSettings
 .text.netInitEx
                0x0800a1b4      0x104 ./Aviora/Middleware/CycloneTcp/cyclone_tcp/core/net.o
                0x0800a1b4                netInitEx
 .text.netStart
                0x0800a2b8       0x28 ./Aviora/Middleware/CycloneTcp/cyclone_tcp/core/net.o
                0x0800a2b8                netStart
 .text.netInit  0x0800a2e0       0x28 ./Aviora/Middleware/CycloneTcp/cyclone_tcp/core/net.o
                0x0800a2e0                netInit
 .text.netGetDefaultInterface
                0x0800a308        0x8 ./Aviora/Middleware/CycloneTcp/cyclone_tcp/core/net.o
                0x0800a308                netGetDefaultInterface
 .text.netSetMacAddr
                0x0800a310       0x38 ./Aviora/Middleware/CycloneTcp/cyclone_tcp/core/net.o
                0x0800a310                netSetMacAddr
 .text.netSetInterfaceName
                0x0800a348       0x3c ./Aviora/Middleware/CycloneTcp/cyclone_tcp/core/net.o
                0x0800a348                netSetInterfaceName
 .text.netSetHostname
                0x0800a384       0x3c ./Aviora/Middleware/CycloneTcp/cyclone_tcp/core/net.o
                0x0800a384                netSetHostname
 .text.netSetDriver
                0x0800a3c0       0x24 ./Aviora/Middleware/CycloneTcp/cyclone_tcp/core/net.o
                0x0800a3c0                netSetDriver
 .text.netSetSpiDriver
                0x0800a3e4       0x24 ./Aviora/Middleware/CycloneTcp/cyclone_tcp/core/net.o
                0x0800a3e4                netSetSpiDriver
 .text.netSetExtIntDriver
                0x0800a408       0x24 ./Aviora/Middleware/CycloneTcp/cyclone_tcp/core/net.o
                0x0800a408                netSetExtIntDriver
 .text.netSetLinkState
                0x0800a42c       0x34 ./Aviora/Middleware/CycloneTcp/cyclone_tcp/core/net.o
                0x0800a42c                netSetLinkState
 .text.netConfigInterface
                0x0800a460       0x98 ./Aviora/Middleware/CycloneTcp/cyclone_tcp/core/net.o
                0x0800a460                netConfigInterface
 .text.memPoolInit
                0x0800a4f8        0x4 ./Aviora/Middleware/CycloneTcp/cyclone_tcp/core/net_mem.o
                0x0800a4f8                memPoolInit
 .text.memPoolAlloc
                0x0800a4fc       0x2c ./Aviora/Middleware/CycloneTcp/cyclone_tcp/core/net_mem.o
                0x0800a4fc                memPoolAlloc
 .text.memPoolFree
                0x0800a528        0x4 ./Aviora/Middleware/CycloneTcp/cyclone_tcp/core/net_mem.o
                0x0800a528                memPoolFree
 .text.netBufferGetLength
                0x0800a52c       0x1c ./Aviora/Middleware/CycloneTcp/cyclone_tcp/core/net_mem.o
                0x0800a52c                netBufferGetLength
 .text.netBufferSetLength
                0x0800a548       0xb2 ./Aviora/Middleware/CycloneTcp/cyclone_tcp/core/net_mem.o
                0x0800a548                netBufferSetLength
 .text.netBufferFree
                0x0800a5fa       0x14 ./Aviora/Middleware/CycloneTcp/cyclone_tcp/core/net_mem.o
                0x0800a5fa                netBufferFree
 .text.netBufferAlloc
                0x0800a60e       0x38 ./Aviora/Middleware/CycloneTcp/cyclone_tcp/core/net_mem.o
                0x0800a60e                netBufferAlloc
 .text.netBufferAt
                0x0800a646       0x2a ./Aviora/Middleware/CycloneTcp/cyclone_tcp/core/net_mem.o
                0x0800a646                netBufferAt
 .text.netBufferConcat
                0x0800a670       0x84 ./Aviora/Middleware/CycloneTcp/cyclone_tcp/core/net_mem.o
                0x0800a670                netBufferConcat
 .text.netBufferCopy
                0x0800a6f4       0xc6 ./Aviora/Middleware/CycloneTcp/cyclone_tcp/core/net_mem.o
                0x0800a6f4                netBufferCopy
 .text.netBufferAppend
                0x0800a7ba       0x22 ./Aviora/Middleware/CycloneTcp/cyclone_tcp/core/net_mem.o
                0x0800a7ba                netBufferAppend
 .text.netBufferWrite
                0x0800a7dc       0x58 ./Aviora/Middleware/CycloneTcp/cyclone_tcp/core/net_mem.o
                0x0800a7dc                netBufferWrite
 .text.netBufferRead
                0x0800a834       0x58 ./Aviora/Middleware/CycloneTcp/cyclone_tcp/core/net_mem.o