C:/Users/zafer/Aviora/Middleware/CycloneTcp/cyclone_tcp/core/bsd_socket_options.c:57:7:socketSetSoReuseAddrOption	32	static
C:/Users/zafer/Aviora/Middleware/CycloneTcp/cyclone_tcp/core/bsd_socket_options.c:107:7:socketSetSoBroadcastOption	32	static
C:/Users/zafer/Aviora/Middleware/CycloneTcp/cyclone_tcp/core/bsd_socket_options.c:144:7:socketSetSoSndTimeoOption	32	static
C:/Users/zafer/Aviora/Middleware/CycloneTcp/cyclone_tcp/core/bsd_socket_options.c:187:7:socketSetSoRcvTimeoOption	32	static
C:/Users/zafer/Aviora/Middleware/CycloneTcp/cyclone_tcp/core/bsd_socket_options.c:230:7:socketSetSoSndBufOption	32	static
C:/Users/zafer/Aviora/Middleware/CycloneTcp/cyclone_tcp/core/bsd_socket_options.c:271:7:socketSetSoRcvBufOption	32	static
C:/Users/zafer/Aviora/Middleware/CycloneTcp/cyclone_tcp/core/bsd_socket_options.c:312:7:socketSetSoKeepAliveOption	32	static
C:/Users/zafer/Aviora/Middleware/CycloneTcp/cyclone_tcp/core/bsd_socket_options.c:353:7:socketSetIpTosOption	32	static
C:/Users/zafer/Aviora/Middleware/CycloneTcp/cyclone_tcp/core/bsd_socket_options.c:394:7:socketSetIpTtlOption	32	static
C:/Users/zafer/Aviora/Middleware/CycloneTcp/cyclone_tcp/core/bsd_socket_options.c:437:7:socketSetIpMulticastIfOption	32	static
C:/Users/zafer/Aviora/Middleware/CycloneTcp/cyclone_tcp/core/bsd_socket_options.c:476:7:socketSetIpMulticastTtlOption	32	static
C:/Users/zafer/Aviora/Middleware/CycloneTcp/cyclone_tcp/core/bsd_socket_options.c:519:7:socketSetIpMulticastLoopOption	32	static
C:/Users/zafer/Aviora/Middleware/CycloneTcp/cyclone_tcp/core/bsd_socket_options.c:576:7:socketSetIpAddMembershipOption	40	static
C:/Users/zafer/Aviora/Middleware/CycloneTcp/cyclone_tcp/core/bsd_socket_options.c:635:7:socketSetIpDropMembershipOption	40	static
C:/Users/zafer/Aviora/Middleware/CycloneTcp/cyclone_tcp/core/bsd_socket_options.c:683:7:socketSetIpDontFragOption	32	static
C:/Users/zafer/Aviora/Middleware/CycloneTcp/cyclone_tcp/core/bsd_socket_options.c:738:7:socketSetIpPktInfoOption	32	static
C:/Users/zafer/Aviora/Middleware/CycloneTcp/cyclone_tcp/core/bsd_socket_options.c:794:7:socketSetIpRecvTosOption	32	static
C:/Users/zafer/Aviora/Middleware/CycloneTcp/cyclone_tcp/core/bsd_socket_options.c:850:7:socketSetIpRecvTtlOption	32	static
C:/Users/zafer/Aviora/Middleware/CycloneTcp/cyclone_tcp/core/bsd_socket_options.c:906:7:socketSetIpv6TrafficClassOption	32	static
C:/Users/zafer/Aviora/Middleware/CycloneTcp/cyclone_tcp/core/bsd_socket_options.c:947:7:socketSetIpv6UnicastHopsOption	32	static
C:/Users/zafer/Aviora/Middleware/CycloneTcp/cyclone_tcp/core/bsd_socket_options.c:990:7:socketSetIpv6MulticastIfOption	32	static
C:/Users/zafer/Aviora/Middleware/CycloneTcp/cyclone_tcp/core/bsd_socket_options.c:1029:7:socketSetIpv6MulticastHopsOption	32	static
C:/Users/zafer/Aviora/Middleware/CycloneTcp/cyclone_tcp/core/bsd_socket_options.c:1072:7:socketSetIpv6MulticastLoopOption	32	static
C:/Users/zafer/Aviora/Middleware/CycloneTcp/cyclone_tcp/core/bsd_socket_options.c:1129:7:socketSetIpv6AddMembershipOption	32	static
C:/Users/zafer/Aviora/Middleware/CycloneTcp/cyclone_tcp/core/bsd_socket_options.c:1188:7:socketSetIpv6DropMembershipOption	32	static
C:/Users/zafer/Aviora/Middleware/CycloneTcp/cyclone_tcp/core/bsd_socket_options.c:1236:7:socketSetIpv6OnlyOption	32	static
C:/Users/zafer/Aviora/Middleware/CycloneTcp/cyclone_tcp/core/bsd_socket_options.c:1292:7:socketSetIpv6DontFragOption	32	static
C:/Users/zafer/Aviora/Middleware/CycloneTcp/cyclone_tcp/core/bsd_socket_options.c:1340:7:socketSetIpv6PktInfoOption	32	static
C:/Users/zafer/Aviora/Middleware/CycloneTcp/cyclone_tcp/core/bsd_socket_options.c:1396:7:socketSetIpv6RecvTrafficClassOption	32	static
C:/Users/zafer/Aviora/Middleware/CycloneTcp/cyclone_tcp/core/bsd_socket_options.c:1452:7:socketSetIpv6RecvHopLimitOption	32	static
C:/Users/zafer/Aviora/Middleware/CycloneTcp/cyclone_tcp/core/bsd_socket_options.c:1508:7:socketSetTcpNoDelayOption	32	static
C:/Users/zafer/Aviora/Middleware/CycloneTcp/cyclone_tcp/core/bsd_socket_options.c:1563:7:socketSetTcpMaxSegOption	32	static
C:/Users/zafer/Aviora/Middleware/CycloneTcp/cyclone_tcp/core/bsd_socket_options.c:1607:7:socketSetTcpKeepIdleOption	32	static
C:/Users/zafer/Aviora/Middleware/CycloneTcp/cyclone_tcp/core/bsd_socket_options.c:1648:7:socketSetTcpKeepIntvlOption	32	static
C:/Users/zafer/Aviora/Middleware/CycloneTcp/cyclone_tcp/core/bsd_socket_options.c:1689:7:socketSetTcpKeepCntOption	32	static
C:/Users/zafer/Aviora/Middleware/CycloneTcp/cyclone_tcp/core/bsd_socket_options.c:1730:7:socketGetSoReuseAddrOption	32	static
C:/Users/zafer/Aviora/Middleware/CycloneTcp/cyclone_tcp/core/bsd_socket_options.c:1777:7:socketGetSoBroadcastOption	32	static
C:/Users/zafer/Aviora/Middleware/CycloneTcp/cyclone_tcp/core/bsd_socket_options.c:1824:7:socketGetSoSndTimeoOption	40	static
C:/Users/zafer/Aviora/Middleware/CycloneTcp/cyclone_tcp/core/bsd_socket_options.c:1871:7:socketGetSoRcvTimeoOption	40	static
C:/Users/zafer/Aviora/Middleware/CycloneTcp/cyclone_tcp/core/bsd_socket_options.c:1918:7:socketGetSoSndBufOption	32	static
C:/Users/zafer/Aviora/Middleware/CycloneTcp/cyclone_tcp/core/bsd_socket_options.c:1961:7:socketGetSoRcvBufOption	32	static
C:/Users/zafer/Aviora/Middleware/CycloneTcp/cyclone_tcp/core/bsd_socket_options.c:2004:7:socketGetSoKeepAliveOption	32	static
C:/Users/zafer/Aviora/Middleware/CycloneTcp/cyclone_tcp/core/bsd_socket_options.c:2045:7:socketGetSoTypeOption	32	static
C:/Users/zafer/Aviora/Middleware/CycloneTcp/cyclone_tcp/core/bsd_socket_options.c:2095:7:socketGetSoErrorOption	32	static
C:/Users/zafer/Aviora/Middleware/CycloneTcp/cyclone_tcp/core/bsd_socket_options.c:2136:7:socketGetIpTosOption	32	static
C:/Users/zafer/Aviora/Middleware/CycloneTcp/cyclone_tcp/core/bsd_socket_options.c:2180:7:socketGetIpTtlOption	32	static
C:/Users/zafer/Aviora/Middleware/CycloneTcp/cyclone_tcp/core/bsd_socket_options.c:2224:7:socketGetIpMulticastTtlOption	32	static
C:/Users/zafer/Aviora/Middleware/CycloneTcp/cyclone_tcp/core/bsd_socket_options.c:2268:7:socketGetIpMulticastLoopOption	32	static
C:/Users/zafer/Aviora/Middleware/CycloneTcp/cyclone_tcp/core/bsd_socket_options.c:2322:7:socketGetIpDontFragOption	32	static
C:/Users/zafer/Aviora/Middleware/CycloneTcp/cyclone_tcp/core/bsd_socket_options.c:2374:7:socketGetIpPktInfoOption	32	static
C:/Users/zafer/Aviora/Middleware/CycloneTcp/cyclone_tcp/core/bsd_socket_options.c:2427:7:socketGetIpRecvTosOption	32	static
C:/Users/zafer/Aviora/Middleware/CycloneTcp/cyclone_tcp/core/bsd_socket_options.c:2480:7:socketGetIpRecvTtlOption	32	static
C:/Users/zafer/Aviora/Middleware/CycloneTcp/cyclone_tcp/core/bsd_socket_options.c:2533:7:socketGetIpv6TrafficClassOption	32	static
C:/Users/zafer/Aviora/Middleware/CycloneTcp/cyclone_tcp/core/bsd_socket_options.c:2577:7:socketGetIpv6UnicastHopsOption	32	static
C:/Users/zafer/Aviora/Middleware/CycloneTcp/cyclone_tcp/core/bsd_socket_options.c:2623:7:socketGetIpv6MulticastHopsOption	32	static
C:/Users/zafer/Aviora/Middleware/CycloneTcp/cyclone_tcp/core/bsd_socket_options.c:2669:7:socketGetIpv6MulticastLoopOption	32	static
C:/Users/zafer/Aviora/Middleware/CycloneTcp/cyclone_tcp/core/bsd_socket_options.c:2722:7:socketGetIpv6OnlyOption	32	static
C:/Users/zafer/Aviora/Middleware/CycloneTcp/cyclone_tcp/core/bsd_socket_options.c:2775:7:socketGetIpv6DontFragOption	32	static
C:/Users/zafer/Aviora/Middleware/CycloneTcp/cyclone_tcp/core/bsd_socket_options.c:2829:7:socketGetIpv6PktInfoOption	32	static
C:/Users/zafer/Aviora/Middleware/CycloneTcp/cyclone_tcp/core/bsd_socket_options.c:2882:7:socketGetIpv6RecvTrafficClassOption	32	static
C:/Users/zafer/Aviora/Middleware/CycloneTcp/cyclone_tcp/core/bsd_socket_options.c:2935:7:socketGetIpv6RecvHopLimitOption	32	static
C:/Users/zafer/Aviora/Middleware/CycloneTcp/cyclone_tcp/core/bsd_socket_options.c:2988:7:socketGetTcpNoDelayOption	32	static
C:/Users/zafer/Aviora/Middleware/CycloneTcp/cyclone_tcp/core/bsd_socket_options.c:3040:7:socketGetTcpMaxSegOption	32	static
C:/Users/zafer/Aviora/Middleware/CycloneTcp/cyclone_tcp/core/bsd_socket_options.c:3096:7:socketGetTcpKeepIdleOption	32	static
C:/Users/zafer/Aviora/Middleware/CycloneTcp/cyclone_tcp/core/bsd_socket_options.c:3137:7:socketGetTcpKeepIntvlOption	32	static
C:/Users/zafer/Aviora/Middleware/CycloneTcp/cyclone_tcp/core/bsd_socket_options.c:3179:7:socketGetTcpKeepCntOption	32	static
