C:/Users/zafer/Aviora/Middleware/CycloneTcp/cyclone_tcp/core/tcp_misc.c:68:9:tcpSendSegment	152	static
C:/Users/zafer/Aviora/Middleware/CycloneTcp/cyclone_tcp/core/tcp_misc.c:371:9:tcpSendResetSegment	32	static
C:/Users/zafer/Aviora/Middleware/CycloneTcp/cyclone_tcp/core/tcp_misc.c:404:9:tcpRejectSegment	112	static
C:/Users/zafer/Aviora/Middleware/CycloneTcp/cyclone_tcp/core/tcp_misc.c:554:9:tcpAddOption	40	static
C:/Users/zafer/Aviora/Middleware/CycloneTcp/cyclone_tcp/core/tcp_misc.c:617:18:tcpGetOption	32	static
C:/Users/zafer/Aviora/Middleware/CycloneTcp/cyclone_tcp/core/tcp_misc.c:683:10:tcpGenerateInitialSeqNum	24	static
C:/Users/zafer/Aviora/Middleware/CycloneTcp/cyclone_tcp/core/tcp_misc.c:719:9:tcpCheckSeqNum	40	static
C:/Users/zafer/Aviora/Middleware/CycloneTcp/cyclone_tcp/core/tcp_misc.c:810:9:tcpCheckSyn	32	static
C:/Users/zafer/Aviora/Middleware/CycloneTcp/cyclone_tcp/core/tcp_misc.c:844:9:tcpCheckAck	56	static
C:/Users/zafer/Aviora/Middleware/CycloneTcp/cyclone_tcp/core/tcp_misc.c:1058:8:tcpIsDuplicateSyn	32	static
C:/Users/zafer/Aviora/Middleware/CycloneTcp/cyclone_tcp/core/tcp_misc.c:1134:8:tcpIsDuplicateAck	32	static
C:/Users/zafer/Aviora/Middleware/CycloneTcp/cyclone_tcp/core/tcp_misc.c:1177:6:tcpFastRetransmit	24	static
C:/Users/zafer/Aviora/Middleware/CycloneTcp/cyclone_tcp/core/tcp_misc.c:1216:6:tcpFastRecovery	24	static
C:/Users/zafer/Aviora/Middleware/CycloneTcp/cyclone_tcp/core/tcp_misc.c:1265:6:tcpFastLossRecovery	16	static
C:/Users/zafer/Aviora/Middleware/CycloneTcp/cyclone_tcp/core/tcp_misc.c:1303:6:tcpProcessSegmentData	40	static
C:/Users/zafer/Aviora/Middleware/CycloneTcp/cyclone_tcp/core/tcp_misc.c:1371:6:tcpDeleteControlBlock	16	static
C:/Users/zafer/Aviora/Middleware/CycloneTcp/cyclone_tcp/core/tcp_misc.c:1392:6:tcpUpdateRetransmitQueue	40	static
C:/Users/zafer/Aviora/Middleware/CycloneTcp/cyclone_tcp/core/tcp_misc.c:1474:6:tcpFlushRetransmitQueue	24	static
C:/Users/zafer/Aviora/Middleware/CycloneTcp/cyclone_tcp/core/tcp_misc.c:1503:6:tcpFlushSynQueue	24	static
C:/Users/zafer/Aviora/Middleware/CycloneTcp/cyclone_tcp/core/tcp_misc.c:1531:6:tcpUpdateSackBlocks	32	static
C:/Users/zafer/Aviora/Middleware/CycloneTcp/cyclone_tcp/core/tcp_misc.c:1586:6:tcpUpdateSendWindow	16	static
C:/Users/zafer/Aviora/Middleware/CycloneTcp/cyclone_tcp/core/tcp_misc.c:1636:6:tcpUpdateReceiveWindow	32	static
C:/Users/zafer/Aviora/Middleware/CycloneTcp/cyclone_tcp/core/tcp_misc.c:1675:8:tcpComputeRto	32	static
C:/Users/zafer/Aviora/Middleware/CycloneTcp/cyclone_tcp/core/tcp_misc.c:1744:9:tcpRetransmitSegment	88	static
C:/Users/zafer/Aviora/Middleware/CycloneTcp/cyclone_tcp/core/tcp_misc.c:1900:9:tcpNagleAlgo	40	static
C:/Users/zafer/Aviora/Middleware/CycloneTcp/cyclone_tcp/core/tcp_misc.c:2021:6:tcpChangeState	16	static
C:/Users/zafer/Aviora/Middleware/CycloneTcp/cyclone_tcp/core/tcp_misc.c:2052:6:tcpUpdateEvents	16	static
C:/Users/zafer/Aviora/Middleware/CycloneTcp/cyclone_tcp/core/tcp_misc.c:2200:8:tcpWaitForEvents	24	static
C:/Users/zafer/Aviora/Middleware/CycloneTcp/cyclone_tcp/core/tcp_misc.c:2238:6:tcpWriteTxBuffer	32	static
C:/Users/zafer/Aviora/Middleware/CycloneTcp/cyclone_tcp/core/tcp_misc.c:2274:9:tcpReadTxBuffer	32	static
C:/Users/zafer/Aviora/Middleware/CycloneTcp/cyclone_tcp/core/tcp_misc.c:2318:6:tcpWriteRxBuffer	40	static
C:/Users/zafer/Aviora/Middleware/CycloneTcp/cyclone_tcp/core/tcp_misc.c:2353:6:tcpReadRxBuffer	32	static
C:/Users/zafer/Aviora/Middleware/CycloneTcp/cyclone_tcp/core/tcp_misc.c:2388:6:tcpDumpHeader	24	static
