C:/Users/zafer/Aviora/Middleware/CycloneTcp/cyclone_tcp/core/udp.c:62:9:udpInit	8	static
C:/Users/zafer/Aviora/Middleware/CycloneTcp/cyclone_tcp/core/udp.c:80:10:udpGetDynamicPort	16	static
C:/Users/zafer/Aviora/Middleware/CycloneTcp/cyclone_tcp/core/udp.c:123:9:udpProcessDatagram	80	static
C:/Users/zafer/Aviora/Middleware/CycloneTcp/cyclone_tcp/core/udp.c:492:9:udpSendDatagram	96	static
C:/Users/zafer/Aviora/Middleware/CycloneTcp/cyclone_tcp/core/udp.c:627:9:udpSendBuffer	64	static
C:/Users/zafer/Aviora/Middleware/CycloneTcp/cyclone_tcp/core/udp.c:800:9:udpReceiveDatagram	32	static
C:/Users/zafer/Aviora/Middleware/CycloneTcp/cyclone_tcp/core/udp.c:905:12:udpAllocBuffer	24	static
C:/Users/zafer/Aviora/Middleware/CycloneTcp/cyclone_tcp/core/udp.c:928:6:udpUpdateEvents	16	static
C:/Users/zafer/Aviora/Middleware/CycloneTcp/cyclone_tcp/core/udp.c:978:9:udpAttachRxCallback	32	static
C:/Users/zafer/Aviora/Middleware/CycloneTcp/cyclone_tcp/core/udp.c:1019:9:udpDetachRxCallback	32	static
C:/Users/zafer/Aviora/Middleware/CycloneTcp/cyclone_tcp/core/udp.c:1065:9:udpInvokeRxCallback	64	static
C:/Users/zafer/Aviora/Middleware/CycloneTcp/cyclone_tcp/core/udp.c:1128:6:udpDumpHeader	16	static
