C:/Users/zafer/Aviora/Application/AppZMeterGw/Services/Protocol/src/AppMeterOperations.c:104:12:taskSlotFindLocked	0	static
C:/Users/zafer/Aviora/Application/AppZMeterGw/Services/Protocol/src/AppMeterOperations.c:99:13:lockTask	0	static
C:/Users/zafer/Aviora/Application/AppZMeterGw/Services/Protocol/src/AppMeterOperations.c:95:13:lockMeterReg	0	static
C:/Users/zafer/Aviora/Application/AppZMeterGw/Services/Protocol/src/AppMeterOperations.c:97:13:lockDirective	0	static
C:/Users/zafer/Aviora/Application/AppZMeterGw/Services/Protocol/src/AppMeterOperations.c:100:13:unlockTask	0	static
C:/Users/zafer/Aviora/Application/AppZMeterGw/Services/Protocol/src/AppMeterOperations.c:114:12:taskSlotAlloc	8	static
C:/Users/zafer/Aviora/Application/AppZMeterGw/Services/Protocol/src/AppMeterOperations.c:135:13:taskSlotAbort	8	static
C:/Users/zafer/Aviora/Application/AppZMeterGw/Services/Protocol/src/AppMeterOperations.c:96:13:unlockMeterReg	0	static
C:/Users/zafer/Aviora/Application/AppZMeterGw/Services/Protocol/src/AppMeterOperations.c:98:13:unlockDirective	0	static
C:/Users/zafer/Aviora/Application/AppZMeterGw/Services/Protocol/src/AppMeterOperations.c:171:16:fsWriteWholeFile	16	static
C:/Users/zafer/Aviora/Application/AppZMeterGw/Services/Protocol/src/AppMeterOperations.c:471:19:iecSaveMeterIdFile	112	static
C:/Users/zafer/Aviora/Application/AppZMeterGw/Services/Protocol/src/AppMeterOperations.c:331:22:directiveIndexSave	24	static
C:/Users/zafer/Aviora/Application/AppZMeterGw/Services/Protocol/src/AppMeterOperations.c:389:12:directiveIndexFind	24	static
C:/Users/zafer/Aviora/Application/AppZMeterGw/Services/Protocol/src/AppMeterOperations.c:181:16:fsReadWholeText	48	static
C:/Users/zafer/Aviora/Application/AppZMeterGw/Services/Protocol/src/AppMeterOperations.c:226:13:meterListContainsSerial	552	static
C:/Users/zafer/Aviora/Application/AppZMeterGw/Services/Protocol/src/AppMeterOperations.c:401:13:getJsonParamString	344	static
C:/Users/zafer/Aviora/Application/AppZMeterGw/Services/Protocol/src/AppMeterOperations.c:585:12:enqueueMeterJob	8	static
C:/Users/zafer/Aviora/Application/AppZMeterGw/Services/Protocol/src/AppMeterOperations.c:412:13:parseProfileWindow	72	static
C:/Users/zafer/Aviora/Application/AppZMeterGw/Services/Protocol/src/AppMeterOperations.c:440:19:recvLine.part.0.constprop	32	static
C:/Users/zafer/Aviora/Application/AppZMeterGw/Services/Protocol/src/AppMeterOperations.c:432:12:sendAll.constprop	8	static
C:/Users/zafer/Aviora/Application/AppZMeterGw/Services/Protocol/src/AppMeterOperations.c:594:13:meterOpsWorkerTask	664	static
C:/Users/zafer/Aviora/Application/AppZMeterGw/Services/Protocol/src/AppMeterOperations.c:630:15:appMeterOperationsStart	48	static
C:/Users/zafer/Aviora/Application/AppZMeterGw/Services/Protocol/src/AppMeterOperations.c:694:15:appMeterOperationsAddMeter	136	static
C:/Users/zafer/Aviora/Application/AppZMeterGw/Services/Protocol/src/AppMeterOperations.c:737:15:appMeterOperationsGetMeterData	128	static
C:/Users/zafer/Aviora/Application/AppZMeterGw/Services/Protocol/src/AppMeterOperations.c:761:15:appMeterOperationsGetMeterDataByIndex	40	static
C:/Users/zafer/Aviora/Application/AppZMeterGw/Services/Protocol/src/AppMeterOperations.c:799:15:appMeterOperationsDeleteMeter	144	static
C:/Users/zafer/Aviora/Application/AppZMeterGw/Services/Protocol/src/AppMeterOperations.c:826:15:appMeterOperationsDeleteAllMeters	680	static
C:/Users/zafer/Aviora/Application/AppZMeterGw/Services/Protocol/src/AppMeterOperations.c:870:5:appMeterOperationsGetMeterCount	8	static
C:/Users/zafer/Aviora/Application/AppZMeterGw/Services/Protocol/src/AppMeterOperations.c:880:5:appMeterOperationsAddReadoutTask	184	static
C:/Users/zafer/Aviora/Application/AppZMeterGw/Services/Protocol/src/AppMeterOperations.c:918:5:appMeterOperationsAddProfileTask	296	static
C:/Users/zafer/Aviora/Application/AppZMeterGw/Services/Protocol/src/AppMeterOperations.c:968:5:appMeterOperationsAddObisTask	0	static
C:/Users/zafer/Aviora/Application/AppZMeterGw/Services/Protocol/src/AppMeterOperations.c:975:5:appMeterOperationsAddWriteTask	0	static
C:/Users/zafer/Aviora/Application/AppZMeterGw/Services/Protocol/src/AppMeterOperations.c:982:12:appMeterOperationsIsTaskDone	8	static
C:/Users/zafer/Aviora/Application/AppZMeterGw/Services/Protocol/src/AppMeterOperations.c:998:12:appMeterOperationsTaskIDFree	16	static
C:/Users/zafer/Aviora/Application/AppZMeterGw/Services/Protocol/src/AppMeterOperations.c:1021:5:appMeterOperationsAddDirective	192	static
C:/Users/zafer/Aviora/Application/AppZMeterGw/Services/Protocol/src/AppMeterOperations.c:1086:15:appMeterOperationsDeleteDirective	128	static
C:/Users/zafer/Aviora/Application/AppZMeterGw/Services/Protocol/src/AppMeterOperations.c:1135:15:appMeterOperationsGetDirective	128	static
C:/Users/zafer/Aviora/Application/AppZMeterGw/Services/Protocol/src/AppMeterOperations.c:1156:15:appMeterOperationsGetDirectiveByIndex	128	static
C:/Users/zafer/Aviora/Application/AppZMeterGw/Services/Protocol/src/AppMeterOperations.c:1178:5:appMeterOperationsGetDirectiveCount	8	static
