C:/Users/zafer/Aviora/Application/AppZMeterGw/Services/Protocol/src/AppProtocolOrionTLV.c:416:17:mtlxPacketEnd	0	static
C:/Users/zafer/Aviora/Application/AppZMeterGw/Services/Protocol/src/AppProtocolOrionTLV.c:456:13:orionParserNext	16	static
C:/Users/zafer/Aviora/Application/AppZMeterGw/Services/Protocol/src/AppProtocolOrionTLV.c:467:13:findTag	32	static
C:/Users/zafer/Aviora/Application/AppZMeterGw/Services/Protocol/src/AppProtocolOrionTLV.c:907:13:meterTaskCallback	12	static
C:/Users/zafer/Aviora/Application/AppZMeterGw/Services/Protocol/src/AppProtocolOrionTLV.c:920:12:pendingJobAllocSlot	16	static
C:/Users/zafer/Aviora/Application/AppZMeterGw/Services/Protocol/src/AppProtocolOrionTLV.c:990:24:sessionCreate	48	static
C:/Users/zafer/Aviora/Application/AppZMeterGw/Services/Protocol/src/AppProtocolOrionTLV.c:1106:22:startPushMeterDataSession	8	static
C:/Users/zafer/Aviora/Application/AppZMeterGw/Services/Protocol/src/AppProtocolOrionTLV.c:534:13:registerStateLoad	24	static
C:/Users/zafer/Aviora/Application/AppZMeterGw/Services/Protocol/src/AppProtocolOrionTLV.c:974:13:sessionDelete	16	static
C:/Users/zafer/Aviora/Application/AppZMeterGw/Services/Protocol/src/AppProtocolOrionTLV.c:487:13:mtlxGetString	24	static
C:/Users/zafer/Aviora/Application/AppZMeterGw/Services/Protocol/src/AppProtocolOrionTLV.c:936:13:cleanupMeterFiles	120	static
C:/Users/zafer/Aviora/Application/AppZMeterGw/Services/Protocol/src/AppProtocolOrionTLV.c:951:13:meterOprsOnComplete	24	static
C:/Users/zafer/Aviora/Application/AppZMeterGw/Services/Protocol/src/AppProtocolOrionTLV.c:428:13:mtlxParserInit	16	static
C:/Users/zafer/Aviora/Application/AppZMeterGw/Services/Protocol/src/AppProtocolOrionTLV.c:1049:13:sessionGetParser	8	static
C:/Users/zafer/Aviora/Application/AppZMeterGw/Services/Protocol/src/AppProtocolOrionTLV.c:360:13:builderAddTLV	24	static
C:/Users/zafer/Aviora/Application/AppZMeterGw/Services/Protocol/src/AppProtocolOrionTLV.c:394:13:mtlxAddUint16	16	static
C:/Users/zafer/Aviora/Application/AppZMeterGw/Services/Protocol/src/AppProtocolOrionTLV.c:383:13:mtlxAddBool	16	static
C:/Users/zafer/Aviora/Application/AppZMeterGw/Services/Protocol/src/AppProtocolOrionTLV.c:377:13:mtlxAddString	16	static
C:/Users/zafer/Aviora/Application/AppZMeterGw/Services/Protocol/src/AppProtocolOrionTLV.c:968:13:completeSession.constprop	0	static
C:/Users/zafer/Aviora/Application/AppZMeterGw/Services/Protocol/src/AppProtocolOrionTLV.c:1090:13:periodicTimerCb	24	static
C:/Users/zafer/Aviora/Application/AppZMeterGw/Services/Protocol/src/AppProtocolOrionTLV.c:620:13:getDeviceDateStr.constprop	72	static
C:/Users/zafer/Aviora/Application/AppZMeterGw/Services/Protocol/src/AppProtocolOrionTLV.c:513:13:mtlxGetUint16.constprop	16	static
C:/Users/zafer/Aviora/Application/AppZMeterGw/Services/Protocol/src/AppProtocolOrionTLV.c:505:13:mtlxGetUint8.constprop	16	static
C:/Users/zafer/Aviora/Application/AppZMeterGw/Services/Protocol/src/AppProtocolOrionTLV.c:640:13:addPacketHeader	24	static
C:/Users/zafer/Aviora/Application/AppZMeterGw/Services/Protocol/src/AppProtocolOrionTLV.c:648:17:buildAckNack.constprop	24	static
C:/Users/zafer/Aviora/Application/AppZMeterGw/Services/Protocol/src/AppProtocolOrionTLV.c:1847:13:processDirectiveAddSession	1048	static
C:/Users/zafer/Aviora/Application/AppZMeterGw/Services/Protocol/src/AppProtocolOrionTLV.c:1677:13:processLoadProfileSession	576	static
C:/Users/zafer/Aviora/Application/AppZMeterGw/Services/Protocol/src/AppProtocolOrionTLV.c:1573:13:processReadoutSession	448	static
C:/Users/zafer/Aviora/Application/AppZMeterGw/Services/Protocol/src/AppProtocolOrionTLV.c:1533:13:processFwUpdateSession	432	static
C:/Users/zafer/Aviora/Application/AppZMeterGw/Services/Protocol/src/AppProtocolOrionTLV.c:1030:13:sessionSetIncoming.isra	16	static
C:/Users/zafer/Aviora/Application/AppZMeterGw/Services/Protocol/src/AppProtocolOrionTLV.c:592:22:connConfigSave.isra	40	static
C:/Users/zafer/Aviora/Application/AppZMeterGw/Services/Protocol/src/AppProtocolOrionTLV.c:2172:6:appProtocolOrionTLVPutIncomingMessage	40	static
C:/Users/zafer/Aviora/Application/AppZMeterGw/Services/Protocol/src/AppProtocolOrionTLV.c:719:17:buildDirectivePacket.constprop	32	static
C:/Users/zafer/Aviora/Application/AppZMeterGw/Services/Protocol/src/AppProtocolOrionTLV.c:1779:13:processDirectiveListSession	1128	static
C:/Users/zafer/Aviora/Application/AppZMeterGw/Services/Protocol/src/AppProtocolOrionTLV.c:1131:13:processPushMeterDataSession	1816	static
C:/Users/zafer/Aviora/Application/AppZMeterGw/Services/Protocol/src/AppProtocolOrionTLV.c:689:17:buildLogPacket.constprop	32	static
C:/Users/zafer/Aviora/Application/AppZMeterGw/Services/Protocol/src/AppProtocolOrionTLV.c:738:13:sendLogPackets	1440	static
C:/Users/zafer/Aviora/Application/AppZMeterGw/Services/Protocol/src/AppProtocolOrionTLV.c:1911:13:processSessionMessage	176	static
C:/Users/zafer/Aviora/Application/AppZMeterGw/Services/Protocol/src/AppProtocolOrionTLV.c:2010:13:protocolTaskFunc	1096	static
C:/Users/zafer/Aviora/Application/AppZMeterGw/Services/Protocol/src/AppProtocolOrionTLV.c:2087:15:appProtocolOrionTLVInit	56	static
C:/Users/zafer/Aviora/Application/AppZMeterGw/Services/Protocol/src/AppProtocolOrionTLV.c:2121:15:appProtocolOrionTLVStart	32	static
C:/Users/zafer/Aviora/Application/AppZMeterGw/Services/Protocol/src/AppProtocolOrionTLV.c:2150:15:appProtocolOrionTLVStop	8	static
C:/Users/zafer/Aviora/Application/AppZMeterGw/Services/Protocol/src/AppProtocolOrionTLV.c:2182:6:appProtocolOrionTLVSendEvent	12	static
