C:/Users/zafer/Aviora/Application/AppZMeterGw/Services/Protocol/src/AppTcpConnManager.c:70:12:closePullSocket	16	static
C:/Users/zafer/Aviora/Application/AppZMeterGw/Services/Protocol/src/AppTcpConnManager.c:141:12:disconnectPushSocket	8	static
C:/Users/zafer/Aviora/Application/AppZMeterGw/Services/Protocol/src/AppTcpConnManager.c:216:13:tcpConnectionThread	96	static
C:/Users/zafer/Aviora/Application/AppZMeterGw/Services/Protocol/src/AppTcpConnManager.c:451:5:appTcpConnManagerStart	48	static
C:/Users/zafer/Aviora/Application/AppZMeterGw/Services/Protocol/src/AppTcpConnManager.c:487:5:appTcpConnManagerStop	16	static
C:/Users/zafer/Aviora/Application/AppZMeterGw/Services/Protocol/src/AppTcpConnManager.c:508:6:appTcpConnManagerAnyPullClient	0	static
C:/Users/zafer/Aviora/Application/AppZMeterGw/Services/Protocol/src/AppTcpConnManager.c:524:6:appTcpConnManagerIsPullReady	0	static
C:/Users/zafer/Aviora/Application/AppZMeterGw/Services/Protocol/src/AppTcpConnManager.c:529:6:appTcpConnManagerIsConnectedPush	0	static
C:/Users/zafer/Aviora/Application/AppZMeterGw/Services/Protocol/src/AppTcpConnManager.c:534:6:appTcpConnManagerRequestPushConnect	0	static
C:/Users/zafer/Aviora/Application/AppZMeterGw/Services/Protocol/src/AppTcpConnManager.c:539:6:appTcpConnManagerRequestPushDisconnect	0	static
C:/Users/zafer/Aviora/Application/AppZMeterGw/Services/Protocol/src/AppTcpConnManager.c:544:5:appTcpConnManagerRequestConnect	0	static
C:/Users/zafer/Aviora/Application/AppZMeterGw/Services/Protocol/src/AppTcpConnManager.c:552:5:appTcpConnManagerRequestDisconnect	8	static
C:/Users/zafer/Aviora/Application/AppZMeterGw/Services/Protocol/src/AppTcpConnManager.c:560:5:appTcpConnManagerSend	16	static
