C:/Users/zafer/Aviora/Application/AppZMeterGw/Services/TimeService/src/time_modules/TimeBackend_SoftTick.c:29:13:softTickCb	4	static
C:/Users/zafer/Aviora/Application/AppZMeterGw/Services/TimeService/src/time_modules/TimeBackend_SoftTick.c:35:15:appTimeSoftTickInit	8	static
C:/Users/zafer/Aviora/Application/AppZMeterGw/Services/TimeService/src/time_modules/TimeBackend_SoftTick.c:59:5:appTimeSoftTickGetEpoch	4	static
C:/Users/zafer/Aviora/Application/AppZMeterGw/Services/TimeService/src/time_modules/TimeBackend_SoftTick.c:64:15:appTimeSoftTickSetEpoch	16	static
