C:/Users/zafer/Aviora/Application/AppZMeterGw/Services/Network/Interfaces/CycloneTcp/AppCycloneEthMng.c:46:13:cycloneEthPeriodicInfoCb	56	static
C:/Users/zafer/Aviora/Application/AppZMeterGw/Services/Network/Interfaces/CycloneTcp/AppCycloneEthMng.c:63:13:cycloneEthLinkChangeCallback	24	static
C:/Users/zafer/Aviora/Application/AppZMeterGw/Services/Network/Interfaces/CycloneTcp/AppCycloneEthMng.c:68:22:ethDown	24	static
C:/Users/zafer/Aviora/Application/AppZMeterGw/Services/Network/Interfaces/CycloneTcp/AppCycloneEthMng.c:80:22:ethUp	24	static
C:/Users/zafer/Aviora/Application/AppZMeterGw/Services/Network/Interfaces/CycloneTcp/AppCycloneEthMng.c:93:13:cycloneEthManagerTask	40	static
C:/Users/zafer/Aviora/Application/AppZMeterGw/Services/Network/Interfaces/CycloneTcp/AppCycloneEthMng.c:191:15:appCycloneEthMngStart	24	static
C:/Users/zafer/Aviora/Application/AppZMeterGw/Services/Network/Interfaces/CycloneTcp/AppCycloneEthMng.c:233:15:appCycloneEthMngClose	4	static
C:/Users/zafer/Aviora/Application/AppZMeterGw/Services/Network/Interfaces/CycloneTcp/AppCycloneEthMng.c:239:15:appCycloneEthMngReconnect	4	static
C:/Users/zafer/Aviora/Application/AppZMeterGw/Services/Network/Interfaces/CycloneTcp/AppCycloneEthMng.c:245:6:appCycloneEthMngIsNetworkReady	4	static
