C:/Users/zafer/Aviora/Middleware/CycloneTcp/cyclone_tcp/ipv4/arp.c:60:9:arpInit	8	static
C:/Users/zafer/Aviora/Middleware/CycloneTcp/cyclone_tcp/ipv4/arp.c:83:9:arpEnable	16	static
C:/Users/zafer/Aviora/Middleware/CycloneTcp/cyclone_tcp/ipv4/arp.c:117:9:arpAddStaticEntry	24	static
C:/Users/zafer/Aviora/Middleware/CycloneTcp/cyclone_tcp/ipv4/arp.c:190:9:arpRemoveStaticEntry	16	static
C:/Users/zafer/Aviora/Middleware/CycloneTcp/cyclone_tcp/ipv4/arp.c:333:9:arpEnqueuePacket	40	static
C:/Users/zafer/Aviora/Middleware/CycloneTcp/cyclone_tcp/ipv4/arp.c:735:6:arpProcessReply	24	static
C:/Users/zafer/Aviora/Middleware/CycloneTcp/cyclone_tcp/ipv4/arp.c:817:9:arpSendProbe	64	static
C:/Users/zafer/Aviora/Middleware/CycloneTcp/cyclone_tcp/ipv4/arp.c:877:9:arpSendRequest	80	static
C:/Users/zafer/Aviora/Middleware/CycloneTcp/cyclone_tcp/ipv4/arp.c:235:9:arpResolve	24	static
C:/Users/zafer/Aviora/Middleware/CycloneTcp/cyclone_tcp/ipv4/arp.c:421:6:arpTick	24	static
C:/Users/zafer/Aviora/Middleware/CycloneTcp/cyclone_tcp/ipv4/arp.c:946:9:arpSendReply	72	static
C:/Users/zafer/Aviora/Middleware/CycloneTcp/cyclone_tcp/ipv4/arp.c:665:6:arpProcessRequest	24	static
C:/Users/zafer/Aviora/Middleware/CycloneTcp/cyclone_tcp/ipv4/arp.c:546:6:arpProcessPacket	16	static
C:/Users/zafer/Aviora/Middleware/CycloneTcp/cyclone_tcp/ipv4/arp.c:1004:6:arpDumpPacket	0	static
