C:/Users/zafer/Aviora/Middleware/CycloneTcp/cyclone_tcp/ipv4/ipv4.c:79:9:ipv4Init	16	static
C:/Users/zafer/Aviora/Middleware/CycloneTcp/cyclone_tcp/ipv4/ipv4.c:128:9:ipv4SetDefaultTtl	16	static
C:/Users/zafer/Aviora/Middleware/CycloneTcp/cyclone_tcp/ipv4/ipv4.c:168:9:ipv4SetHostAddrEx	16	static
C:/Users/zafer/Aviora/Middleware/CycloneTcp/cyclone_tcp/ipv4/ipv4.c:153:9:ipv4SetHostAddr	0	static
C:/Users/zafer/Aviora/Middleware/CycloneTcp/cyclone_tcp/ipv4/ipv4.c:242:9:ipv4GetHostAddrEx	16	static
C:/Users/zafer/Aviora/Middleware/CycloneTcp/cyclone_tcp/ipv4/ipv4.c:227:9:ipv4GetHostAddr	0	static
C:/Users/zafer/Aviora/Middleware/CycloneTcp/cyclone_tcp/ipv4/ipv4.c:307:9:ipv4SetSubnetMaskEx	16	static
C:/Users/zafer/Aviora/Middleware/CycloneTcp/cyclone_tcp/ipv4/ipv4.c:292:9:ipv4SetSubnetMask	0	static
C:/Users/zafer/Aviora/Middleware/CycloneTcp/cyclone_tcp/ipv4/ipv4.c:351:9:ipv4GetSubnetMaskEx	16	static
C:/Users/zafer/Aviora/Middleware/CycloneTcp/cyclone_tcp/ipv4/ipv4.c:336:9:ipv4GetSubnetMask	0	static
C:/Users/zafer/Aviora/Middleware/CycloneTcp/cyclone_tcp/ipv4/ipv4.c:400:9:ipv4SetDefaultGatewayEx	16	static
C:/Users/zafer/Aviora/Middleware/CycloneTcp/cyclone_tcp/ipv4/ipv4.c:385:9:ipv4SetDefaultGateway	0	static
C:/Users/zafer/Aviora/Middleware/CycloneTcp/cyclone_tcp/ipv4/ipv4.c:449:9:ipv4GetDefaultGatewayEx	16	static
C:/Users/zafer/Aviora/Middleware/CycloneTcp/cyclone_tcp/ipv4/ipv4.c:434:9:ipv4GetDefaultGateway	0	static
C:/Users/zafer/Aviora/Middleware/CycloneTcp/cyclone_tcp/ipv4/ipv4.c:485:9:ipv4SetDnsServer	16	static
C:/Users/zafer/Aviora/Middleware/CycloneTcp/cyclone_tcp/ipv4/ipv4.c:519:9:ipv4GetDnsServer	16	static
C:/Users/zafer/Aviora/Middleware/CycloneTcp/cyclone_tcp/ipv4/ipv4.c:551:6:ipv4LinkChangeEvent	8	static
C:/Users/zafer/Aviora/Middleware/CycloneTcp/cyclone_tcp/ipv4/ipv4.c:819:6:ipv4ProcessDatagram	56	static
C:/Users/zafer/Aviora/Middleware/CycloneTcp/cyclone_tcp/ipv4/ipv4.c:602:6:ipv4ProcessPacket	40	static
C:/Users/zafer/Aviora/Middleware/CycloneTcp/cyclone_tcp/ipv4/ipv4.c:1090:9:ipv4SendPacket	56	static
C:/Users/zafer/Aviora/Middleware/CycloneTcp/cyclone_tcp/ipv4/ipv4.c:1004:9:ipv4SendDatagram	48	static
C:/Users/zafer/Aviora/Middleware/CycloneTcp/cyclone_tcp/ipv4/ipv4.c:1362:9:ipv4JoinMulticastGroup	32	static
C:/Users/zafer/Aviora/Middleware/CycloneTcp/cyclone_tcp/ipv4/ipv4.c:1471:9:ipv4LeaveMulticastGroup	32	static
C:/Users/zafer/Aviora/Middleware/CycloneTcp/cyclone_tcp/ipv4/ipv4.c:1547:9:ipv4StringToAddr	20	static
C:/Users/zafer/Aviora/Middleware/CycloneTcp/cyclone_tcp/ipv4/ipv4.c:1636:9:ipv4AddrToString	16	static
C:/Users/zafer/Aviora/Middleware/CycloneTcp/cyclone_tcp/ipv4/ipv4.c:1660:6:ipv4DumpHeader	0	static
