C:/Users/zafer/Aviora/Middleware/CycloneTcp/cyclone_tcp/ipv4/ipv4_frag.c:72:9:ipv4FragmentDatagram	72	static
C:/Users/zafer/Aviora/Middleware/CycloneTcp/cyclone_tcp/ipv4/ipv4_frag.c:661:6:ipv4FlushFragQueue	8	static
C:/Users/zafer/Aviora/Middleware/CycloneTcp/cyclone_tcp/ipv4/ipv4_frag.c:682:15:ipv4FindHole	0	static
C:/Users/zafer/Aviora/Middleware/CycloneTcp/cyclone_tcp/ipv4/ipv4_frag.c:488:6:ipv4FragTick	40	static
C:/Users/zafer/Aviora/Middleware/CycloneTcp/cyclone_tcp/ipv4/ipv4_frag.c:557:15:ipv4SearchFragQueue	32	static
C:/Users/zafer/Aviora/Middleware/CycloneTcp/cyclone_tcp/ipv4/ipv4_frag.c:184:6:ipv4ReassembleDatagram	64	static
C:/Users/zafer/Aviora/Middleware/CycloneTcp/cyclone_tcp/ipv4/ipv4_frag.c:694:6:ipv4DumpHoleList	0	static
