C:/Users/zafer/Aviora/Middleware/CycloneTcp/cyclone_tcp/ipv4/ipv4_misc.c:53:9:ipv4AddRouterAlertOption	8	static
C:/Users/zafer/Aviora/Middleware/CycloneTcp/cyclone_tcp/ipv4/ipv4_misc.c:391:9:ipv4SelectDefaultGateway	0	static
C:/Users/zafer/Aviora/Middleware/CycloneTcp/cyclone_tcp/ipv4/ipv4_misc.c:433:8:ipv4IsOnLink	0	static
C:/Users/zafer/Aviora/Middleware/CycloneTcp/cyclone_tcp/ipv4/ipv4_misc.c:471:8:ipv4IsBroadcastAddr	12	static
C:/Users/zafer/Aviora/Middleware/CycloneTcp/cyclone_tcp/ipv4/ipv4_misc.c:93:9:ipv4CheckSourceAddr	8	static
C:/Users/zafer/Aviora/Middleware/CycloneTcp/cyclone_tcp/ipv4/ipv4_misc.c:117:9:ipv4CheckDestAddr	16	static
C:/Users/zafer/Aviora/Middleware/CycloneTcp/cyclone_tcp/ipv4/ipv4_misc.c:525:8:ipv4IsTentativeAddr	0	static
C:/Users/zafer/Aviora/Middleware/CycloneTcp/cyclone_tcp/ipv4/ipv4_misc.c:564:8:ipv4IsLocalHostAddr	8	static
C:/Users/zafer/Aviora/Middleware/CycloneTcp/cyclone_tcp/ipv4/ipv4_misc.c:621:8:ipv4CompPrefix	16	static
C:/Users/zafer/Aviora/Middleware/CycloneTcp/cyclone_tcp/ipv4/ipv4_misc.c:657:8:ipv4GetAddrScope	0	static
C:/Users/zafer/Aviora/Middleware/CycloneTcp/cyclone_tcp/ipv4/ipv4_misc.c:721:8:ipv4GetPrefixLength	8	static
C:/Users/zafer/Aviora/Middleware/CycloneTcp/cyclone_tcp/ipv4/ipv4_misc.c:202:9:ipv4SelectSourceAddr	56	static
C:/Users/zafer/Aviora/Middleware/CycloneTcp/cyclone_tcp/ipv4/ipv4_misc.c:747:9:ipv4GetBroadcastAddr	0	static
C:/Users/zafer/Aviora/Middleware/CycloneTcp/cyclone_tcp/ipv4/ipv4_misc.c:770:9:ipv4MapMulticastAddrToMac	0	static
C:/Users/zafer/Aviora/Middleware/CycloneTcp/cyclone_tcp/ipv4/ipv4_misc.c:803:8:ipv4TrapIgmpPacket	8	static
C:/Users/zafer/Aviora/Middleware/CycloneTcp/cyclone_tcp/ipv4/ipv4_misc.c:833:6:ipv4UpdateInStats	0	static
C:/Users/zafer/Aviora/Middleware/CycloneTcp/cyclone_tcp/ipv4/ipv4_misc.c:874:6:ipv4UpdateOutStats	0	static
C:/Users/zafer/Aviora/Middleware/CycloneTcp/cyclone_tcp/ipv4/ipv4_misc.c:928:6:ipv4UpdateErrorStats	0	static
