C:/Users/zafer/Aviora/Middleware/CycloneTcp/common/os_port_freertos.c:55:6:osInitKernel	0	static
C:/Users/zafer/Aviora/Middleware/CycloneTcp/common/os_port_freertos.c:64:6:osStartKernel	0	static
C:/Users/zafer/Aviora/Middleware/CycloneTcp/common/os_port_freertos.c:80:10:osCreateTask	40	static
C:/Users/zafer/Aviora/Middleware/CycloneTcp/common/os_port_freertos.c:125:6:osDeleteTask	0	static
C:/Users/zafer/Aviora/Middleware/CycloneTcp/common/os_port_freertos.c:137:6:osDelayTask	0	static
C:/Users/zafer/Aviora/Middleware/CycloneTcp/common/os_port_freertos.c:148:6:osSwitchTask	0	static,ignoring_inline_asm
C:/Users/zafer/Aviora/Middleware/CycloneTcp/common/os_port_freertos.c:159:6:osSuspendAllTasks	8	static
C:/Users/zafer/Aviora/Middleware/CycloneTcp/common/os_port_freertos.c:174:6:osResumeAllTasks	8	static
C:/Users/zafer/Aviora/Middleware/CycloneTcp/common/os_port_freertos.c:192:8:osCreateEvent	16	static
C:/Users/zafer/Aviora/Middleware/CycloneTcp/common/os_port_freertos.c:219:6:osDeleteEvent	0	static
C:/Users/zafer/Aviora/Middleware/CycloneTcp/common/os_port_freertos.c:235:6:osSetEvent	0	static
C:/Users/zafer/Aviora/Middleware/CycloneTcp/common/os_port_freertos.c:247:6:osResetEvent	0	static
C:/Users/zafer/Aviora/Middleware/CycloneTcp/common/os_port_freertos.c:262:8:osWaitForEvent	0	static
C:/Users/zafer/Aviora/Middleware/CycloneTcp/common/os_port_freertos.c:291:8:osSetEventFromIsr	16	static
C:/Users/zafer/Aviora/Middleware/CycloneTcp/common/os_port_freertos.c:312:8:osCreateSemaphore	8	static
C:/Users/zafer/Aviora/Middleware/CycloneTcp/common/os_port_freertos.c:340:6:osDeleteSemaphore	0	static
C:/Users/zafer/Aviora/Middleware/CycloneTcp/common/os_port_freertos.c:359:8:osWaitForSemaphore	0	static
C:/Users/zafer/Aviora/Middleware/CycloneTcp/common/os_port_freertos.c:385:6:osReleaseSemaphore	0	static
C:/Users/zafer/Aviora/Middleware/CycloneTcp/common/os_port_freertos.c:399:8:osCreateMutex	8	static
C:/Users/zafer/Aviora/Middleware/CycloneTcp/common/os_port_freertos.c:426:6:osDeleteMutex	0	static
C:/Users/zafer/Aviora/Middleware/CycloneTcp/common/os_port_freertos.c:442:6:osAcquireMutex	0	static
C:/Users/zafer/Aviora/Middleware/CycloneTcp/common/os_port_freertos.c:454:6:osReleaseMutex	0	static
C:/Users/zafer/Aviora/Middleware/CycloneTcp/common/os_port_freertos.c:466:11:osGetSystemTime	0	static
C:/Users/zafer/Aviora/Middleware/CycloneTcp/common/os_port_freertos.c:485:19:osAllocMem	0	static
C:/Users/zafer/Aviora/Middleware/CycloneTcp/common/os_port_freertos.c:506:18:osFreeMem	0	static
