C:/Users/zafer/Aviora/Middleware/CycloneTcp/cyclone_tcp/mqtt/mqtt_client_packet.c:73:9:mqttClientReceivePacket	40	static
C:/Users/zafer/Aviora/Middleware/CycloneTcp/cyclone_tcp/mqtt/mqtt_client_packet.c:169:9:mqttClientProcessPacket	64	static
C:/Users/zafer/Aviora/Middleware/CycloneTcp/cyclone_tcp/mqtt/mqtt_client_packet.c:264:9:mqttClientProcessConnAck	32	static
C:/Users/zafer/Aviora/Middleware/CycloneTcp/cyclone_tcp/mqtt/mqtt_client_packet.c:321:9:mqttClientProcessPublish	72	static
C:/Users/zafer/Aviora/Middleware/CycloneTcp/cyclone_tcp/mqtt/mqtt_client_packet.c:435:9:mqttClientProcessPubAck	32	static
C:/Users/zafer/Aviora/Middleware/CycloneTcp/cyclone_tcp/mqtt/mqtt_client_packet.c:479:9:mqttClientProcessPubRec	32	static
C:/Users/zafer/Aviora/Middleware/CycloneTcp/cyclone_tcp/mqtt/mqtt_client_packet.c:537:9:mqttClientProcessPubRel	32	static
C:/Users/zafer/Aviora/Middleware/CycloneTcp/cyclone_tcp/mqtt/mqtt_client_packet.c:595:9:mqttClientProcessPubComp	32	static
C:/Users/zafer/Aviora/Middleware/CycloneTcp/cyclone_tcp/mqtt/mqtt_client_packet.c:639:9:mqttClientProcessSubAck	32	static
C:/Users/zafer/Aviora/Middleware/CycloneTcp/cyclone_tcp/mqtt/mqtt_client_packet.c:683:9:mqttClientProcessUnsubAck	32	static
C:/Users/zafer/Aviora/Middleware/CycloneTcp/cyclone_tcp/mqtt/mqtt_client_packet.c:727:9:mqttClientProcessPingResp	24	static
C:/Users/zafer/Aviora/Middleware/CycloneTcp/cyclone_tcp/mqtt/mqtt_client_packet.c:758:9:mqttClientFormatConnect	56	static
C:/Users/zafer/Aviora/Middleware/CycloneTcp/cyclone_tcp/mqtt/mqtt_client_packet.c:959:9:mqttClientFormatPublish	56	static
C:/Users/zafer/Aviora/Middleware/CycloneTcp/cyclone_tcp/mqtt/mqtt_client_packet.c:1033:9:mqttClientFormatPubAck	40	static
C:/Users/zafer/Aviora/Middleware/CycloneTcp/cyclone_tcp/mqtt/mqtt_client_packet.c:1081:9:mqttClientFormatPubRec	40	static
C:/Users/zafer/Aviora/Middleware/CycloneTcp/cyclone_tcp/mqtt/mqtt_client_packet.c:1129:9:mqttClientFormatPubRel	40	static
C:/Users/zafer/Aviora/Middleware/CycloneTcp/cyclone_tcp/mqtt/mqtt_client_packet.c:1177:9:mqttClientFormatPubComp	40	static
C:/Users/zafer/Aviora/Middleware/CycloneTcp/cyclone_tcp/mqtt/mqtt_client_packet.c:1227:9:mqttClientFormatSubscribe	56	static
C:/Users/zafer/Aviora/Middleware/CycloneTcp/cyclone_tcp/mqtt/mqtt_client_packet.c:1295:9:mqttClientFormatUnsubscribe	48	static
C:/Users/zafer/Aviora/Middleware/CycloneTcp/cyclone_tcp/mqtt/mqtt_client_packet.c:1354:9:mqttClientFormatPingReq	40	static
C:/Users/zafer/Aviora/Middleware/CycloneTcp/cyclone_tcp/mqtt/mqtt_client_packet.c:1386:9:mqttClientFormatDisconnect	40	static
