C:/Users/zafer/Aviora/Middleware/CycloneTcp/cyclone_tcp/mqtt/mqtt_client_misc.c:52:6:mqttClientChangeState	16	static
C:/Users/zafer/Aviora/Middleware/CycloneTcp/cyclone_tcp/mqtt/mqtt_client_misc.c:67:9:mqttClientProcessEvents	32	static
C:/Users/zafer/Aviora/Middleware/CycloneTcp/cyclone_tcp/mqtt/mqtt_client_misc.c:165:9:mqttClientCheckKeepAlive	32	static
C:/Users/zafer/Aviora/Middleware/CycloneTcp/cyclone_tcp/mqtt/mqtt_client_misc.c:230:9:mqttSerializeHeader	40	static
C:/Users/zafer/Aviora/Middleware/CycloneTcp/cyclone_tcp/mqtt/mqtt_client_misc.c:309:9:mqttSerializeByte	32	static
C:/Users/zafer/Aviora/Middleware/CycloneTcp/cyclone_tcp/mqtt/mqtt_client_misc.c:341:9:mqttSerializeShort	32	static
C:/Users/zafer/Aviora/Middleware/CycloneTcp/cyclone_tcp/mqtt/mqtt_client_misc.c:375:9:mqttSerializeString	32	static
C:/Users/zafer/Aviora/Middleware/CycloneTcp/cyclone_tcp/mqtt/mqtt_client_misc.c:412:9:mqttSerializeData	32	static
C:/Users/zafer/Aviora/Middleware/CycloneTcp/cyclone_tcp/mqtt/mqtt_client_misc.c:448:9:mqttDeserializeHeader	40	static
C:/Users/zafer/Aviora/Middleware/CycloneTcp/cyclone_tcp/mqtt/mqtt_client_misc.c:526:9:mqttDeserializeByte	32	static
C:/Users/zafer/Aviora/Middleware/CycloneTcp/cyclone_tcp/mqtt/mqtt_client_misc.c:558:9:mqttDeserializeShort	32	static
C:/Users/zafer/Aviora/Middleware/CycloneTcp/cyclone_tcp/mqtt/mqtt_client_misc.c:591:9:mqttDeserializeString	32	static
C:/Users/zafer/Aviora/Middleware/CycloneTcp/cyclone_tcp/mqtt/mqtt_client_misc.c:627:9:mqttClientCheckTimeout	16	static
