C:/Users/zafer/Aviora/Middleware/MiddComm/Midd_FS/fs/fs_port_flashLink.c:86:17:flCellAddr	16	static
C:/Users/zafer/Aviora/Middleware/MiddComm/Midd_FS/fs/fs_port_flashLink.c:92:16:flRead	24	static
C:/Users/zafer/Aviora/Middleware/MiddComm/Midd_FS/fs/fs_port_flashLink.c:97:16:flProg	24	static
C:/Users/zafer/Aviora/Middleware/MiddComm/Midd_FS/fs/fs_port_flashLink.c:102:16:flSync	8	static
C:/Users/zafer/Aviora/Middleware/MiddComm/Midd_FS/fs/fs_port_flashLink.c:107:17:flDecodeU16Inv	16	static
C:/Users/zafer/Aviora/Middleware/MiddComm/Midd_FS/fs/fs_port_flashLink.c:112:17:flEncodeU16Inv	16	static
C:/Users/zafer/Aviora/Middleware/MiddComm/Midd_FS/fs/fs_port_flashLink.c:117:16:flReadHeader	104	static
C:/Users/zafer/Aviora/Middleware/MiddComm/Midd_FS/fs/fs_port_flashLink.c:156:16:flProgName	88	static
C:/Users/zafer/Aviora/Middleware/MiddComm/Midd_FS/fs/fs_port_flashLink.c:178:16:flProgNext	32	static
C:/Users/zafer/Aviora/Middleware/MiddComm/Midd_FS/fs/fs_port_flashLink.c:194:16:flProgLen	32	static
C:/Users/zafer/Aviora/Middleware/MiddComm/Midd_FS/fs/fs_port_flashLink.c:211:16:flWriteData	32	static
C:/Users/zafer/Aviora/Middleware/MiddComm/Midd_FS/fs/fs_port_flashLink.c:224:15:flCellIsEmpty	104	static
C:/Users/zafer/Aviora/Middleware/MiddComm/Midd_FS/fs/fs_port_flashLink.c:262:12:flFindFreeCell	16	static
C:/Users/zafer/Aviora/Middleware/MiddComm/Midd_FS/fs/fs_port_flashLink.c:273:12:flFindHeadByName	88	static
C:/Users/zafer/Aviora/Middleware/MiddComm/Midd_FS/fs/fs_port_flashLink.c:297:17:flFindLastInChain	88	static
C:/Users/zafer/Aviora/Middleware/MiddComm/Midd_FS/fs/fs_port_flashLink.c:320:16:flClearCellHeader	24	static
C:/Users/zafer/Aviora/Middleware/MiddComm/Midd_FS/fs/fs_port_flashLink.c:335:16:flWriteChain	120	static
C:/Users/zafer/Aviora/Middleware/MiddComm/Midd_FS/fs/fs_port_flashLink.c:430:9:flashLinkInit	24	static
C:/Users/zafer/Aviora/Middleware/MiddComm/Midd_FS/fs/fs_port_flashLink.c:464:9:flashLinkFormat	24	static
C:/Users/zafer/Aviora/Middleware/MiddComm/Midd_FS/fs/fs_port_flashLink.c:488:9:flashLinkRead	1080	static
C:/Users/zafer/Aviora/Middleware/MiddComm/Midd_FS/fs/fs_port_flashLink.c:555:9:flashLinkDelete	96	static
C:/Users/zafer/Aviora/Middleware/MiddComm/Midd_FS/fs/fs_port_flashLink.c:595:22:flPathToName	24	static
C:/Users/zafer/Aviora/Middleware/MiddComm/Midd_FS/fs/fs_port_flashLink.c:618:16:flGetTotalSizeEx	112	static
C:/Users/zafer/Aviora/Middleware/MiddComm/Midd_FS/fs/fs_port_flashLink.c:652:16:flGetTotalSize	16	static
C:/Users/zafer/Aviora/Middleware/MiddComm/Midd_FS/fs/fs_port_flashLink.c:657:13:flSetUnknownModified	16	static
C:/Users/zafer/Aviora/Middleware/MiddComm/Midd_FS/fs/fs_port_flashLink.c:671:29:flAllocFileSlot	16	static
C:/Users/zafer/Aviora/Middleware/MiddComm/Midd_FS/fs/fs_port_flashLink.c:686:13:flFreeFileSlot	24	static
C:/Users/zafer/Aviora/Middleware/MiddComm/Midd_FS/fs/fs_port_flashLink.c:699:28:flAllocDirSlot	16	static
C:/Users/zafer/Aviora/Middleware/MiddComm/Midd_FS/fs/fs_port_flashLink.c:714:13:flFreeDirSlot	24	static
C:/Users/zafer/Aviora/Middleware/MiddComm/Midd_FS/fs/fs_port_flashLink.c:727:9:fsInit	16	static
C:/Users/zafer/Aviora/Middleware/MiddComm/Midd_FS/fs/fs_port_flashLink.c:739:8:fsFileExists	88	static
C:/Users/zafer/Aviora/Middleware/MiddComm/Midd_FS/fs/fs_port_flashLink.c:752:9:fsGetFileSize	88	static
C:/Users/zafer/Aviora/Middleware/MiddComm/Midd_FS/fs/fs_port_flashLink.c:764:9:fsGetFileStat	88	static
C:/Users/zafer/Aviora/Middleware/MiddComm/Midd_FS/fs/fs_port_flashLink.c:795:9:fsRenameFile	160	static
C:/Users/zafer/Aviora/Middleware/MiddComm/Midd_FS/fs/fs_port_flashLink.c:824:9:fsDeleteFile	88	static
C:/Users/zafer/Aviora/Middleware/MiddComm/Midd_FS/fs/fs_port_flashLink.c:836:9:fsOpenFile	96	static
C:/Users/zafer/Aviora/Middleware/MiddComm/Midd_FS/fs/fs_port_flashLink.c:906:9:fsSeekFile	40	static
C:/Users/zafer/Aviora/Middleware/MiddComm/Midd_FS/fs/fs_port_flashLink.c:937:9:fsWriteFile	40	static
C:/Users/zafer/Aviora/Middleware/MiddComm/Midd_FS/fs/fs_port_flashLink.c:953:9:fsReadFile	1104	static
C:/Users/zafer/Aviora/Middleware/MiddComm/Midd_FS/fs/fs_port_flashLink.c:1032:6:fsCloseFile	16	static
C:/Users/zafer/Aviora/Middleware/MiddComm/Midd_FS/fs/fs_port_flashLink.c:1038:8:fsDirExists	16	static
C:/Users/zafer/Aviora/Middleware/MiddComm/Midd_FS/fs/fs_port_flashLink.c:1045:9:fsCreateDir	16	static
C:/Users/zafer/Aviora/Middleware/MiddComm/Midd_FS/fs/fs_port_flashLink.c:1054:9:fsRemoveDir	16	static
C:/Users/zafer/Aviora/Middleware/MiddComm/Midd_FS/fs/fs_port_flashLink.c:1063:8:fsOpenDir	24	static
C:/Users/zafer/Aviora/Middleware/MiddComm/Midd_FS/fs/fs_port_flashLink.c:1080:9:fsReadDir	96	static
C:/Users/zafer/Aviora/Middleware/MiddComm/Midd_FS/fs/fs_port_flashLink.c:1120:6:fsCloseDir	16	static
