C:/Users/zafer/Aviora/Middleware/MiddComm/Midd_FS/fs/fs_port_flashLink.c:86:17:flCellAddr	0	static
C:/Users/zafer/Aviora/Middleware/MiddComm/Midd_FS/fs/fs_port_flashLink.c:92:16:flRead	0	static
C:/Users/zafer/Aviora/Middleware/MiddComm/Midd_FS/fs/fs_port_flashLink.c:97:16:flProg	0	static
C:/Users/zafer/Aviora/Middleware/MiddComm/Midd_FS/fs/fs_port_flashLink.c:194:16:flProgLen	16	static
C:/Users/zafer/Aviora/Middleware/MiddComm/Midd_FS/fs/fs_port_flashLink.c:224:15:flCellIsEmpty	80	static
C:/Users/zafer/Aviora/Middleware/MiddComm/Midd_FS/fs/fs_port_flashLink.c:262:12:flFindFreeCell	16	static
C:/Users/zafer/Aviora/Middleware/MiddComm/Midd_FS/fs/fs_port_flashLink.c:117:16:flReadHeader	104	static
C:/Users/zafer/Aviora/Middleware/MiddComm/Midd_FS/fs/fs_port_flashLink.c:273:12:flFindHeadByName	88	static
C:/Users/zafer/Aviora/Middleware/MiddComm/Midd_FS/fs/fs_port_flashLink.c:618:16:flGetTotalSizeEx	88	static
C:/Users/zafer/Aviora/Middleware/MiddComm/Midd_FS/fs/fs_port_flashLink.c:156:16:flProgName	72	static
C:/Users/zafer/Aviora/Middleware/MiddComm/Midd_FS/fs/fs_port_flashLink.c:595:22:flPathToName.constprop	8	static
C:/Users/zafer/Aviora/Middleware/MiddComm/Midd_FS/fs/fs_port_flashLink.c:211:16:flWriteData.constprop	8	static
C:/Users/zafer/Aviora/Middleware/MiddComm/Midd_FS/fs/fs_port_flashLink.c:430:9:flashLinkInit	16	static
C:/Users/zafer/Aviora/Middleware/MiddComm/Midd_FS/fs/fs_port_flashLink.c:464:9:flashLinkFormat	16	static
C:/Users/zafer/Aviora/Middleware/MiddComm/Midd_FS/fs/fs_port_flashLink.c:488:9:flashLinkRead	1056	static
C:/Users/zafer/Aviora/Middleware/MiddComm/Midd_FS/fs/fs_port_flashLink.c:555:9:flashLinkDelete	88	static
C:/Users/zafer/Aviora/Middleware/MiddComm/Midd_FS/fs/fs_port_flashLink.c:727:9:fsInit	0	static
C:/Users/zafer/Aviora/Middleware/MiddComm/Midd_FS/fs/fs_port_flashLink.c:739:8:fsFileExists	80	static
C:/Users/zafer/Aviora/Middleware/MiddComm/Midd_FS/fs/fs_port_flashLink.c:752:9:fsGetFileSize	80	static
C:/Users/zafer/Aviora/Middleware/MiddComm/Midd_FS/fs/fs_port_flashLink.c:764:9:fsGetFileStat	88	static
C:/Users/zafer/Aviora/Middleware/MiddComm/Midd_FS/fs/fs_port_flashLink.c:795:9:fsRenameFile	144	static
C:/Users/zafer/Aviora/Middleware/MiddComm/Midd_FS/fs/fs_port_flashLink.c:824:9:fsDeleteFile	80	static
C:/Users/zafer/Aviora/Middleware/MiddComm/Midd_FS/fs/fs_port_flashLink.c:836:9:fsOpenFile	176	static
C:/Users/zafer/Aviora/Middleware/MiddComm/Midd_FS/fs/fs_port_flashLink.c:906:9:fsSeekFile	0	static
C:/Users/zafer/Aviora/Middleware/MiddComm/Midd_FS/fs/fs_port_flashLink.c:937:9:fsWriteFile	104	static
C:/Users/zafer/Aviora/Middleware/MiddComm/Midd_FS/fs/fs_port_flashLink.c:953:9:fsReadFile	1064	static
C:/Users/zafer/Aviora/Middleware/MiddComm/Midd_FS/fs/fs_port_flashLink.c:1032:6:fsCloseFile	8	static
C:/Users/zafer/Aviora/Middleware/MiddComm/Midd_FS/fs/fs_port_flashLink.c:1038:8:fsDirExists	8	static
C:/Users/zafer/Aviora/Middleware/MiddComm/Midd_FS/fs/fs_port_flashLink.c:1045:9:fsCreateDir	8	static
C:/Users/zafer/Aviora/Middleware/MiddComm/Midd_FS/fs/fs_port_flashLink.c:1054:9:fsRemoveDir	8	static
C:/Users/zafer/Aviora/Middleware/MiddComm/Midd_FS/fs/fs_port_flashLink.c:1063:8:fsOpenDir	16	static
C:/Users/zafer/Aviora/Middleware/MiddComm/Midd_FS/fs/fs_port_flashLink.c:1080:9:fsReadDir	96	static
C:/Users/zafer/Aviora/Middleware/MiddComm/Midd_FS/fs/fs_port_flashLink.c:1120:6:fsCloseDir	0	static
