C:/Users/zafer/Aviora/Application/AppZMeterGw/Services/Protocol/src/AppMeterOperations.c:95:13:lockMeterReg	8	static
C:/Users/zafer/Aviora/Application/AppZMeterGw/Services/Protocol/src/AppMeterOperations.c:96:13:unlockMeterReg	8	static
C:/Users/zafer/Aviora/Application/AppZMeterGw/Services/Protocol/src/AppMeterOperations.c:97:13:lockDirective	8	static
C:/Users/zafer/Aviora/Application/AppZMeterGw/Services/Protocol/src/AppMeterOperations.c:98:13:unlockDirective	8	static
C:/Users/zafer/Aviora/Application/AppZMeterGw/Services/Protocol/src/AppMeterOperations.c:99:13:lockTask	8	static
C:/Users/zafer/Aviora/Application/AppZMeterGw/Services/Protocol/src/AppMeterOperations.c:100:13:unlockTask	8	static
C:/Users/zafer/Aviora/Application/AppZMeterGw/Services/Protocol/src/AppMeterOperations.c:104:12:taskSlotFindLocked	24	static
C:/Users/zafer/Aviora/Application/AppZMeterGw/Services/Protocol/src/AppMeterOperations.c:114:12:taskSlotAlloc	16	static
C:/Users/zafer/Aviora/Application/AppZMeterGw/Services/Protocol/src/AppMeterOperations.c:135:13:taskSlotAbort	24	static
C:/Users/zafer/Aviora/Application/AppZMeterGw/Services/Protocol/src/AppMeterOperations.c:148:13:taskSlotMarkRunning	24	static
C:/Users/zafer/Aviora/Application/AppZMeterGw/Services/Protocol/src/AppMeterOperations.c:157:13:taskSlotMarkFinished	24	static
C:/Users/zafer/Aviora/Application/AppZMeterGw/Services/Protocol/src/AppMeterOperations.c:171:16:fsWriteWholeFile	32	static
C:/Users/zafer/Aviora/Application/AppZMeterGw/Services/Protocol/src/AppMeterOperations.c:181:16:fsReadWholeText	40	static
C:/Users/zafer/Aviora/Application/AppZMeterGw/Services/Protocol/src/AppMeterOperations.c:215:13:meterListRefreshCount	16	static
C:/Users/zafer/Aviora/Application/AppZMeterGw/Services/Protocol/src/AppMeterOperations.c:226:13:meterListContainsSerial	544	static
C:/Users/zafer/Aviora/Application/AppZMeterGw/Services/Protocol/src/AppMeterOperations.c:260:16:meterListAppendRow	24	static
C:/Users/zafer/Aviora/Application/AppZMeterGw/Services/Protocol/src/AppMeterOperations.c:275:16:meterListRemoveSerial	56	static
C:/Users/zafer/Aviora/Application/AppZMeterGw/Services/Protocol/src/AppMeterOperations.c:331:22:directiveIndexSave	32	static
C:/Users/zafer/Aviora/Application/AppZMeterGw/Services/Protocol/src/AppMeterOperations.c:352:22:directiveIndexLoad	40	static
C:/Users/zafer/Aviora/Application/AppZMeterGw/Services/Protocol/src/AppMeterOperations.c:389:12:directiveIndexFind	24	static
C:/Users/zafer/Aviora/Application/AppZMeterGw/Services/Protocol/src/AppMeterOperations.c:401:13:getJsonParamString	352	static
C:/Users/zafer/Aviora/Application/AppZMeterGw/Services/Protocol/src/AppMeterOperations.c:412:13:parseProfileWindow	64	static
C:/Users/zafer/Aviora/Application/AppZMeterGw/Services/Protocol/src/AppMeterOperations.c:432:12:sendAll	32	static
C:/Users/zafer/Aviora/Application/AppZMeterGw/Services/Protocol/src/AppMeterOperations.c:440:19:recvLine	40	static
C:/Users/zafer/Aviora/Application/AppZMeterGw/Services/Protocol/src/AppMeterOperations.c:471:19:iecSaveMeterIdFile	120	static
C:/Users/zafer/Aviora/Application/AppZMeterGw/Services/Protocol/src/AppMeterOperations.c:485:19:iecDoReadout	512	static
C:/Users/zafer/Aviora/Application/AppZMeterGw/Services/Protocol/src/AppMeterOperations.c:535:19:iecDoProfile	600	static
C:/Users/zafer/Aviora/Application/AppZMeterGw/Services/Protocol/src/AppMeterOperations.c:585:12:enqueueMeterJob	16	static
C:/Users/zafer/Aviora/Application/AppZMeterGw/Services/Protocol/src/AppMeterOperations.c:594:13:meterOpsWorkerTask	80	static
C:/Users/zafer/Aviora/Application/AppZMeterGw/Services/Protocol/src/AppMeterOperations.c:630:15:appMeterOperationsStart	40	static
C:/Users/zafer/Aviora/Application/AppZMeterGw/Services/Protocol/src/AppMeterOperations.c:694:15:appMeterOperationsAddMeter	144	static
C:/Users/zafer/Aviora/Application/AppZMeterGw/Services/Protocol/src/AppMeterOperations.c:737:15:appMeterOperationsGetMeterData	128	static
C:/Users/zafer/Aviora/Application/AppZMeterGw/Services/Protocol/src/AppMeterOperations.c:761:15:appMeterOperationsGetMeterDataByIndex	40	static
C:/Users/zafer/Aviora/Application/AppZMeterGw/Services/Protocol/src/AppMeterOperations.c:799:15:appMeterOperationsDeleteMeter	120	static
C:/Users/zafer/Aviora/Application/AppZMeterGw/Services/Protocol/src/AppMeterOperations.c:826:15:appMeterOperationsDeleteAllMeters	664	static
C:/Users/zafer/Aviora/Application/AppZMeterGw/Services/Protocol/src/AppMeterOperations.c:870:5:appMeterOperationsGetMeterCount	16	static
C:/Users/zafer/Aviora/Application/AppZMeterGw/Services/Protocol/src/AppMeterOperations.c:880:5:appMeterOperationsAddReadoutTask	192	static
C:/Users/zafer/Aviora/Application/AppZMeterGw/Services/Protocol/src/AppMeterOperations.c:918:5:appMeterOperationsAddProfileTask	296	static
C:/Users/zafer/Aviora/Application/AppZMeterGw/Services/Protocol/src/AppMeterOperations.c:968:5:appMeterOperationsAddObisTask	16	static
C:/Users/zafer/Aviora/Application/AppZMeterGw/Services/Protocol/src/AppMeterOperations.c:975:5:appMeterOperationsAddWriteTask	16	static
C:/Users/zafer/Aviora/Application/AppZMeterGw/Services/Protocol/src/AppMeterOperations.c:982:12:appMeterOperationsIsTaskDone	24	static
C:/Users/zafer/Aviora/Application/AppZMeterGw/Services/Protocol/src/AppMeterOperations.c:998:12:appMeterOperationsTaskIDFree	24	static
C:/Users/zafer/Aviora/Application/AppZMeterGw/Services/Protocol/src/AppMeterOperations.c:1021:5:appMeterOperationsAddDirective	192	static
C:/Users/zafer/Aviora/Application/AppZMeterGw/Services/Protocol/src/AppMeterOperations.c:1086:15:appMeterOperationsDeleteDirective	232	static
C:/Users/zafer/Aviora/Application/AppZMeterGw/Services/Protocol/src/AppMeterOperations.c:1135:15:appMeterOperationsGetDirective	136	static
C:/Users/zafer/Aviora/Application/AppZMeterGw/Services/Protocol/src/AppMeterOperations.c:1156:15:appMeterOperationsGetDirectiveByIndex	136	static
C:/Users/zafer/Aviora/Application/AppZMeterGw/Services/Protocol/src/AppMeterOperations.c:1178:5:appMeterOperationsGetDirectiveCount	16	static
