C:/Users/zafer/Aviora/Application/AppZMeterGw/Services/Protocol/src/AppProtocolOrionTLV.c:285:13:writeU16BE	16	static
C:/Users/zafer/Aviora/Application/AppZMeterGw/Services/Protocol/src/AppProtocolOrionTLV.c:291:17:readU16BE	16	static
C:/Users/zafer/Aviora/Application/AppZMeterGw/Services/Protocol/src/AppProtocolOrionTLV.c:296:17:nextTransNumber	4	static
C:/Users/zafer/Aviora/Application/AppZMeterGw/Services/Protocol/src/AppProtocolOrionTLV.c:303:13:inQueuePush	32	static
C:/Users/zafer/Aviora/Application/AppZMeterGw/Services/Protocol/src/AppProtocolOrionTLV.c:329:13:inQueuePop	16	static
C:/Users/zafer/Aviora/Application/AppZMeterGw/Services/Protocol/src/AppProtocolOrionTLV.c:344:13:mtlxBuilderInit	24	static
C:/Users/zafer/Aviora/Application/AppZMeterGw/Services/Protocol/src/AppProtocolOrionTLV.c:352:13:mtlxPacketBegin	16	static
C:/Users/zafer/Aviora/Application/AppZMeterGw/Services/Protocol/src/AppProtocolOrionTLV.c:360:13:builderAddTLV	24	static
C:/Users/zafer/Aviora/Application/AppZMeterGw/Services/Protocol/src/AppProtocolOrionTLV.c:377:13:mtlxAddString	32	static
C:/Users/zafer/Aviora/Application/AppZMeterGw/Services/Protocol/src/AppProtocolOrionTLV.c:383:13:mtlxAddBool	32	static
C:/Users/zafer/Aviora/Application/AppZMeterGw/Services/Protocol/src/AppProtocolOrionTLV.c:389:13:mtlxAddUint8	16	static
C:/Users/zafer/Aviora/Application/AppZMeterGw/Services/Protocol/src/AppProtocolOrionTLV.c:394:13:mtlxAddUint16	24	static
C:/Users/zafer/Aviora/Application/AppZMeterGw/Services/Protocol/src/AppProtocolOrionTLV.c:401:13:mtlxAddUint32	32	static
C:/Users/zafer/Aviora/Application/AppZMeterGw/Services/Protocol/src/AppProtocolOrionTLV.c:411:13:mtlxAddRaw	24	static
C:/Users/zafer/Aviora/Application/AppZMeterGw/Services/Protocol/src/AppProtocolOrionTLV.c:416:17:mtlxPacketEnd	16	static
C:/Users/zafer/Aviora/Application/AppZMeterGw/Services/Protocol/src/AppProtocolOrionTLV.c:428:13:mtlxParserInit	32	static
C:/Users/zafer/Aviora/Application/AppZMeterGw/Services/Protocol/src/AppProtocolOrionTLV.c:451:13:orionParserReset	16	static
C:/Users/zafer/Aviora/Application/AppZMeterGw/Services/Protocol/src/AppProtocolOrionTLV.c:456:13:orionParserNext	24	static
C:/Users/zafer/Aviora/Application/AppZMeterGw/Services/Protocol/src/AppProtocolOrionTLV.c:467:13:findTag	40	static
C:/Users/zafer/Aviora/Application/AppZMeterGw/Services/Protocol/src/AppProtocolOrionTLV.c:487:13:mtlxGetString	40	static
C:/Users/zafer/Aviora/Application/AppZMeterGw/Services/Protocol/src/AppProtocolOrionTLV.c:497:13:mtlxGetBool	32	static
C:/Users/zafer/Aviora/Application/AppZMeterGw/Services/Protocol/src/AppProtocolOrionTLV.c:505:13:mtlxGetUint8	32	static
C:/Users/zafer/Aviora/Application/AppZMeterGw/Services/Protocol/src/AppProtocolOrionTLV.c:513:13:mtlxGetUint16	32	static
C:/Users/zafer/Aviora/Application/AppZMeterGw/Services/Protocol/src/AppProtocolOrionTLV.c:521:13:mtlxGetUint32	32	static
C:/Users/zafer/Aviora/Application/AppZMeterGw/Services/Protocol/src/AppProtocolOrionTLV.c:534:13:registerStateLoad	24	static
C:/Users/zafer/Aviora/Application/AppZMeterGw/Services/Protocol/src/AppProtocolOrionTLV.c:546:13:registerStateSave	24	static
C:/Users/zafer/Aviora/Application/AppZMeterGw/Services/Protocol/src/AppProtocolOrionTLV.c:562:13:connConfigDefault	8	static
C:/Users/zafer/Aviora/Application/AppZMeterGw/Services/Protocol/src/AppProtocolOrionTLV.c:570:22:connConfigLoad	48	static
C:/Users/zafer/Aviora/Application/AppZMeterGw/Services/Protocol/src/AppProtocolOrionTLV.c:592:22:connConfigSave	48	static
C:/Users/zafer/Aviora/Application/AppZMeterGw/Services/Protocol/src/AppProtocolOrionTLV.c:620:13:getDeviceDateStr	88	static
C:/Users/zafer/Aviora/Application/AppZMeterGw/Services/Protocol/src/AppProtocolOrionTLV.c:640:13:addPacketHeader	16	static
C:/Users/zafer/Aviora/Application/AppZMeterGw/Services/Protocol/src/AppProtocolOrionTLV.c:648:17:buildAckNack	40	static
C:/Users/zafer/Aviora/Application/AppZMeterGw/Services/Protocol/src/AppProtocolOrionTLV.c:658:17:buildIdentMsg	56	static
C:/Users/zafer/Aviora/Application/AppZMeterGw/Services/Protocol/src/AppProtocolOrionTLV.c:676:17:buildAliveMsg	56	static
C:/Users/zafer/Aviora/Application/AppZMeterGw/Services/Protocol/src/AppProtocolOrionTLV.c:689:17:buildLogPacket	40	static
C:/Users/zafer/Aviora/Application/AppZMeterGw/Services/Protocol/src/AppProtocolOrionTLV.c:703:17:buildDataPacket	40	static
C:/Users/zafer/Aviora/Application/AppZMeterGw/Services/Protocol/src/AppProtocolOrionTLV.c:719:17:buildDirectivePacket	40	static
C:/Users/zafer/Aviora/Application/AppZMeterGw/Services/Protocol/src/AppProtocolOrionTLV.c:738:13:sendLogPackets	1456	static
C:/Users/zafer/Aviora/Application/AppZMeterGw/Services/Protocol/src/AppProtocolOrionTLV.c:770:22:sendFilePacketised	1496	static
C:/Users/zafer/Aviora/Application/AppZMeterGw/Services/Protocol/src/AppProtocolOrionTLV.c:824:13:parseFtpUrl	72	static
C:/Users/zafer/Aviora/Application/AppZMeterGw/Services/Protocol/src/AppProtocolOrionTLV.c:884:22:readWholeText	40	static
C:/Users/zafer/Aviora/Application/AppZMeterGw/Services/Protocol/src/AppProtocolOrionTLV.c:907:13:meterTaskCallback	24	static
C:/Users/zafer/Aviora/Application/AppZMeterGw/Services/Protocol/src/AppProtocolOrionTLV.c:920:12:pendingJobAllocSlot	24	static
C:/Users/zafer/Aviora/Application/AppZMeterGw/Services/Protocol/src/AppProtocolOrionTLV.c:936:13:cleanupMeterFiles	120	static
C:/Users/zafer/Aviora/Application/AppZMeterGw/Services/Protocol/src/AppProtocolOrionTLV.c:951:13:meterOprsOnComplete	32	static
C:/Users/zafer/Aviora/Application/AppZMeterGw/Services/Protocol/src/AppProtocolOrionTLV.c:968:13:completeSession	24	static
C:/Users/zafer/Aviora/Application/AppZMeterGw/Services/Protocol/src/AppProtocolOrionTLV.c:974:13:sessionDelete	16	static
C:/Users/zafer/Aviora/Application/AppZMeterGw/Services/Protocol/src/AppProtocolOrionTLV.c:990:24:sessionCreate	32	static
C:/Users/zafer/Aviora/Application/AppZMeterGw/Services/Protocol/src/AppProtocolOrionTLV.c:1020:24:findSessionByTransNumber	24	static
C:/Users/zafer/Aviora/Application/AppZMeterGw/Services/Protocol/src/AppProtocolOrionTLV.c:1030:13:sessionSetIncoming	16	static
C:/Users/zafer/Aviora/Application/AppZMeterGw/Services/Protocol/src/AppProtocolOrionTLV.c:1049:13:sessionGetParser	16	static
C:/Users/zafer/Aviora/Application/AppZMeterGw/Services/Protocol/src/AppProtocolOrionTLV.c:1060:13:mtlxReceiveEvent	16	static
C:/Users/zafer/Aviora/Application/AppZMeterGw/Services/Protocol/src/AppProtocolOrionTLV.c:1069:13:checkAllSessionTimeouts	16	static
C:/Users/zafer/Aviora/Application/AppZMeterGw/Services/Protocol/src/AppProtocolOrionTLV.c:1090:13:periodicTimerCb	8	static
C:/Users/zafer/Aviora/Application/AppZMeterGw/Services/Protocol/src/AppProtocolOrionTLV.c:1106:22:startPushMeterDataSession	24	static
C:/Users/zafer/Aviora/Application/AppZMeterGw/Services/Protocol/src/AppProtocolOrionTLV.c:1131:13:processPushMeterDataSession	368	static
C:/Users/zafer/Aviora/Application/AppZMeterGw/Services/Protocol/src/AppProtocolOrionTLV.c:1230:13:processIdentSession	40	static
C:/Users/zafer/Aviora/Application/AppZMeterGw/Services/Protocol/src/AppProtocolOrionTLV.c:1321:13:processAliveSession	24	static
C:/Users/zafer/Aviora/Application/AppZMeterGw/Services/Protocol/src/AppProtocolOrionTLV.c:1374:13:processLogSession	16	static
C:/Users/zafer/Aviora/Application/AppZMeterGw/Services/Protocol/src/AppProtocolOrionTLV.c:1382:13:processSettingSession	200	static
C:/Users/zafer/Aviora/Application/AppZMeterGw/Services/Protocol/src/AppProtocolOrionTLV.c:1533:13:processFwUpdateSession	512	static
C:/Users/zafer/Aviora/Application/AppZMeterGw/Services/Protocol/src/AppProtocolOrionTLV.c:1573:13:processReadoutSession	464	static
C:/Users/zafer/Aviora/Application/AppZMeterGw/Services/Protocol/src/AppProtocolOrionTLV.c:1677:13:processLoadProfileSession	584	static
C:/Users/zafer/Aviora/Application/AppZMeterGw/Services/Protocol/src/AppProtocolOrionTLV.c:1779:13:processDirectiveListSession	1152	static
C:/Users/zafer/Aviora/Application/AppZMeterGw/Services/Protocol/src/AppProtocolOrionTLV.c:1847:13:processDirectiveAddSession	1064	static
C:/Users/zafer/Aviora/Application/AppZMeterGw/Services/Protocol/src/AppProtocolOrionTLV.c:1876:13:processDirectiveDeleteSession	104	static
C:/Users/zafer/Aviora/Application/AppZMeterGw/Services/Protocol/src/AppProtocolOrionTLV.c:1911:13:processSessionMessage	24	static
C:/Users/zafer/Aviora/Application/AppZMeterGw/Services/Protocol/src/AppProtocolOrionTLV.c:1941:13:dispatchIncomingMessage	40	static
C:/Users/zafer/Aviora/Application/AppZMeterGw/Services/Protocol/src/AppProtocolOrionTLV.c:1989:13:handleEvent	16	static
C:/Users/zafer/Aviora/Application/AppZMeterGw/Services/Protocol/src/AppProtocolOrionTLV.c:2010:13:protocolTaskFunc	1072	static
C:/Users/zafer/Aviora/Application/AppZMeterGw/Services/Protocol/src/AppProtocolOrionTLV.c:2087:15:appProtocolOrionTLVInit	16	static
C:/Users/zafer/Aviora/Application/AppZMeterGw/Services/Protocol/src/AppProtocolOrionTLV.c:2121:15:appProtocolOrionTLVStart	16	static
C:/Users/zafer/Aviora/Application/AppZMeterGw/Services/Protocol/src/AppProtocolOrionTLV.c:2150:15:appProtocolOrionTLVStop	8	static
C:/Users/zafer/Aviora/Application/AppZMeterGw/Services/Protocol/src/AppProtocolOrionTLV.c:2172:6:appProtocolOrionTLVPutIncomingMessage	24	static
C:/Users/zafer/Aviora/Application/AppZMeterGw/Services/Protocol/src/AppProtocolOrionTLV.c:2182:6:appProtocolOrionTLVSendEvent	16	static
