C:/Users/zafer/Aviora/Middleware/CycloneTcp/cyclone_tcp/sntp/sntp_client_misc.c:56:9:sntpClientOpenConnection	24	static
C:/Users/zafer/Aviora/Middleware/CycloneTcp/cyclone_tcp/sntp/sntp_client_misc.c:85:6:sntpClientCloseConnection	16	static
C:/Users/zafer/Aviora/Middleware/CycloneTcp/cyclone_tcp/sntp/sntp_client_misc.c:103:9:sntpClientSendRequest	48	static
C:/Users/zafer/Aviora/Middleware/CycloneTcp/cyclone_tcp/sntp/sntp_client_misc.c:162:9:sntpClientReceiveResponse	72	static
C:/Users/zafer/Aviora/Middleware/CycloneTcp/cyclone_tcp/sntp/sntp_client_misc.c:249:9:sntpClientCheckResponse	40	static
C:/Users/zafer/Aviora/Middleware/CycloneTcp/cyclone_tcp/sntp/sntp_client_misc.c:304:9:sntpClientParseResponse	24	static
C:/Users/zafer/Aviora/Middleware/CycloneTcp/cyclone_tcp/sntp/sntp_client_misc.c:346:9:sntpClientCheckTimeout	24	static
C:/Users/zafer/Aviora/Middleware/CycloneTcp/cyclone_tcp/sntp/sntp_client_misc.c:394:6:sntpClientDumpMessage	16	static
C:/Users/zafer/Aviora/Middleware/CycloneTcp/cyclone_tcp/sntp/sntp_client_misc.c:478:6:sntpClientDumpTimestamp	16	static
