C:/Users/zafer/Aviora/Middleware/CycloneTcp/cyclone_tcp/drivers/eth/enc28j60_driver.c:250:6:enc28j60Tick	0	static
C:/Users/zafer/Aviora/Middleware/CycloneTcp/cyclone_tcp/drivers/eth/enc28j60_driver.c:260:6:enc28j60EnableIrq	0	static
C:/Users/zafer/Aviora/Middleware/CycloneTcp/cyclone_tcp/drivers/eth/enc28j60_driver.c:275:6:enc28j60DisableIrq	0	static
C:/Users/zafer/Aviora/Middleware/CycloneTcp/cyclone_tcp/drivers/eth/enc28j60_driver.c:240:18:enc28j60InitHook	0	static
C:/Users/zafer/Aviora/Middleware/CycloneTcp/cyclone_tcp/drivers/eth/enc28j60_driver.c:649:6:enc28j60SoftReset	8	static
C:/Users/zafer/Aviora/Middleware/CycloneTcp/cyclone_tcp/drivers/eth/enc28j60_driver.c:842:6:enc28j60WriteBuffer	32	static
C:/Users/zafer/Aviora/Middleware/CycloneTcp/cyclone_tcp/drivers/eth/enc28j60_driver.c:897:6:enc28j60ReadBuffer	16	static
C:/Users/zafer/Aviora/Middleware/CycloneTcp/cyclone_tcp/drivers/eth/enc28j60_driver.c:926:6:enc28j60SetBit	16	static
C:/Users/zafer/Aviora/Middleware/CycloneTcp/cyclone_tcp/drivers/eth/enc28j60_driver.c:948:6:enc28j60ClearBit	16	static
C:/Users/zafer/Aviora/Middleware/CycloneTcp/cyclone_tcp/drivers/eth/enc28j60_driver.c:668:6:enc28j60SelectBank	16	static
C:/Users/zafer/Aviora/Middleware/CycloneTcp/cyclone_tcp/drivers/eth/enc28j60_driver.c:721:6:enc28j60WriteReg	16	static
C:/Users/zafer/Aviora/Middleware/CycloneTcp/cyclone_tcp/drivers/eth/enc28j60_driver.c:746:9:enc28j60ReadReg	16	static
C:/Users/zafer/Aviora/Middleware/CycloneTcp/cyclone_tcp/drivers/eth/enc28j60_driver.c:495:9:enc28j60ReceivePacket	48	static
C:/Users/zafer/Aviora/Middleware/CycloneTcp/cyclone_tcp/drivers/eth/enc28j60_driver.c:783:6:enc28j60WritePhyReg	16	static
C:/Users/zafer/Aviora/Middleware/CycloneTcp/cyclone_tcp/drivers/eth/enc28j60_driver.c:808:10:enc28j60ReadPhyReg	16	static
C:/Users/zafer/Aviora/Middleware/CycloneTcp/cyclone_tcp/drivers/eth/enc28j60_driver.c:71:9:enc28j60Init	24	static
C:/Users/zafer/Aviora/Middleware/CycloneTcp/cyclone_tcp/drivers/eth/enc28j60_driver.c:431:9:enc28j60SendPacket	24	static
C:/Users/zafer/Aviora/Middleware/CycloneTcp/cyclone_tcp/drivers/eth/enc28j60_driver.c:291:8:enc28j60IrqHandler	16	static
C:/Users/zafer/Aviora/Middleware/CycloneTcp/cyclone_tcp/drivers/eth/enc28j60_driver.c:354:6:enc28j60EventHandler	16	static
C:/Users/zafer/Aviora/Middleware/CycloneTcp/cyclone_tcp/drivers/eth/enc28j60_driver.c:970:10:enc28j60CalcCrc	16	static
C:/Users/zafer/Aviora/Middleware/CycloneTcp/cyclone_tcp/drivers/eth/enc28j60_driver.c:586:9:enc28j60UpdateMacAddrFilter	32	static
C:/Users/zafer/Aviora/Middleware/CycloneTcp/cyclone_tcp/drivers/eth/enc28j60_driver.c:1010:6:enc28j60DumpReg	0	static
C:/Users/zafer/Aviora/Middleware/CycloneTcp/cyclone_tcp/drivers/eth/enc28j60_driver.c:1065:6:enc28j60DumpPhyReg	0	static
