C:/Users/zafer/Aviora/Middleware/CycloneTcp/cyclone_tcp/coap/coap_client.c:130:9:coapClientSetTransportProtocol	16	static
C:/Users/zafer/Aviora/Middleware/CycloneTcp/cyclone_tcp/coap/coap_client.c:186:9:coapClientSetTimeout	16	static
C:/Users/zafer/Aviora/Middleware/CycloneTcp/cyclone_tcp/coap/coap_client.c:211:9:coapClientSetTokenLength	16	static
C:/Users/zafer/Aviora/Middleware/CycloneTcp/cyclone_tcp/coap/coap_client.c:240:9:coapClientBindToInterface	16	static
C:/Users/zafer/Aviora/Middleware/CycloneTcp/cyclone_tcp/coap/coap_client.c:267:9:coapClientConnect	32	static
C:/Users/zafer/Aviora/Middleware/CycloneTcp/cyclone_tcp/coap/coap_client.c:373:9:coapClientTask	16	static
C:/Users/zafer/Aviora/Middleware/CycloneTcp/cyclone_tcp/coap/coap_client.c:399:9:coapClientDisconnect	16	static
C:/Users/zafer/Aviora/Middleware/CycloneTcp/cyclone_tcp/coap/coap_client.c:438:6:coapClientDeinit	8	static
C:/Users/zafer/Aviora/Middleware/CycloneTcp/cyclone_tcp/coap/coap_client.c:53:9:coapClientInit	8	static
