C:/Users/zafer/Aviora/Middleware/CycloneTcp/cyclone_tcp/coap/coap_server.c:319:6:coapServerTask	64	static
C:/Users/zafer/Aviora/Middleware/CycloneTcp/cyclone_tcp/coap/coap_server.c:51:6:coapServerGetDefaultSettings	8	static
C:/Users/zafer/Aviora/Middleware/CycloneTcp/cyclone_tcp/coap/coap_server.c:140:9:coapServerSetCookieSecret	0	static
C:/Users/zafer/Aviora/Middleware/CycloneTcp/cyclone_tcp/coap/coap_server.c:170:9:coapServerStart	16	static
C:/Users/zafer/Aviora/Middleware/CycloneTcp/cyclone_tcp/coap/coap_server.c:268:9:coapServerStop	16	static
C:/Users/zafer/Aviora/Middleware/CycloneTcp/cyclone_tcp/coap/coap_server.c:397:6:coapServerDeinit	8	static
C:/Users/zafer/Aviora/Middleware/CycloneTcp/cyclone_tcp/coap/coap_server.c:84:9:coapServerInit	16	static
