C:/Users/zafer/Aviora/Middleware/CycloneTcp/cyclone_tcp/coap/coap_client_misc.c:342:9:coapClientChangeRequestState	24	static
C:/Users/zafer/Aviora/Middleware/CycloneTcp/cyclone_tcp/coap/coap_client_misc.c:432:9:coapClientMatchResponse	16	static
C:/Users/zafer/Aviora/Middleware/CycloneTcp/cyclone_tcp/coap/coap_client_misc.c:703:9:coapClientSendAck	16	static
C:/Users/zafer/Aviora/Middleware/CycloneTcp/cyclone_tcp/coap/coap_client_misc.c:570:9:coapClientProcessResponse	24	static
C:/Users/zafer/Aviora/Middleware/CycloneTcp/cyclone_tcp/coap/coap_client_misc.c:736:9:coapClientSendReset	16	static
C:/Users/zafer/Aviora/Middleware/CycloneTcp/cyclone_tcp/coap/coap_client_misc.c:658:9:coapClientRejectResponse	16	static
C:/Users/zafer/Aviora/Middleware/CycloneTcp/cyclone_tcp/coap/coap_client_misc.c:768:6:coapClientGenerateMessageId	16	static
C:/Users/zafer/Aviora/Middleware/CycloneTcp/cyclone_tcp/coap/coap_client_misc.c:198:9:coapClientProcessRequestEvents	16	static
C:/Users/zafer/Aviora/Middleware/CycloneTcp/cyclone_tcp/coap/coap_client_misc.c:56:9:coapClientProcessEvents	40	static
C:/Users/zafer/Aviora/Middleware/CycloneTcp/cyclone_tcp/coap/coap_client_misc.c:786:6:coapClientGenerateToken	0	static
