C:/Users/zafer/Aviora/Middleware/CycloneTcp/cyclone_tcp/coap/coap_message.c:112:9:coapParseMessageHeader	0	static
C:/Users/zafer/Aviora/Middleware/CycloneTcp/cyclone_tcp/coap/coap_message.c:51:9:coapParseMessage	24	static
C:/Users/zafer/Aviora/Middleware/CycloneTcp/cyclone_tcp/coap/coap_message.c:151:9:coapSetType	0	static
C:/Users/zafer/Aviora/Middleware/CycloneTcp/cyclone_tcp/coap/coap_message.c:176:9:coapGetType	0	static
C:/Users/zafer/Aviora/Middleware/CycloneTcp/cyclone_tcp/coap/coap_message.c:201:9:coapSetCode	0	static
C:/Users/zafer/Aviora/Middleware/CycloneTcp/cyclone_tcp/coap/coap_message.c:226:9:coapGetCode	0	static
C:/Users/zafer/Aviora/Middleware/CycloneTcp/cyclone_tcp/coap/coap_message.c:252:9:coapSetPayload	40	static
C:/Users/zafer/Aviora/Middleware/CycloneTcp/cyclone_tcp/coap/coap_message.c:324:9:coapGetPayload	32	static
C:/Users/zafer/Aviora/Middleware/CycloneTcp/cyclone_tcp/coap/coap_message.c:386:9:coapWritePayload	40	static
C:/Users/zafer/Aviora/Middleware/CycloneTcp/cyclone_tcp/coap/coap_message.c:468:9:coapReadPayload	40	static
C:/Users/zafer/Aviora/Middleware/CycloneTcp/cyclone_tcp/coap/coap_message.c:547:8:coapCompareToken	8	static
