C:/Users/zafer/Aviora/Middleware/CycloneTcp/cyclone_tcp/coap/coap_client_request.c:53:20:coapClientCreateRequest	24	static
C:/Users/zafer/Aviora/Middleware/CycloneTcp/cyclone_tcp/coap/coap_client_request.c:130:9:coapClientSetRequestTimeout	16	static
C:/Users/zafer/Aviora/Middleware/CycloneTcp/cyclone_tcp/coap/coap_client_request.c:157:9:coapClientSendRequest	32	static
C:/Users/zafer/Aviora/Middleware/CycloneTcp/cyclone_tcp/coap/coap_client_request.c:275:9:coapClientCancelRequest	24	static
C:/Users/zafer/Aviora/Middleware/CycloneTcp/cyclone_tcp/coap/coap_client_request.c:349:6:coapClientDeleteRequest	8	static
C:/Users/zafer/Aviora/Middleware/CycloneTcp/cyclone_tcp/coap/coap_client_request.c:370:14:coapClientGetRequestMessage	16	static
C:/Users/zafer/Aviora/Middleware/CycloneTcp/cyclone_tcp/coap/coap_client_request.c:414:14:coapClientGetResponseMessage	16	static
C:/Users/zafer/Aviora/Middleware/CycloneTcp/cyclone_tcp/coap/coap_client_request.c:454:9:coapClientSetType	0	static
C:/Users/zafer/Aviora/Middleware/CycloneTcp/cyclone_tcp/coap/coap_client_request.c:472:9:coapClientGetType	0	static
C:/Users/zafer/Aviora/Middleware/CycloneTcp/cyclone_tcp/coap/coap_client_request.c:490:9:coapClientSetMethodCode	0	static
C:/Users/zafer/Aviora/Middleware/CycloneTcp/cyclone_tcp/coap/coap_client_request.c:508:9:coapClientGetMethodCode	0	static
C:/Users/zafer/Aviora/Middleware/CycloneTcp/cyclone_tcp/coap/coap_client_request.c:526:9:coapClientGetResponseCode	0	static
C:/Users/zafer/Aviora/Middleware/CycloneTcp/cyclone_tcp/coap/coap_client_request.c:544:9:coapClientSetUriPath	0	static
C:/Users/zafer/Aviora/Middleware/CycloneTcp/cyclone_tcp/coap/coap_client_request.c:563:9:coapClientGetUriPath	16	static
C:/Users/zafer/Aviora/Middleware/CycloneTcp/cyclone_tcp/coap/coap_client_request.c:583:9:coapClientSetUriQuery	0	static
C:/Users/zafer/Aviora/Middleware/CycloneTcp/cyclone_tcp/coap/coap_client_request.c:603:9:coapClientGetUriQuery	16	static
C:/Users/zafer/Aviora/Middleware/CycloneTcp/cyclone_tcp/coap/coap_client_request.c:624:9:coapClientGetLocationPath	16	static
C:/Users/zafer/Aviora/Middleware/CycloneTcp/cyclone_tcp/coap/coap_client_request.c:645:9:coapClientGetLocationQuery	16	static
C:/Users/zafer/Aviora/Middleware/CycloneTcp/cyclone_tcp/coap/coap_client_request.c:668:9:coapClientSetOpaqueOption	4	static
C:/Users/zafer/Aviora/Middleware/CycloneTcp/cyclone_tcp/coap/coap_client_request.c:694:9:coapClientSetStringOption	32	static
C:/Users/zafer/Aviora/Middleware/CycloneTcp/cyclone_tcp/coap/coap_client_request.c:721:9:coapClientSetUintOption	0	static
C:/Users/zafer/Aviora/Middleware/CycloneTcp/cyclone_tcp/coap/coap_client_request.c:743:9:coapClientGetOpaqueOption	8	static
C:/Users/zafer/Aviora/Middleware/CycloneTcp/cyclone_tcp/coap/coap_client_request.c:766:9:coapClientGetStringOption	0	static
C:/Users/zafer/Aviora/Middleware/CycloneTcp/cyclone_tcp/coap/coap_client_request.c:788:9:coapClientGetUintOption	4	static
C:/Users/zafer/Aviora/Middleware/CycloneTcp/cyclone_tcp/coap/coap_client_request.c:808:9:coapClientDeleteOption	0	static
C:/Users/zafer/Aviora/Middleware/CycloneTcp/cyclone_tcp/coap/coap_client_request.c:828:9:coapClientSetPayload	0	static
C:/Users/zafer/Aviora/Middleware/CycloneTcp/cyclone_tcp/coap/coap_client_request.c:852:9:coapClientGetPayload	4	static
C:/Users/zafer/Aviora/Middleware/CycloneTcp/cyclone_tcp/coap/coap_client_request.c:872:9:coapClientWritePayload	0	static
C:/Users/zafer/Aviora/Middleware/CycloneTcp/cyclone_tcp/coap/coap_client_request.c:893:9:coapClientReadPayload	4	static
