C:/Users/zafer/Aviora/Middleware/CycloneTcp/cyclone_tcp/coap/coap_server_misc.c:52:6:coapServerTick	0	static
C:/Users/zafer/Aviora/Middleware/CycloneTcp/cyclone_tcp/coap/coap_server_misc.c:301:9:coapServerInitResponse	16	static
C:/Users/zafer/Aviora/Middleware/CycloneTcp/cyclone_tcp/coap/coap_server_misc.c:349:9:coapServerSendResponse	24	static
C:/Users/zafer/Aviora/Middleware/CycloneTcp/cyclone_tcp/coap/coap_server_misc.c:412:9:coapServerFormatReset	16	static
C:/Users/zafer/Aviora/Middleware/CycloneTcp/cyclone_tcp/coap/coap_server_misc.c:255:9:coapServerRejectRequest	8	static
C:/Users/zafer/Aviora/Middleware/CycloneTcp/cyclone_tcp/coap/coap_server_misc.c:114:9:coapServerProcessRequest	32	static
