C:/Users/zafer/Aviora/Middleware/CycloneTcp/cyclone_tcp/coap/coap_server_request.c:50:9:coapServerGetMethodCode	0	static
C:/Users/zafer/Aviora/Middleware/CycloneTcp/cyclone_tcp/coap/coap_server_request.c:69:9:coapServerGetUriPath	16	static
C:/Users/zafer/Aviora/Middleware/CycloneTcp/cyclone_tcp/coap/coap_server_request.c:90:9:coapServerGetUriQuery	16	static
C:/Users/zafer/Aviora/Middleware/CycloneTcp/cyclone_tcp/coap/coap_server_request.c:113:9:coapServerGetOpaqueOption	8	static
C:/Users/zafer/Aviora/Middleware/CycloneTcp/cyclone_tcp/coap/coap_server_request.c:136:9:coapServerGetStringOption	0	static
C:/Users/zafer/Aviora/Middleware/CycloneTcp/cyclone_tcp/coap/coap_server_request.c:158:9:coapServerGetUintOption	4	static
C:/Users/zafer/Aviora/Middleware/CycloneTcp/cyclone_tcp/coap/coap_server_request.c:179:9:coapServerGetPayload	4	static
C:/Users/zafer/Aviora/Middleware/CycloneTcp/cyclone_tcp/coap/coap_server_request.c:200:9:coapServerReadPayload	4	static
C:/Users/zafer/Aviora/Middleware/CycloneTcp/cyclone_tcp/coap/coap_server_request.c:219:9:coapServerSetResponseCode	0	static
C:/Users/zafer/Aviora/Middleware/CycloneTcp/cyclone_tcp/coap/coap_server_request.c:237:9:coapServerSetLocationPath	0	static
C:/Users/zafer/Aviora/Middleware/CycloneTcp/cyclone_tcp/coap/coap_server_request.c:257:9:coapServerSetLocationQuery	0	static
C:/Users/zafer/Aviora/Middleware/CycloneTcp/cyclone_tcp/coap/coap_server_request.c:280:9:coapServerSetOpaqueOption	4	static
C:/Users/zafer/Aviora/Middleware/CycloneTcp/cyclone_tcp/coap/coap_server_request.c:306:9:coapServerSetStringOption	32	static
C:/Users/zafer/Aviora/Middleware/CycloneTcp/cyclone_tcp/coap/coap_server_request.c:333:9:coapServerSetUintOption	0	static
C:/Users/zafer/Aviora/Middleware/CycloneTcp/cyclone_tcp/coap/coap_server_request.c:354:9:coapServerDeleteOption	0	static
C:/Users/zafer/Aviora/Middleware/CycloneTcp/cyclone_tcp/coap/coap_server_request.c:374:9:coapServerSetPayload	0	static
C:/Users/zafer/Aviora/Middleware/CycloneTcp/cyclone_tcp/coap/coap_server_request.c:398:9:coapServerWritePayload	0	static
