C:/Users/zafer/Aviora/Middleware/CycloneTcp/cyclone_tcp/ftp/ftp_client.c:61:9:ftpClientInit	16	static
C:/Users/zafer/Aviora/Middleware/CycloneTcp/cyclone_tcp/ftp/ftp_client.c:125:9:ftpClientSetTimeout	16	static
C:/Users/zafer/Aviora/Middleware/CycloneTcp/cyclone_tcp/ftp/ftp_client.c:146:9:ftpClientBindToInterface	16	static
C:/Users/zafer/Aviora/Middleware/CycloneTcp/cyclone_tcp/ftp/ftp_client.c:170:9:ftpClientConnect	32	static
C:/Users/zafer/Aviora/Middleware/CycloneTcp/cyclone_tcp/ftp/ftp_client.c:375:9:ftpClientLogin	24	static
C:/Users/zafer/Aviora/Middleware/CycloneTcp/cyclone_tcp/ftp/ftp_client.c:392:9:ftpClientLoginEx	32	static
C:/Users/zafer/Aviora/Middleware/CycloneTcp/cyclone_tcp/ftp/ftp_client.c:542:9:ftpClientGetWorkingDir	32	static
C:/Users/zafer/Aviora/Middleware/CycloneTcp/cyclone_tcp/ftp/ftp_client.c:622:9:ftpClientChangeWorkingDir	24	static
C:/Users/zafer/Aviora/Middleware/CycloneTcp/cyclone_tcp/ftp/ftp_client.c:696:9:ftpClientChangeToParentDir	24	static
C:/Users/zafer/Aviora/Middleware/CycloneTcp/cyclone_tcp/ftp/ftp_client.c:770:9:ftpClientOpenDir	24	static
C:/Users/zafer/Aviora/Middleware/CycloneTcp/cyclone_tcp/ftp/ftp_client.c:900:9:ftpClientReadDir	40	static
C:/Users/zafer/Aviora/Middleware/CycloneTcp/cyclone_tcp/ftp/ftp_client.c:995:9:ftpClientCloseDir	16	static
C:/Users/zafer/Aviora/Middleware/CycloneTcp/cyclone_tcp/ftp/ftp_client.c:1013:9:ftpClientCreateDir	24	static
C:/Users/zafer/Aviora/Middleware/CycloneTcp/cyclone_tcp/ftp/ftp_client.c:1087:9:ftpClientDeleteDir	24	static
C:/Users/zafer/Aviora/Middleware/CycloneTcp/cyclone_tcp/ftp/ftp_client.c:1162:9:ftpClientOpenFile	32	static
C:/Users/zafer/Aviora/Middleware/CycloneTcp/cyclone_tcp/ftp/ftp_client.c:1320:9:ftpClientWriteFile	40	static
C:/Users/zafer/Aviora/Middleware/CycloneTcp/cyclone_tcp/ftp/ftp_client.c:1387:9:ftpClientReadFile	40	static
C:/Users/zafer/Aviora/Middleware/CycloneTcp/cyclone_tcp/ftp/ftp_client.c:1436:9:ftpClientCloseFile	16	static
C:/Users/zafer/Aviora/Middleware/CycloneTcp/cyclone_tcp/ftp/ftp_client.c:1455:9:ftpClientRenameFile	32	static
C:/Users/zafer/Aviora/Middleware/CycloneTcp/cyclone_tcp/ftp/ftp_client.c:1560:9:ftpClientDeleteFile	24	static
C:/Users/zafer/Aviora/Middleware/CycloneTcp/cyclone_tcp/ftp/ftp_client.c:1633:8:ftpClientGetReplyCode	24	static
C:/Users/zafer/Aviora/Middleware/CycloneTcp/cyclone_tcp/ftp/ftp_client.c:1660:9:ftpClientDisconnect	24	static
C:/Users/zafer/Aviora/Middleware/CycloneTcp/cyclone_tcp/ftp/ftp_client.c:1749:9:ftpClientClose	16	static
C:/Users/zafer/Aviora/Middleware/CycloneTcp/cyclone_tcp/ftp/ftp_client.c:1772:6:ftpClientDeinit	16	static
