C:/Users/zafer/Aviora/Middleware/CycloneTcp/cyclone_tcp/ftp/ftp_server_commands.c:54:6:ftpServerProcessCommand	32	static
C:/Users/zafer/Aviora/Middleware/CycloneTcp/cyclone_tcp/ftp/ftp_server_commands.c:303:6:ftpServerProcessNoop	24	static
C:/Users/zafer/Aviora/Middleware/CycloneTcp/cyclone_tcp/ftp/ftp_server_commands.c:320:6:ftpServerProcessSyst	24	static
C:/Users/zafer/Aviora/Middleware/CycloneTcp/cyclone_tcp/ftp/ftp_server_commands.c:337:6:ftpServerProcessFeat	24	static
C:/Users/zafer/Aviora/Middleware/CycloneTcp/cyclone_tcp/ftp/ftp_server_commands.c:382:6:ftpServerProcessAuth	24	static
C:/Users/zafer/Aviora/Middleware/CycloneTcp/cyclone_tcp/ftp/ftp_server_commands.c:444:6:ftpServerProcessPbsz	24	static
C:/Users/zafer/Aviora/Middleware/CycloneTcp/cyclone_tcp/ftp/ftp_server_commands.c:486:6:ftpServerProcessProt	24	static
C:/Users/zafer/Aviora/Middleware/CycloneTcp/cyclone_tcp/ftp/ftp_server_commands.c:540:6:ftpServerProcessType	24	static
C:/Users/zafer/Aviora/Middleware/CycloneTcp/cyclone_tcp/ftp/ftp_server_commands.c:581:6:ftpServerProcessStru	24	static
C:/Users/zafer/Aviora/Middleware/CycloneTcp/cyclone_tcp/ftp/ftp_server_commands.c:616:6:ftpServerProcessMode	24	static
C:/Users/zafer/Aviora/Middleware/CycloneTcp/cyclone_tcp/ftp/ftp_server_commands.c:651:6:ftpServerProcessUser	40	static
C:/Users/zafer/Aviora/Middleware/CycloneTcp/cyclone_tcp/ftp/ftp_server_commands.c:751:6:ftpServerProcessPass	40	static
C:/Users/zafer/Aviora/Middleware/CycloneTcp/cyclone_tcp/ftp/ftp_server_commands.c:819:6:ftpServerProcessRein	32	static
C:/Users/zafer/Aviora/Middleware/CycloneTcp/cyclone_tcp/ftp/ftp_server_commands.c:854:6:ftpServerProcessQuit	32	static
C:/Users/zafer/Aviora/Middleware/CycloneTcp/cyclone_tcp/ftp/ftp_server_commands.c:909:6:ftpServerProcessPort	56	static
C:/Users/zafer/Aviora/Middleware/CycloneTcp/cyclone_tcp/ftp/ftp_server_commands.c:1030:6:ftpServerProcessEprt	56	static
C:/Users/zafer/Aviora/Middleware/CycloneTcp/cyclone_tcp/ftp/ftp_server_commands.c:1178:6:ftpServerProcessPasv	56	static
C:/Users/zafer/Aviora/Middleware/CycloneTcp/cyclone_tcp/ftp/ftp_server_commands.c:1345:6:ftpServerProcessEpsv	40	static
C:/Users/zafer/Aviora/Middleware/CycloneTcp/cyclone_tcp/ftp/ftp_server_commands.c:1460:6:ftpServerProcessAbor	32	static
C:/Users/zafer/Aviora/Middleware/CycloneTcp/cyclone_tcp/ftp/ftp_server_commands.c:1513:6:ftpServerProcessPwd	24	static
C:/Users/zafer/Aviora/Middleware/CycloneTcp/cyclone_tcp/ftp/ftp_server_commands.c:1540:6:ftpServerProcessCwd	32	static
C:/Users/zafer/Aviora/Middleware/CycloneTcp/cyclone_tcp/ftp/ftp_server_commands.c:1615:6:ftpServerProcessCdup	32	static
C:/Users/zafer/Aviora/Middleware/CycloneTcp/cyclone_tcp/ftp/ftp_server_commands.c:1660:6:ftpServerProcessList	40	static
C:/Users/zafer/Aviora/Middleware/CycloneTcp/cyclone_tcp/ftp/ftp_server_commands.c:1784:6:ftpServerProcessNlst	40	static
C:/Users/zafer/Aviora/Middleware/CycloneTcp/cyclone_tcp/ftp/ftp_server_commands.c:1909:6:ftpServerProcessMkd	32	static
C:/Users/zafer/Aviora/Middleware/CycloneTcp/cyclone_tcp/ftp/ftp_server_commands.c:1985:6:ftpServerProcessRmd	32	static
C:/Users/zafer/Aviora/Middleware/CycloneTcp/cyclone_tcp/ftp/ftp_server_commands.c:2059:6:ftpServerProcessSize	40	static
C:/Users/zafer/Aviora/Middleware/CycloneTcp/cyclone_tcp/ftp/ftp_server_commands.c:2134:6:ftpServerProcessRetr	40	static
C:/Users/zafer/Aviora/Middleware/CycloneTcp/cyclone_tcp/ftp/ftp_server_commands.c:2242:6:ftpServerProcessStor	40	static
C:/Users/zafer/Aviora/Middleware/CycloneTcp/cyclone_tcp/ftp/ftp_server_commands.c:2351:6:ftpServerProcessAppe	40	static
C:/Users/zafer/Aviora/Middleware/CycloneTcp/cyclone_tcp/ftp/ftp_server_commands.c:2475:6:ftpServerProcessRnfr	40	static
C:/Users/zafer/Aviora/Middleware/CycloneTcp/cyclone_tcp/ftp/ftp_server_commands.c:2549:6:ftpServerProcessRnto	288	static
C:/Users/zafer/Aviora/Middleware/CycloneTcp/cyclone_tcp/ftp/ftp_server_commands.c:2648:6:ftpServerProcessDele	32	static
C:/Users/zafer/Aviora/Middleware/CycloneTcp/cyclone_tcp/ftp/ftp_server_commands.c:2719:6:ftpServerProcessUnknownCmd	32	static
