C:/Users/zafer/Aviora/Middleware/CycloneTcp/cyclone_tcp/core/bsd_socket_options.c:57:7:socketSetSoReuseAddrOption	16	static
C:/Users/zafer/Aviora/Middleware/CycloneTcp/cyclone_tcp/core/bsd_socket_options.c:107:7:socketSetSoBroadcastOption	8	static
C:/Users/zafer/Aviora/Middleware/CycloneTcp/cyclone_tcp/core/bsd_socket_options.c:144:7:socketSetSoSndTimeoOption	16	static
C:/Users/zafer/Aviora/Middleware/CycloneTcp/cyclone_tcp/core/bsd_socket_options.c:187:7:socketSetSoRcvTimeoOption	0	static
C:/Users/zafer/Aviora/Middleware/CycloneTcp/cyclone_tcp/core/bsd_socket_options.c:230:7:socketSetSoSndBufOption	8	static
C:/Users/zafer/Aviora/Middleware/CycloneTcp/cyclone_tcp/core/bsd_socket_options.c:271:7:socketSetSoRcvBufOption	8	static
C:/Users/zafer/Aviora/Middleware/CycloneTcp/cyclone_tcp/core/bsd_socket_options.c:312:7:socketSetSoKeepAliveOption	8	static
C:/Users/zafer/Aviora/Middleware/CycloneTcp/cyclone_tcp/core/bsd_socket_options.c:353:7:socketSetIpTosOption	8	static
C:/Users/zafer/Aviora/Middleware/CycloneTcp/cyclone_tcp/core/bsd_socket_options.c:394:7:socketSetIpTtlOption	8	static
C:/Users/zafer/Aviora/Middleware/CycloneTcp/cyclone_tcp/core/bsd_socket_options.c:437:7:socketSetIpMulticastIfOption	8	static
C:/Users/zafer/Aviora/Middleware/CycloneTcp/cyclone_tcp/core/bsd_socket_options.c:476:7:socketSetIpMulticastTtlOption	8	static
C:/Users/zafer/Aviora/Middleware/CycloneTcp/cyclone_tcp/core/bsd_socket_options.c:519:7:socketSetIpMulticastLoopOption	16	static
C:/Users/zafer/Aviora/Middleware/CycloneTcp/cyclone_tcp/core/bsd_socket_options.c:576:7:socketSetIpAddMembershipOption	16	static
C:/Users/zafer/Aviora/Middleware/CycloneTcp/cyclone_tcp/core/bsd_socket_options.c:635:7:socketSetIpDropMembershipOption	16	static
C:/Users/zafer/Aviora/Middleware/CycloneTcp/cyclone_tcp/core/bsd_socket_options.c:683:7:socketSetIpDontFragOption	16	static
C:/Users/zafer/Aviora/Middleware/CycloneTcp/cyclone_tcp/core/bsd_socket_options.c:738:7:socketSetIpPktInfoOption	16	static
C:/Users/zafer/Aviora/Middleware/CycloneTcp/cyclone_tcp/core/bsd_socket_options.c:794:7:socketSetIpRecvTosOption	16	static
C:/Users/zafer/Aviora/Middleware/CycloneTcp/cyclone_tcp/core/bsd_socket_options.c:850:7:socketSetIpRecvTtlOption	16	static
C:/Users/zafer/Aviora/Middleware/CycloneTcp/cyclone_tcp/core/bsd_socket_options.c:906:7:socketSetIpv6TrafficClassOption	8	static
C:/Users/zafer/Aviora/Middleware/CycloneTcp/cyclone_tcp/core/bsd_socket_options.c:947:7:socketSetIpv6UnicastHopsOption	8	static
C:/Users/zafer/Aviora/Middleware/CycloneTcp/cyclone_tcp/core/bsd_socket_options.c:990:7:socketSetIpv6MulticastIfOption	8	static
C:/Users/zafer/Aviora/Middleware/CycloneTcp/cyclone_tcp/core/bsd_socket_options.c:1029:7:socketSetIpv6MulticastHopsOption	8	static
C:/Users/zafer/Aviora/Middleware/CycloneTcp/cyclone_tcp/core/bsd_socket_options.c:1072:7:socketSetIpv6MulticastLoopOption	8	static
C:/Users/zafer/Aviora/Middleware/CycloneTcp/cyclone_tcp/core/bsd_socket_options.c:1129:7:socketSetIpv6AddMembershipOption	8	static
C:/Users/zafer/Aviora/Middleware/CycloneTcp/cyclone_tcp/core/bsd_socket_options.c:1188:7:socketSetIpv6DropMembershipOption	8	static
C:/Users/zafer/Aviora/Middleware/CycloneTcp/cyclone_tcp/core/bsd_socket_options.c:1236:7:socketSetIpv6OnlyOption	8	static
C:/Users/zafer/Aviora/Middleware/CycloneTcp/cyclone_tcp/core/bsd_socket_options.c:1292:7:socketSetIpv6DontFragOption	8	static
C:/Users/zafer/Aviora/Middleware/CycloneTcp/cyclone_tcp/core/bsd_socket_options.c:1340:7:socketSetIpv6PktInfoOption	8	static
C:/Users/zafer/Aviora/Middleware/CycloneTcp/cyclone_tcp/core/bsd_socket_options.c:1396:7:socketSetIpv6RecvTrafficClassOption	8	static
C:/Users/zafer/Aviora/Middleware/CycloneTcp/cyclone_tcp/core/bsd_socket_options.c:1452:7:socketSetIpv6RecvHopLimitOption	8	static
C:/Users/zafer/Aviora/Middleware/CycloneTcp/cyclone_tcp/core/bsd_socket_options.c:1508:7:socketSetTcpNoDelayOption	16	static
C:/Users/zafer/Aviora/Middleware/CycloneTcp/cyclone_tcp/core/bsd_socket_options.c:1563:7:socketSetTcpMaxSegOption	8	static
C:/Users/zafer/Aviora/Middleware/CycloneTcp/cyclone_tcp/core/bsd_socket_options.c:1607:7:socketSetTcpKeepIdleOption	8	static
C:/Users/zafer/Aviora/Middleware/CycloneTcp/cyclone_tcp/core/bsd_socket_options.c:1648:7:socketSetTcpKeepIntvlOption	8	static
C:/Users/zafer/Aviora/Middleware/CycloneTcp/cyclone_tcp/core/bsd_socket_options.c:1689:7:socketSetTcpKeepCntOption	8	static
C:/Users/zafer/Aviora/Middleware/CycloneTcp/cyclone_tcp/core/bsd_socket_options.c:1730:7:socketGetSoReuseAddrOption	8	static
C:/Users/zafer/Aviora/Middleware/CycloneTcp/cyclone_tcp/core/bsd_socket_options.c:1777:7:socketGetSoBroadcastOption	8	static
C:/Users/zafer/Aviora/Middleware/CycloneTcp/cyclone_tcp/core/bsd_socket_options.c:1824:7:socketGetSoSndTimeoOption	16	static
C:/Users/zafer/Aviora/Middleware/CycloneTcp/cyclone_tcp/core/bsd_socket_options.c:1871:7:socketGetSoRcvTimeoOption	0	static
C:/Users/zafer/Aviora/Middleware/CycloneTcp/cyclone_tcp/core/bsd_socket_options.c:1918:7:socketGetSoSndBufOption	8	static
C:/Users/zafer/Aviora/Middleware/CycloneTcp/cyclone_tcp/core/bsd_socket_options.c:1961:7:socketGetSoRcvBufOption	8	static
C:/Users/zafer/Aviora/Middleware/CycloneTcp/cyclone_tcp/core/bsd_socket_options.c:2004:7:socketGetSoKeepAliveOption	8	static
C:/Users/zafer/Aviora/Middleware/CycloneTcp/cyclone_tcp/core/bsd_socket_options.c:2045:7:socketGetSoTypeOption	8	static
C:/Users/zafer/Aviora/Middleware/CycloneTcp/cyclone_tcp/core/bsd_socket_options.c:2095:7:socketGetSoErrorOption	8	static
C:/Users/zafer/Aviora/Middleware/CycloneTcp/cyclone_tcp/core/bsd_socket_options.c:2136:7:socketGetIpTosOption	8	static
C:/Users/zafer/Aviora/Middleware/CycloneTcp/cyclone_tcp/core/bsd_socket_options.c:2180:7:socketGetIpTtlOption	8	static
C:/Users/zafer/Aviora/Middleware/CycloneTcp/cyclone_tcp/core/bsd_socket_options.c:2224:7:socketGetIpMulticastTtlOption	8	static
C:/Users/zafer/Aviora/Middleware/CycloneTcp/cyclone_tcp/core/bsd_socket_options.c:2268:7:socketGetIpMulticastLoopOption	8	static
C:/Users/zafer/Aviora/Middleware/CycloneTcp/cyclone_tcp/core/bsd_socket_options.c:2322:7:socketGetIpDontFragOption	8	static
C:/Users/zafer/Aviora/Middleware/CycloneTcp/cyclone_tcp/core/bsd_socket_options.c:2374:7:socketGetIpPktInfoOption	8	static
C:/Users/zafer/Aviora/Middleware/CycloneTcp/cyclone_tcp/core/bsd_socket_options.c:2427:7:socketGetIpRecvTosOption	8	static
C:/Users/zafer/Aviora/Middleware/CycloneTcp/cyclone_tcp/core/bsd_socket_options.c:2480:7:socketGetIpRecvTtlOption	8	static
C:/Users/zafer/Aviora/Middleware/CycloneTcp/cyclone_tcp/core/bsd_socket_options.c:2533:7:socketGetIpv6TrafficClassOption	8	static
C:/Users/zafer/Aviora/Middleware/CycloneTcp/cyclone_tcp/core/bsd_socket_options.c:2577:7:socketGetIpv6UnicastHopsOption	8	static
C:/Users/zafer/Aviora/Middleware/CycloneTcp/cyclone_tcp/core/bsd_socket_options.c:2623:7:socketGetIpv6MulticastHopsOption	8	static
C:/Users/zafer/Aviora/Middleware/CycloneTcp/cyclone_tcp/core/bsd_socket_options.c:2669:7:socketGetIpv6MulticastLoopOption	8	static
C:/Users/zafer/Aviora/Middleware/CycloneTcp/cyclone_tcp/core/bsd_socket_options.c:2722:7:socketGetIpv6OnlyOption	8	static
C:/Users/zafer/Aviora/Middleware/CycloneTcp/cyclone_tcp/core/bsd_socket_options.c:2775:7:socketGetIpv6DontFragOption	8	static
C:/Users/zafer/Aviora/Middleware/CycloneTcp/cyclone_tcp/core/bsd_socket_options.c:2829:7:socketGetIpv6PktInfoOption	8	static
C:/Users/zafer/Aviora/Middleware/CycloneTcp/cyclone_tcp/core/bsd_socket_options.c:2882:7:socketGetIpv6RecvTrafficClassOption	8	static
C:/Users/zafer/Aviora/Middleware/CycloneTcp/cyclone_tcp/core/bsd_socket_options.c:2935:7:socketGetIpv6RecvHopLimitOption	8	static
C:/Users/zafer/Aviora/Middleware/CycloneTcp/cyclone_tcp/core/bsd_socket_options.c:2988:7:socketGetTcpNoDelayOption	8	static
C:/Users/zafer/Aviora/Middleware/CycloneTcp/cyclone_tcp/core/bsd_socket_options.c:3040:7:socketGetTcpMaxSegOption	16	static
C:/Users/zafer/Aviora/Middleware/CycloneTcp/cyclone_tcp/core/bsd_socket_options.c:3096:7:socketGetTcpKeepIdleOption	8	static
C:/Users/zafer/Aviora/Middleware/CycloneTcp/cyclone_tcp/core/bsd_socket_options.c:3137:7:socketGetTcpKeepIntvlOption	8	static
C:/Users/zafer/Aviora/Middleware/CycloneTcp/cyclone_tcp/core/bsd_socket_options.c:3179:7:socketGetTcpKeepCntOption	8	static
