C:/Users/zafer/Aviora/Middleware/CycloneTcp/cyclone_tcp/core/bsd_socket.c:65:7:c_socket	8	static
C:/Users/zafer/Aviora/Middleware/CycloneTcp/cyclone_tcp/core/bsd_socket.c:107:7:c_bind	24	static
C:/Users/zafer/Aviora/Middleware/CycloneTcp/cyclone_tcp/core/bsd_socket.c:204:7:c_connect	24	static
C:/Users/zafer/Aviora/Middleware/CycloneTcp/cyclone_tcp/core/bsd_socket.c:322:7:c_listen	8	static
C:/Users/zafer/Aviora/Middleware/CycloneTcp/cyclone_tcp/core/bsd_socket.c:360:7:c_accept	40	static
C:/Users/zafer/Aviora/Middleware/CycloneTcp/cyclone_tcp/core/bsd_socket.c:459:7:c_send	32	static
C:/Users/zafer/Aviora/Middleware/CycloneTcp/cyclone_tcp/core/bsd_socket.c:535:7:c_sendto	56	static
C:/Users/zafer/Aviora/Middleware/CycloneTcp/cyclone_tcp/core/bsd_socket.c:661:7:c_sendmsg	96	static
C:/Users/zafer/Aviora/Middleware/CycloneTcp/cyclone_tcp/core/bsd_socket.c:917:7:c_recv	32	static
C:/Users/zafer/Aviora/Middleware/CycloneTcp/cyclone_tcp/core/bsd_socket.c:989:7:c_recvfrom	56	static
C:/Users/zafer/Aviora/Middleware/CycloneTcp/cyclone_tcp/core/bsd_socket.c:1115:7:c_recvmsg	96	static
C:/Users/zafer/Aviora/Middleware/CycloneTcp/cyclone_tcp/core/bsd_socket.c:1476:7:c_getsockname	16	static
C:/Users/zafer/Aviora/Middleware/CycloneTcp/cyclone_tcp/core/bsd_socket.c:1572:7:c_getpeername	16	static
C:/Users/zafer/Aviora/Middleware/CycloneTcp/cyclone_tcp/core/bsd_socket.c:1672:7:c_setsockopt	16	static
C:/Users/zafer/Aviora/Middleware/CycloneTcp/cyclone_tcp/core/bsd_socket.c:1939:7:c_getsockopt	24	static
C:/Users/zafer/Aviora/Middleware/CycloneTcp/cyclone_tcp/core/bsd_socket.c:2187:7:c_ioctlsocket	32	static
C:/Users/zafer/Aviora/Middleware/CycloneTcp/cyclone_tcp/core/bsd_socket.c:2287:7:c_fcntl	16	static
C:/Users/zafer/Aviora/Middleware/CycloneTcp/cyclone_tcp/core/bsd_socket.c:2345:7:c_shutdown	8	static
C:/Users/zafer/Aviora/Middleware/CycloneTcp/cyclone_tcp/core/bsd_socket.c:2381:7:c_closesocket	8	static
C:/Users/zafer/Aviora/Middleware/CycloneTcp/cyclone_tcp/core/bsd_socket.c:2423:7:c_select	144	static
C:/Users/zafer/Aviora/Middleware/CycloneTcp/cyclone_tcp/core/bsd_socket.c:2605:7:c_gethostname	16	static
C:/Users/zafer/Aviora/Middleware/CycloneTcp/cyclone_tcp/core/bsd_socket.c:2669:17:c_gethostbyname_r	16	static
C:/Users/zafer/Aviora/Middleware/CycloneTcp/cyclone_tcp/core/bsd_socket.c:2646:17:c_gethostbyname	24	static
C:/Users/zafer/Aviora/Middleware/CycloneTcp/cyclone_tcp/core/bsd_socket.c:2743:7:c_getaddrinfo	72	static
C:/Users/zafer/Aviora/Middleware/CycloneTcp/cyclone_tcp/core/bsd_socket.c:2983:6:c_freeaddrinfo	8	static
C:/Users/zafer/Aviora/Middleware/CycloneTcp/cyclone_tcp/core/bsd_socket.c:3012:7:c_getnameinfo	16	static
C:/Users/zafer/Aviora/Middleware/CycloneTcp/cyclone_tcp/core/bsd_socket.c:3108:11:c_inet_addr	16	static
C:/Users/zafer/Aviora/Middleware/CycloneTcp/cyclone_tcp/core/bsd_socket.c:3142:7:c_inet_aton	16	static
C:/Users/zafer/Aviora/Middleware/CycloneTcp/cyclone_tcp/core/bsd_socket.c:3177:15:c_inet_ntoa	8	static
C:/Users/zafer/Aviora/Middleware/CycloneTcp/cyclone_tcp/core/bsd_socket.c:3194:15:c_inet_ntoa_r	8	static
C:/Users/zafer/Aviora/Middleware/CycloneTcp/cyclone_tcp/core/bsd_socket.c:3222:7:c_inet_pton	16	static
C:/Users/zafer/Aviora/Middleware/CycloneTcp/cyclone_tcp/core/bsd_socket.c:3294:15:c_inet_ntop	4	static
