C:/Users/zafer/Aviora/Middleware/CycloneTcp/cyclone_tcp/core/ip.c:66:9:ipSendDatagram	8	static
C:/Users/zafer/Aviora/Middleware/CycloneTcp/cyclone_tcp/core/ip.c:117:9:ipSelectSourceAddr	0	static
C:/Users/zafer/Aviora/Middleware/CycloneTcp/cyclone_tcp/core/ip.c:165:8:ipIsUnspecifiedAddr	0	static
C:/Users/zafer/Aviora/Middleware/CycloneTcp/cyclone_tcp/core/ip.c:210:8:ipIsLinkLocalAddr	0	static
C:/Users/zafer/Aviora/Middleware/CycloneTcp/cyclone_tcp/core/ip.c:248:8:ipIsMulticastAddr	0	static
C:/Users/zafer/Aviora/Middleware/CycloneTcp/cyclone_tcp/core/ip.c:286:8:ipIsBroadcastAddr	0	static
C:/Users/zafer/Aviora/Middleware/CycloneTcp/cyclone_tcp/core/ip.c:315:8:ipCompAddr	0	static
C:/Users/zafer/Aviora/Middleware/CycloneTcp/cyclone_tcp/core/ip.c:368:8:ipCompPrefix	0	static
C:/Users/zafer/Aviora/Middleware/CycloneTcp/cyclone_tcp/core/ip.c:408:9:ipJoinMulticastGroup	8	static
C:/Users/zafer/Aviora/Middleware/CycloneTcp/cyclone_tcp/core/ip.c:454:9:ipLeaveMulticastGroup	8	static
C:/Users/zafer/Aviora/Middleware/CycloneTcp/cyclone_tcp/core/ip.c:499:10:ipCalcChecksum	20	static
C:/Users/zafer/Aviora/Middleware/CycloneTcp/cyclone_tcp/core/ip.c:619:10:ipCalcChecksumEx	40	static
C:/Users/zafer/Aviora/Middleware/CycloneTcp/cyclone_tcp/core/ip.c:692:10:ipCalcUpperLayerChecksum	16	static
C:/Users/zafer/Aviora/Middleware/CycloneTcp/cyclone_tcp/core/ip.c:719:10:ipCalcUpperLayerChecksumEx	16	static
C:/Users/zafer/Aviora/Middleware/CycloneTcp/cyclone_tcp/core/ip.c:744:12:ipAllocBuffer	8	static
C:/Users/zafer/Aviora/Middleware/CycloneTcp/cyclone_tcp/core/ip.c:794:9:ipStringToAddr	16	static
C:/Users/zafer/Aviora/Middleware/CycloneTcp/cyclone_tcp/core/ip.c:838:9:ipAddrToString	0	static
