C:/Users/zafer/Aviora/Middleware/CycloneTcp/cyclone_tcp/core/net.c:1538:6:netTaskEx	32	static
C:/Users/zafer/Aviora/Middleware/CycloneTcp/cyclone_tcp/core/net.c:83:6:netGetDefaultSettings	8	static
C:/Users/zafer/Aviora/Middleware/CycloneTcp/cyclone_tcp/core/net.c:129:9:netInitEx	16	static
C:/Users/zafer/Aviora/Middleware/CycloneTcp/cyclone_tcp/core/net.c:311:9:netStart	8	static
C:/Users/zafer/Aviora/Middleware/CycloneTcp/cyclone_tcp/core/net.c:99:9:netInit	24	static
C:/Users/zafer/Aviora/Middleware/CycloneTcp/cyclone_tcp/core/net.c:338:9:netSeedRand	16	static
C:/Users/zafer/Aviora/Middleware/CycloneTcp/cyclone_tcp/core/net.c:385:10:netGetRand	16	static
C:/Users/zafer/Aviora/Middleware/CycloneTcp/cyclone_tcp/core/net.c:416:10:netGetRandRange	16	static
C:/Users/zafer/Aviora/Middleware/CycloneTcp/cyclone_tcp/core/net.c:446:6:netGetRandData	16	static
C:/Users/zafer/Aviora/Middleware/CycloneTcp/cyclone_tcp/core/net.c:470:15:netGetDefaultInterface	0	static
C:/Users/zafer/Aviora/Middleware/CycloneTcp/cyclone_tcp/core/net.c:484:9:netSetMacAddr	16	static
C:/Users/zafer/Aviora/Middleware/CycloneTcp/cyclone_tcp/core/net.c:519:9:netGetMacAddr	16	static
C:/Users/zafer/Aviora/Middleware/CycloneTcp/cyclone_tcp/core/net.c:556:9:netSetEui64	16	static
C:/Users/zafer/Aviora/Middleware/CycloneTcp/cyclone_tcp/core/net.c:581:9:netGetEui64	16	static
C:/Users/zafer/Aviora/Middleware/CycloneTcp/cyclone_tcp/core/net.c:613:9:netSetInterfaceId	16	static
C:/Users/zafer/Aviora/Middleware/CycloneTcp/cyclone_tcp/core/net.c:638:9:netSetInterfaceName	16	static
C:/Users/zafer/Aviora/Middleware/CycloneTcp/cyclone_tcp/core/net.c:667:9:netSetHostname	16	static
C:/Users/zafer/Aviora/Middleware/CycloneTcp/cyclone_tcp/core/net.c:696:9:netSetVlanId	0	static
C:/Users/zafer/Aviora/Middleware/CycloneTcp/cyclone_tcp/core/net.c:730:9:netSetVmanId	0	static
C:/Users/zafer/Aviora/Middleware/CycloneTcp/cyclone_tcp/core/net.c:765:9:netSetParentInterface	0	static
C:/Users/zafer/Aviora/Middleware/CycloneTcp/cyclone_tcp/core/net.c:797:9:netSetDriver	16	static
C:/Users/zafer/Aviora/Middleware/CycloneTcp/cyclone_tcp/core/net.c:822:9:netSetPhyDriver	16	static
C:/Users/zafer/Aviora/Middleware/CycloneTcp/cyclone_tcp/core/net.c:852:9:netSetPhyAddr	16	static
C:/Users/zafer/Aviora/Middleware/CycloneTcp/cyclone_tcp/core/net.c:886:9:netSetSwitchDriver	16	static
C:/Users/zafer/Aviora/Middleware/CycloneTcp/cyclone_tcp/core/net.c:916:9:netSetSwitchPort	0	static
C:/Users/zafer/Aviora/Middleware/CycloneTcp/cyclone_tcp/core/net.c:946:9:netSetSmiDriver	16	static
C:/Users/zafer/Aviora/Middleware/CycloneTcp/cyclone_tcp/core/net.c:976:9:netSetSpiDriver	16	static
C:/Users/zafer/Aviora/Middleware/CycloneTcp/cyclone_tcp/core/net.c:1001:9:netSetUartDriver	16	static
C:/Users/zafer/Aviora/Middleware/CycloneTcp/cyclone_tcp/core/net.c:1026:9:netSetExtIntDriver	16	static
C:/Users/zafer/Aviora/Middleware/CycloneTcp/cyclone_tcp/core/net.c:1051:9:netSetLinkState	16	static
C:/Users/zafer/Aviora/Middleware/CycloneTcp/cyclone_tcp/core/net.c:1083:8:netGetLinkState	8	static
C:/Users/zafer/Aviora/Middleware/CycloneTcp/cyclone_tcp/core/net.c:1114:8:netGetLinkSpeed	8	static
C:/Users/zafer/Aviora/Middleware/CycloneTcp/cyclone_tcp/core/net.c:1145:15:netGetDuplexMode	8	static
C:/Users/zafer/Aviora/Middleware/CycloneTcp/cyclone_tcp/core/net.c:1177:9:netEnablePromiscuousMode	16	static
C:/Users/zafer/Aviora/Middleware/CycloneTcp/cyclone_tcp/core/net.c:1203:9:netConfigInterface	16	static
C:/Users/zafer/Aviora/Middleware/CycloneTcp/cyclone_tcp/core/net.c:1391:9:netStartInterface	16	static
C:/Users/zafer/Aviora/Middleware/CycloneTcp/cyclone_tcp/core/net.c:1471:9:netStopInterface	16	static
C:/Users/zafer/Aviora/Middleware/CycloneTcp/cyclone_tcp/core/net.c:1527:6:netTask	8	static
