C:/Users/zafer/Aviora/Middleware/CycloneTcp/cyclone_tcp/core/net_misc.c:127:9:netAttachLinkChangeCallback	16	static
C:/Users/zafer/Aviora/Middleware/CycloneTcp/cyclone_tcp/core/net_misc.c:165:9:netDetachLinkChangeCallback	12	static
C:/Users/zafer/Aviora/Middleware/CycloneTcp/cyclone_tcp/core/net_misc.c:198:6:netProcessLinkChange	16	static
C:/Users/zafer/Aviora/Middleware/CycloneTcp/cyclone_tcp/core/net_misc.c:344:9:netAttachTimerCallback	20	static
C:/Users/zafer/Aviora/Middleware/CycloneTcp/cyclone_tcp/core/net_misc.c:382:9:netDetachTimerCallback	12	static
C:/Users/zafer/Aviora/Middleware/CycloneTcp/cyclone_tcp/core/net_misc.c:413:6:netTick	16	static
C:/Users/zafer/Aviora/Middleware/CycloneTcp/cyclone_tcp/core/net_misc.c:763:6:netStartTimer	16	static
C:/Users/zafer/Aviora/Middleware/CycloneTcp/cyclone_tcp/core/net_misc.c:777:6:netStopTimer	0	static
C:/Users/zafer/Aviora/Middleware/CycloneTcp/cyclone_tcp/core/net_misc.c:790:8:netTimerRunning	0	static
C:/Users/zafer/Aviora/Middleware/CycloneTcp/cyclone_tcp/core/net_misc.c:803:8:netTimerExpired	8	static
C:/Users/zafer/Aviora/Middleware/CycloneTcp/cyclone_tcp/core/net_misc.c:969:10:netGenerateRandBit	20	static
C:/Users/zafer/Aviora/Middleware/CycloneTcp/cyclone_tcp/core/net_misc.c:832:6:netInitRand	32	static
C:/Users/zafer/Aviora/Middleware/CycloneTcp/cyclone_tcp/core/net_misc.c:888:10:netGenerateRand	16	static
C:/Users/zafer/Aviora/Middleware/CycloneTcp/cyclone_tcp/core/net_misc.c:914:10:netGenerateRandRange	16	static
C:/Users/zafer/Aviora/Middleware/CycloneTcp/cyclone_tcp/core/net_misc.c:941:6:netGenerateRandData	24	static
