C:/Users/zafer/Aviora/Middleware/CycloneTcp/cyclone_tcp/core/net_mem.c:70:9:memPoolInit	0	static
C:/Users/zafer/Aviora/Middleware/CycloneTcp/cyclone_tcp/core/net_mem.c:100:7:memPoolAlloc	8	static
C:/Users/zafer/Aviora/Middleware/CycloneTcp/cyclone_tcp/core/net_mem.c:166:6:memPoolFree	0	static
C:/Users/zafer/Aviora/Middleware/CycloneTcp/cyclone_tcp/core/net_mem.c:207:6:memPoolGetStats	0	static
C:/Users/zafer/Aviora/Middleware/CycloneTcp/cyclone_tcp/core/net_mem.c:297:8:netBufferGetLength	8	static
C:/Users/zafer/Aviora/Middleware/CycloneTcp/cyclone_tcp/core/net_mem.c:322:9:netBufferSetLength	24	static
C:/Users/zafer/Aviora/Middleware/CycloneTcp/cyclone_tcp/core/net_mem.c:282:6:netBufferFree	8	static
C:/Users/zafer/Aviora/Middleware/CycloneTcp/cyclone_tcp/core/net_mem.c:243:12:netBufferAlloc	16	static
C:/Users/zafer/Aviora/Middleware/CycloneTcp/cyclone_tcp/core/net_mem.c:415:7:netBufferAt	12	static
C:/Users/zafer/Aviora/Middleware/CycloneTcp/cyclone_tcp/core/net_mem.c:444:9:netBufferConcat	24	static
C:/Users/zafer/Aviora/Middleware/CycloneTcp/cyclone_tcp/core/net_mem.c:506:9:netBufferCopy	48	static
C:/Users/zafer/Aviora/Middleware/CycloneTcp/cyclone_tcp/core/net_mem.c:588:9:netBufferAppend	12	static
C:/Users/zafer/Aviora/Middleware/CycloneTcp/cyclone_tcp/core/net_mem.c:621:8:netBufferWrite	32	static
C:/Users/zafer/Aviora/Middleware/CycloneTcp/cyclone_tcp/core/net_mem.c:674:8:netBufferRead	32	static
