C:/Users/zafer/Aviora/Middleware/CycloneTcp/cyclone_tcp/core/nic.c:52:15:nicGetLogicalInterface	0	static
C:/Users/zafer/Aviora/Middleware/CycloneTcp/cyclone_tcp/core/nic.c:84:15:nicGetPhysicalInterface	0	static
C:/Users/zafer/Aviora/Middleware/CycloneTcp/cyclone_tcp/core/nic.c:113:9:nicGetSwitchPort	0	static
C:/Users/zafer/Aviora/Middleware/CycloneTcp/cyclone_tcp/core/nic.c:144:10:nicGetVlanId	0	static
C:/Users/zafer/Aviora/Middleware/CycloneTcp/cyclone_tcp/core/nic.c:175:10:nicGetVmanId	0	static
C:/Users/zafer/Aviora/Middleware/CycloneTcp/cyclone_tcp/core/nic.c:207:8:nicIsParentInterface	0	static
C:/Users/zafer/Aviora/Middleware/CycloneTcp/cyclone_tcp/core/nic.c:250:6:nicTick	8	static
C:/Users/zafer/Aviora/Middleware/CycloneTcp/cyclone_tcp/core/nic.c:280:9:nicSendPacket	24	static
C:/Users/zafer/Aviora/Middleware/CycloneTcp/cyclone_tcp/core/nic.c:352:9:nicUpdateMacAddrFilter	16	static
C:/Users/zafer/Aviora/Middleware/CycloneTcp/cyclone_tcp/core/nic.c:391:6:nicProcessPacket	24	static
C:/Users/zafer/Aviora/Middleware/CycloneTcp/cyclone_tcp/core/nic.c:548:6:nicNotifyLinkChange	8	static
