C:/Users/zafer/Aviora/Middleware/CycloneTcp/cyclone_tcp/core/socket.c:85:9:socketInit	24	static
C:/Users/zafer/Aviora/Middleware/CycloneTcp/cyclone_tcp/core/socket.c:125:9:socketOpen	16	static
C:/Users/zafer/Aviora/Middleware/CycloneTcp/cyclone_tcp/core/socket.c:148:9:socketSetTimeout	16	static
C:/Users/zafer/Aviora/Middleware/CycloneTcp/cyclone_tcp/core/socket.c:173:9:socketSetTtl	16	static
C:/Users/zafer/Aviora/Middleware/CycloneTcp/cyclone_tcp/core/socket.c:198:9:socketSetMulticastTtl	16	static
C:/Users/zafer/Aviora/Middleware/CycloneTcp/cyclone_tcp/core/socket.c:223:9:socketSetDscp	16	static
C:/Users/zafer/Aviora/Middleware/CycloneTcp/cyclone_tcp/core/socket.c:252:9:socketSetVlanPcp	0	static
C:/Users/zafer/Aviora/Middleware/CycloneTcp/cyclone_tcp/core/socket.c:289:9:socketSetVlanDei	0	static
C:/Users/zafer/Aviora/Middleware/CycloneTcp/cyclone_tcp/core/socket.c:322:9:socketSetVmanPcp	0	static
C:/Users/zafer/Aviora/Middleware/CycloneTcp/cyclone_tcp/core/socket.c:359:9:socketSetVmanDei	0	static
C:/Users/zafer/Aviora/Middleware/CycloneTcp/cyclone_tcp/core/socket.c:392:9:socketEnableBroadcast	16	static
C:/Users/zafer/Aviora/Middleware/CycloneTcp/cyclone_tcp/core/socket.c:426:9:socketJoinMulticastGroup	16	static
C:/Users/zafer/Aviora/Middleware/CycloneTcp/cyclone_tcp/core/socket.c:496:9:socketLeaveMulticastGroup	16	static
C:/Users/zafer/Aviora/Middleware/CycloneTcp/cyclone_tcp/core/socket.c:535:9:socketEnableKeepAlive	0	static
C:/Users/zafer/Aviora/Middleware/CycloneTcp/cyclone_tcp/core/socket.c:584:9:socketSetKeepAliveParams	0	static
C:/Users/zafer/Aviora/Middleware/CycloneTcp/cyclone_tcp/core/socket.c:626:9:socketSetMaxSegmentSize	16	static
C:/Users/zafer/Aviora/Middleware/CycloneTcp/cyclone_tcp/core/socket.c:663:9:socketSetTxBufferSize	16	static
C:/Users/zafer/Aviora/Middleware/CycloneTcp/cyclone_tcp/core/socket.c:699:9:socketSetRxBufferSize	16	static
C:/Users/zafer/Aviora/Middleware/CycloneTcp/cyclone_tcp/core/socket.c:735:9:socketSetInterface	0	static
C:/Users/zafer/Aviora/Middleware/CycloneTcp/cyclone_tcp/core/socket.c:755:15:socketGetInterface	0	static
C:/Users/zafer/Aviora/Middleware/CycloneTcp/cyclone_tcp/core/socket.c:778:9:socketBind	8	static
C:/Users/zafer/Aviora/Middleware/CycloneTcp/cyclone_tcp/core/socket.c:811:9:socketConnect	16	static
C:/Users/zafer/Aviora/Middleware/CycloneTcp/cyclone_tcp/core/socket.c:875:9:socketListen	16	static
C:/Users/zafer/Aviora/Middleware/CycloneTcp/cyclone_tcp/core/socket.c:912:9:socketAccept	0	static
C:/Users/zafer/Aviora/Middleware/CycloneTcp/cyclone_tcp/core/socket.c:967:9:socketSendTo	112	static
C:/Users/zafer/Aviora/Middleware/CycloneTcp/cyclone_tcp/core/socket.c:946:9:socketSend	32	static
C:/Users/zafer/Aviora/Middleware/CycloneTcp/cyclone_tcp/core/socket.c:1094:9:socketSendMsg	16	static
C:/Users/zafer/Aviora/Middleware/CycloneTcp/cyclone_tcp/core/socket.c:1196:9:socketReceiveEx	120	static
C:/Users/zafer/Aviora/Middleware/CycloneTcp/cyclone_tcp/core/socket.c:1152:9:socketReceive	24	static
C:/Users/zafer/Aviora/Middleware/CycloneTcp/cyclone_tcp/core/socket.c:1174:9:socketReceiveFrom	24	static
C:/Users/zafer/Aviora/Middleware/CycloneTcp/cyclone_tcp/core/socket.c:1354:9:socketReceiveMsg	16	static
C:/Users/zafer/Aviora/Middleware/CycloneTcp/cyclone_tcp/core/socket.c:1413:9:socketGetLocalAddr	8	static
C:/Users/zafer/Aviora/Middleware/CycloneTcp/cyclone_tcp/core/socket.c:1445:9:socketGetRemoteAddr	8	static
C:/Users/zafer/Aviora/Middleware/CycloneTcp/cyclone_tcp/core/socket.c:1480:9:socketShutdown	16	static
C:/Users/zafer/Aviora/Middleware/CycloneTcp/cyclone_tcp/core/socket.c:1517:6:socketClose	16	static
C:/Users/zafer/Aviora/Middleware/CycloneTcp/cyclone_tcp/core/socket.c:1592:9:socketPoll	128	static
C:/Users/zafer/Aviora/Middleware/CycloneTcp/cyclone_tcp/core/socket.c:1717:9:gethostbyname_cylone	24	static
