C:/Users/zafer/Aviora/Middleware/CycloneTcp/cyclone_tcp/core/tcp_misc.c:404:9:tcpRejectSegment	96	static
C:/Users/zafer/Aviora/Middleware/CycloneTcp/cyclone_tcp/core/tcp_misc.c:554:9:tcpAddOption	24	static
C:/Users/zafer/Aviora/Middleware/CycloneTcp/cyclone_tcp/core/tcp_misc.c:617:18:tcpGetOption	16	static
C:/Users/zafer/Aviora/Middleware/CycloneTcp/cyclone_tcp/core/tcp_misc.c:683:10:tcpGenerateInitialSeqNum	0	static
C:/Users/zafer/Aviora/Middleware/CycloneTcp/cyclone_tcp/core/tcp_misc.c:1058:8:tcpIsDuplicateSyn	12	static
C:/Users/zafer/Aviora/Middleware/CycloneTcp/cyclone_tcp/core/tcp_misc.c:1134:8:tcpIsDuplicateAck	8	static
C:/Users/zafer/Aviora/Middleware/CycloneTcp/cyclone_tcp/core/tcp_misc.c:1392:6:tcpUpdateRetransmitQueue	32	static
C:/Users/zafer/Aviora/Middleware/CycloneTcp/cyclone_tcp/core/tcp_misc.c:1474:6:tcpFlushRetransmitQueue	16	static
C:/Users/zafer/Aviora/Middleware/CycloneTcp/cyclone_tcp/core/tcp_misc.c:1503:6:tcpFlushSynQueue	16	static
C:/Users/zafer/Aviora/Middleware/CycloneTcp/cyclone_tcp/core/tcp_misc.c:1371:6:tcpDeleteControlBlock	8	static
C:/Users/zafer/Aviora/Middleware/CycloneTcp/cyclone_tcp/core/tcp_misc.c:1531:6:tcpUpdateSackBlocks	32	static
C:/Users/zafer/Aviora/Middleware/CycloneTcp/cyclone_tcp/core/tcp_misc.c:1586:6:tcpUpdateSendWindow	16	static
C:/Users/zafer/Aviora/Middleware/CycloneTcp/cyclone_tcp/core/tcp_misc.c:1675:8:tcpComputeRto	16	static
C:/Users/zafer/Aviora/Middleware/CycloneTcp/cyclone_tcp/core/tcp_misc.c:2052:6:tcpUpdateEvents	24	static
C:/Users/zafer/Aviora/Middleware/CycloneTcp/cyclone_tcp/core/tcp_misc.c:2021:6:tcpChangeState	0	static
C:/Users/zafer/Aviora/Middleware/CycloneTcp/cyclone_tcp/core/tcp_misc.c:2200:8:tcpWaitForEvents	16	static
C:/Users/zafer/Aviora/Middleware/CycloneTcp/cyclone_tcp/core/tcp_misc.c:2238:6:tcpWriteTxBuffer	24	static
C:/Users/zafer/Aviora/Middleware/CycloneTcp/cyclone_tcp/core/tcp_misc.c:2274:9:tcpReadTxBuffer	24	static
C:/Users/zafer/Aviora/Middleware/CycloneTcp/cyclone_tcp/core/tcp_misc.c:68:9:tcpSendSegment	104	static
C:/Users/zafer/Aviora/Middleware/CycloneTcp/cyclone_tcp/core/tcp_misc.c:371:9:tcpSendResetSegment	16	static
C:/Users/zafer/Aviora/Middleware/CycloneTcp/cyclone_tcp/core/tcp_misc.c:719:9:tcpCheckSeqNum	24	static
C:/Users/zafer/Aviora/Middleware/CycloneTcp/cyclone_tcp/core/tcp_misc.c:810:9:tcpCheckSyn	24	static
C:/Users/zafer/Aviora/Middleware/CycloneTcp/cyclone_tcp/core/tcp_misc.c:1636:6:tcpUpdateReceiveWindow	24	static
C:/Users/zafer/Aviora/Middleware/CycloneTcp/cyclone_tcp/core/tcp_misc.c:1900:9:tcpNagleAlgo	48	static
C:/Users/zafer/Aviora/Middleware/CycloneTcp/cyclone_tcp/core/tcp_misc.c:1744:9:tcpRetransmitSegment	80	static
C:/Users/zafer/Aviora/Middleware/CycloneTcp/cyclone_tcp/core/tcp_misc.c:1177:6:tcpFastRetransmit	8	static
C:/Users/zafer/Aviora/Middleware/CycloneTcp/cyclone_tcp/core/tcp_misc.c:1216:6:tcpFastRecovery	16	static
C:/Users/zafer/Aviora/Middleware/CycloneTcp/cyclone_tcp/core/tcp_misc.c:1265:6:tcpFastLossRecovery	8	static
C:/Users/zafer/Aviora/Middleware/CycloneTcp/cyclone_tcp/core/tcp_misc.c:844:9:tcpCheckAck	32	static
C:/Users/zafer/Aviora/Middleware/CycloneTcp/cyclone_tcp/core/tcp_misc.c:2318:6:tcpWriteRxBuffer	40	static
C:/Users/zafer/Aviora/Middleware/CycloneTcp/cyclone_tcp/core/tcp_misc.c:1303:6:tcpProcessSegmentData	32	static
C:/Users/zafer/Aviora/Middleware/CycloneTcp/cyclone_tcp/core/tcp_misc.c:2353:6:tcpReadRxBuffer	24	static
C:/Users/zafer/Aviora/Middleware/CycloneTcp/cyclone_tcp/core/tcp_misc.c:2388:6:tcpDumpHeader	0	static
