C:/Users/zafer/Aviora/Middleware/CycloneTcp/cyclone_tcp/core/tcp_timer.c:96:6:tcpCheckRetransmitTimer	16	static
C:/Users/zafer/Aviora/Middleware/CycloneTcp/cyclone_tcp/core/tcp_timer.c:183:6:tcpCheckPersistTimer	24	static
C:/Users/zafer/Aviora/Middleware/CycloneTcp/cyclone_tcp/core/tcp_timer.c:240:6:tcpCheckKeepAliveTimer	0	static
C:/Users/zafer/Aviora/Middleware/CycloneTcp/cyclone_tcp/core/tcp_timer.c:320:6:tcpCheckOverrideTimer	32	static
C:/Users/zafer/Aviora/Middleware/CycloneTcp/cyclone_tcp/core/tcp_timer.c:393:6:tcpCheckFinWait2Timer	8	static
C:/Users/zafer/Aviora/Middleware/CycloneTcp/cyclone_tcp/core/tcp_timer.c:419:6:tcpCheckTimeWaitTimer	16	static
C:/Users/zafer/Aviora/Middleware/CycloneTcp/cyclone_tcp/core/tcp_timer.c:56:6:tcpTick	16	static
